W/Zygote  (   93): Class not found for preloading: android.text.TextDirectionHeuristics$CharCount
I/dalvikvm(   93): threadid=1: recursive native library load attempt (/system/lib/libwebcore.so)
D/dalvikvm(   93): No JNI_OnLoad found in /system/lib/libchromium_net.so 0x0, skipping init
W/Zygote  (   93): Class not found for preloading: android.widget.EdgeGlow
W/Zygote  (   93): Class not found for preloading: android.widget.EdgeGlow
D/PHONESERVER(  140): async_symlink finished /dev/pts/2 /dev/CHNPTY1
D/PHONESERVER(  140): chnmng_find_buffer!
D/PHONESERVER(  140): CHNMNG:to open /dev/ptmx !
D/PHONESERVER(  140): CHNMNG:/dev/ptmx opened!
D/PHONESERVER(  140): CHNMNG:/dev/ptmx opened rett=0 ptn=3!
D/PHONESERVER(  140): CHNMNG get pty OK mpty=41!
D/PHONESERVER(  140): async_symlink /dev/pts/3 /dev/CHNPTY2
E/PhonePolicy(   93): Could not preload class for phone policy: com.android.internal.policy.impl.PhoneWindow$ContextMenuCallback
D/dalvikvm(   93): GC_FOR_ALLOC freed 383K, 4% free 10819K/11203K, paused 27ms
D/PHONESERVER(  140): async_symlink finished /dev/pts/3 /dev/CHNPTY2
D/PHONESERVER(  140): chnmng_find_buffer!
D/PHONESERVER(  140): CHNMNG:to open /dev/ptmx !
D/PHONESERVER(  140): CHNMNG:/dev/ptmx opened!
D/PHONESERVER(  140): CHNMNG:/dev/ptmx opened rett=0 ptn=4!
D/PHONESERVER(  140): CHNMNG get pty OK mpty=43!
D/PHONESERVER(  140): async_symlink /dev/pts/4 /dev/CHNPTY3
I/System  (   93): Loaded time zone names for  in 544ms (539ms in ICU)
E/DataRouter(   85): After the usb select 
E/DataRouter(   85): read usb data[len:5]
E/DataRouter(   85): read usb data message:~
E/DataRouter(   85): Before the usb select 
E/SMD     (   87): ***Received data notification[DR->SMD]***
E/SMD     (   87): Path set is DATA_PATH_DR_SMD_MANAGER
I/System  (   93): Loaded time zone names for en_US in 423ms (409ms in ICU)
I/System  (   93): Loaded time zone names for zh_CN in 451ms (446ms in ICU)
D/PHONESERVER(  140): async_symlink finished /dev/pts/4 /dev/CHNPTY3
D/PHONESERVER(  140): chnmng_find_buffer!
D/PHONESERVER(  140): CHNMNG:to open /dev/ptmx !
D/PHONESERVER(  140): CHNMNG:/dev/ptmx opened!
D/PHONESERVER(  140): CHNMNG:/dev/ptmx opened rett=0 ptn=5!
D/PHONESERVER(  140): CHNMNG get pty OK mpty=45!
D/PHONESERVER(  140): async_symlink /dev/pts/5 /dev/CHNPTY12
D/dalvikvm(   93): GC_FOR_ALLOC freed 1260K, 10% free 11606K/12867K, paused 31ms
I/Zygote  (   93): ...preloaded 4598 classes in 5257ms.
I/Zygote  (   93): !@EndofpreloadClasses()
D/dalvikvm(   93): GC_EXPLICIT freed 70K, 10% free 11623K/12867K, paused 2ms+3ms
D/dalvikvm(   93): GC_EXPLICIT freed 26K, 10% free 11597K/12867K, paused 2ms+3ms
D/dalvikvm(   93): GC_EXPLICIT freed <1K, 10% free 11597K/12867K, paused 2ms+3ms
I/dalvikvm(   93): System server process 251 has been created
I/Zygote  (   93): Accepting command socket connections
E/BootTime(  251): Exiting Thread
E/BootTime(  251): java.lang.ArrayIndexOutOfBoundsException: length=56; index=57
E/BootTime(  251): 	at com.android.server.pm.PackageManagerService$1.run(PackageManagerService.java:640)
E/BootTime(  251): 	at java.lang.Thread.run(Thread.java:856)
I/sysproc (  251): !@beginofsystem_init1()
I/sysproc (  251): Entered system_init()
I/sysproc (  251): ServiceManager: 0x2043000
D/SensorService(  251): nuSensorService starting...
D/PHONESERVER(  140): async_symlink finished /dev/pts/5 /dev/CHNPTY12
D/PHONESERVER(  140): chnmng_find_buffer!
D/PHONESERVER(  140): CHNMNG:to open /dev/ptmx !
D/PHONESERVER(  140): CHNMNG:/dev/ptmx opened!
D/PHONESERVER(  140): CHNMNG:/dev/ptmx opened rett=0 ptn=6!
D/PHONESERVER(  140): CHNMNG get pty OK mpty=47!
D/PHONESERVER(  140): async_symlink /dev/pts/6 /dev/CHNPTY13
I/SensorService(  251): BMA222E / KXTJ2 Acceleration Sensor
I/SensorService(  251): GP2A_PROX
I/RemoteDesktopService(  251): RemoteDesktopService started (pid=251)
I/sysproc (  251): System server: starting Android runtime.
I/sysproc (  251): System server: starting Android services.
I/sysproc (  251): !@endofsystem_init1()
I/SystemServer(  251): Entered the Android system server!
D/SensorService(  251): nuSensorService thread starting...
I/sysproc (  251): System server: entering thread pool.
I/SystemServer(  251): !@SystemServer Thread begins...
I/SystemServer(  251): Entropy Service
I/SystemServer(  251): Power Manager
I/SystemServer(  251): Activity Manager
I/ActivityManager(  251): Memory class: 64
W/UsageStats(  251): Usage stats version changed; dropping
D/dalvikvm(  251): GC_CONCURRENT freed 155K, 11% free 11944K/13383K, paused 3ms+2ms
I/SystemServer(  251): Telephony Registry
D/TelephonyRegistry(  251): Block apn list: []
I/SystemServer(  251): Package Manager
I/SystemServer(  251): !@beginofPackageManager
D/dalvikvm(  251): GC_CONCURRENT freed 474K, 13% free 12025K/13767K, paused 2ms+2ms
D/dalvikvm(  251): GC_FOR_ALLOC freed 406K, 14% free 11972K/13831K, paused 15ms
W/PackageManager(  251): Library not found: /system/framework/com.samsung.ims.jar
W/PackageManager(  251): Library not found: /system/framework/com.samsung.commonimsinterface.jar
D/PHONESERVER(  140): async_symlink finished /dev/pts/6 /dev/CHNPTY13
D/PHONESERVER(  140): chnmng_find_buffer!
D/PHONESERVER(  140): chnmng_mux thread: policy=0!
D/PHONESERVER(  140): chnmng_mux thread: policy=0!
D/PHONESERVER(  140): chnmng_mux thread: policy=0!
D/PHONESERVER(  140): chnmng_mux thread: policy=0!
D/PHONESERVER(  140): chnmng_mux thread: policy=0!
D/PHONESERVER(  140): chnmng_mux thread: policy=0!
D/PHONESERVER(  140): chnmng_mux thread: policy=0!
D/PHONESERVER(  140): chnmng_mux thread: policy=0!
D/PHONESERVER(  140): chnmng_mux thread: policy=0!
D/PHONESERVER(  140): chnmng_mux thread: policy=0!
D/PHONESERVER(  140): chnmng_pty thread: policy=0!
D/PHONESERVER(  140): chnmng_pty thread: policy=0!
D/PHONESERVER(  140): chnmng_pty thread: policy=0!
D/PHONESERVER(  140): chnmng_pty thread: policy=0!
D/PHONESERVER(  140): chnmng_pty thread: policy=0!
D/PHONESERVER(  140): chnmng_pty thread: policy=0!
D/PHONESERVER(  140): Send thread's TID [290] enter send data thread :pty=/dev/CHNPTY0
D/PHONESERVER(  140): Send thread's TID [291] enter send data thread :pty=/dev/CHNPTY1
D/PHONESERVER(  140): Send thread's TID [292] enter send data thread :pty=/dev/CHNPTY2
D/PHONESERVER(  140): Send thread's TID [293] enter send data thread :pty=/dev/CHNPTY3
D/PHONESERVER(  140): Send thread's TID [294] enter send data thread :pty=/dev/CHNPTY12
D/PHONESERVER(  140): Send thread's TID [295] enter send data thread :pty=/dev/CHNPTY13
D/PHONESERVER(  140): Receive thread's TID [289] CHMNG: enter receive data thread :mux=/dev/ts0710mux10
D/PHONESERVER(  140): Receive thread's TID [289] MUX :/dev/ts0710mux10 Waiting for resp  
D/PHONESERVER(  140): Receive thread's TID [288] CHMNG: enter receive data thread :mux=/dev/ts0710mux9
D/PHONESERVER(  140): Receive thread's TID [288] MUX :/dev/ts0710mux9 Waiting for resp  
D/PHONESERVER(  140): Receive thread's TID [287] CHMNG: enter receive data thread :mux=/dev/ts0710mux8
D/PHONESERVER(  140): Receive thread's TID [287] MUX :/dev/ts0710mux8 Waiting for resp  
D/PHONESERVER(  140): Receive thread's TID [286] CHMNG: enter receive data thread :mux=/dev/ts0710mux7
D/PHONESERVER(  140): Receive thread's TID [286] MUX :/dev/ts0710mux7 Waiting for resp  
D/PHONESERVER(  140): Receive thread's TID [285] CHMNG: enter receive data thread :mux=/dev/ts0710mux6
D/PHONESERVER(  140): Receive thread's TID [285] MUX :/dev/ts0710mux6 Waiting for resp  
D/PHONESERVER(  140): Receive thread's TID [284] CHMNG: enter receive data thread :mux=/dev/ts0710mux5
D/PHONESERVER(  140): Receive thread's TID [284] MUX :/dev/ts0710mux5 Waiting for resp  
D/PHONESERVER(  140): Receive thread's TID [283] CHMNG: enter receive data thread :mux=/dev/ts0710mux4
D/PHONESERVER(  140): Receive thread's TID [283] MUX :/dev/ts0710mux4 Waiting for resp  
D/PHONESERVER(  140): Receive thread's TID [282] CHMNG: enter receive data thread :mux=/dev/ts0710mux3
D/PHONESERVER(  140): Receive thread's TID [282] MUX :/dev/ts0710mux3 Waiting for resp  
D/PHONESERVER(  140): Receive thread's TID [281] CHMNG: enter receive data thread :mux=/dev/ts0710mux2
D/PHONESERVER(  140): Receive thread's TID [281] MUX :/dev/ts0710mux2 Waiting for resp  
D/PHONESERVER(  140): Receive thread's TID [280] CHMNG: enter receive data thread :mux=/dev/ts0710mux1
D/PHONESERVER(  140): Receive thread's TID [280] MUX :/dev/ts0710mux1 Waiting for resp  
I/dalvikvm(  251): Zip is good, but no classes.dex inside, and no .odex file in the same directory
W/PackageManager(  251): Exception reading jar: /system/framework/twframework-res.apk
W/PackageManager(  251): java.io.IOException: /system/framework/twframework-res.apk
W/PackageManager(  251): 	at dalvik.system.DexFile.isDexOptNeeded(Native Method)
W/PackageManager(  251): 	at com.android.server.pm.PackageManagerService.<init>(PackageManagerService.java:1321)
W/PackageManager(  251): 	at com.android.server.pm.PackageManagerService.main(PackageManagerService.java:1110)
W/PackageManager(  251): 	at com.android.server.ServerThread.run(SystemServer.java:220)
I/BootTime(  251): Fail Safe scanning for:|XXXXXX|XXXXXXXXX|XXXXXXXXXXXXXXXXX
I/BootTime(  251): Fail Safe scanning for:|XXXXXX|XXXXXXXXX|XXXXXXXXXXXXXXXXXXX
D/dalvikvm(  251): GC_CONCURRENT freed 704K, 14% free 12281K/14279K, paused 3ms+2ms
I/PackageManager(  251): |XXXXXX|XXXXXXXXX|XXXXXXXXXXXXXXXXXXX changed; collecting certs
D/dalvikvm(  251): GC_CONCURRENT freed 234K, 13% free 12511K/14279K, paused 2ms+2ms
D/dalvikvm(  251): GC_FOR_ALLOC freed 27K, 13% free 12483K/14279K, paused 18ms
D/dalvikvm(  251): GC_FOR_ALLOC freed 486K, 15% free 12624K/14727K, paused 26ms
D/SPRDENG (  145): eng_mcinit: open /dev/CHNPTY13 OK
W/PackageManager(  251): Application package touchwiz already installed.  Skipping duplicate.
I/BootTime(  251): Fail Safe scanning for:|XXXXXX|XXX|XXXXXXXXXXXXXX
D/dalvikvm(  251): GC_CONCURRENT freed 637K, 13% free 13475K/15367K, paused 2ms+3ms
I/BootTime(  251): Fail Safe scanning for:|XXXXXX|XXX|XXXXXXXXXXXX
I/BootTime(  251): Fail Safe scanning for:|XXXXXX|XXX|XXXXXXXXXXXX
I/BootTime(  251): Fail Safe scanning for:|XXXXXX|XXX|XXXXXXXXXXXXXXXXXXX
I/BootTime(  251): Fail Safe scanning for:|XXXXXX|XXX|XXXXXXXXXXXXXXXXXXX
I/BootTime(  251): Fail Safe scanning for:|XXXXXX|XXX|XXXXXXXXXXX
I/BootTime(  251): Fail Safe scanning for:|XXXXXX|XXX|XXXXXXXXXXXXXXXXXXXXXXXXXXXXX
I/BootTime(  251): Fail Safe scanning for:|XXXXXX|XXX|XXXXXXX
I/BootTime(  251): Fail Safe scanning for:|XXXXXX|XXX|XXXXXXXXXXXXXXXXXXX
W/ResourceType(  251): Failure getting entry for 0x7f06000c (t=5 e=12) in package 0 (error -75)
I/BootTime(  251): Fail Safe scanning for:|XXXXXX|XXX|XXXXXXXXX
I/BootTime(  251): Fail Safe scanning for:|XXXXXX|XXX|XXXXXXXXXXX
W/PackageParser(  251): No actions in intent filter at /system/app/Browser.apk Binary XML file line #317
I/BootTime(  251): Fail Safe scanning for:|XXXXXX|XXX|XXXXXXXXXXXXXXXXXXX
I/BootTime(  251): Fail Safe scanning for:|XXXXXX|XXX|XXXXXXXXXXXXXXXXXXXXXX
I/BootTime(  251): Fail Safe scanning for:|XXXXXX|XXX|XXXXXXXXXXXXXXXXX
I/BootTime(  251): Fail Safe scanning for:|XXXXXX|XXX|XXXXXXXXXXXX
I/BootTime(  251): Fail Safe scanning for:|XXXXXX|XXX|XXXXXXXXX
I/BootTime(  251): Fail Safe scanning for:|XXXXXX|XXX|XXXXXXXXXXXXXXXXX
D/dalvikvm(  251): GC_CONCURRENT freed 351K, 12% free 13581K/15367K, paused 2ms+10ms
I/BootTime(  251): Fail Safe scanning for:|XXXXXX|XXX|XXXXXXXXXXXXXXXXXXXXXXXXXXXXXX
I/BootTime(  251): Fail Safe scanning for:|XXXXXX|XXX|XXXXXXXXXXXX
I/BootTime(  251): Fail Safe scanning for:|XXXXXX|XXX|XXXXXXXXXXXXXX
I/BootTime(  251): Fail Safe scanning for:|XXXXXX|XXX|XXXXXXXXXXXXXXXXXXXXXXXXXXXXX
I/BootTime(  251): Fail Safe scanning for:|XXXXXX|XXX|XXXXXXXXXXXXXXXXXXXX
I/BootTime(  251): Fail Safe scanning for:|XXXXXX|XXX|XXXXXXXXXXXXXXX
W/PackageManager(  251): Package com.miui.gallery desires unavailable shared library com.google.android.media.effects; ignoring!
I/BootTime(  251): Fail Safe scanning for:|XXXXXX|XXX|XXXXXXXXXXXXX
I/BootTime(  251): Fail Safe scanning for:|XXXXXX|XXX|XXXXXXXXXXXXX
I/BootTime(  251): Fail Safe scanning for:|XXXXXX|XXX|XXXXXXX
I/BootTime(  251): Fail Safe scanning for:|XXXXXX|XXX|XXXXXXXXXXXXXXXXXXXX
I/BootTime(  251): Fail Safe scanning for:|XXXXXX|XXX|XXXXXXXXXXXXXXXX
I/BootTime(  251): Fail Safe scanning for:|XXXXXX|XXX|XXXXXXXXXXXXXXXXXXXX
I/BootTime(  251): Fail Safe scanning for:|XXXXXX|XXX|XXXXXXXXXXXXXXXX
W/PackageParser(  251): No actions in intent filter at /system/app/ThemeManager.apk Binary XML file line #114
W/PackageParser(  251): No actions in intent filter at /system/app/ThemeManager.apk Binary XML file line #160
W/PackageParser(  251): No actions in intent filter at /system/app/ThemeManager.apk Binary XML file line #170
I/BootTime(  251): Fail Safe scanning for:|XXXXXX|XXX|XXXXXXXXXXXXXXX
I/BootTime(  251): Fail Safe scanning for:|XXXXXX|XXX|XXXXXXXXXXXXX
D/dalvikvm(  251): GC_CONCURRENT freed 1261K, 18% free 12740K/15367K, paused 3ms+3ms
I/BootTime(  251): Fail Safe scanning for:|XXXXXX|XXX|XXXXXXXXXXXXXXXXXXXXXX
I/BootTime(  251): Fail Safe scanning for:|XXXXXX|XXX|XXXXXXXXXXXXX
I/BootTime(  251): Fail Safe scanning for:|XXXXXX|XXX|XXXXXXXXXXXXXXXXX
W/PackageParser(  251): No actions in intent filter at /system/app/Bluetooth.apk Binary XML file line #114
I/BootTime(  251): Fail Safe scanning for:|XXXXXX|XXX|XXXXXXXXXXXXXXXXXX
I/BootTime(  251): Fail Safe scanning for:|XXXXXX|XXX|XXXXXXXXXXXXXXX
I/BootTime(  251): Fail Safe scanning for:|XXXXXX|XXX|XXXXXXXXXXXXXXXXXXXX
I/BootTime(  251): Fail Safe scanning for:|XXXXXX|XXX|XXXXXXXXXXXXXXXXXXXXXXXXXX
I/BootTime(  251): Fail Safe scanning for:|XXXXXX|XXX|XXXXXXXXXXXXXXXXXXXX
I/BootTime(  251): Fail Safe scanning for:|XXXXXX|XXX|XXXXXXXXXXXXXXXXXXXXXXXXXXX
I/BootTime(  251): Fail Safe scanning for:|XXXXXX|XXX|XXXXXXXXXXXXXXXXXXXXXX
I/BootTime(  251): Fail Safe scanning for:|XXXXXX|XXX|XXXXXXXXXXXXXXXXXXXXX
I/BootTime(  251): Fail Safe scanning for:|XXXXXX|XXX|XXXXXXXXXXXX
I/BootTime(  251): Fail Safe scanning for:|XXXXXX|XXX|XXXXXXXXXXXX
W/PackageParser(  251): No actions in intent filter at /system/app/Contacts.apk Binary XML file line #552
I/BootTime(  251): Fail Safe scanning for:|XXXXXX|XXX|XXXXXXXXX
D/dalvikvm(  251): GC_CONCURRENT freed 231K, 16% free 12948K/15367K, paused 2ms+3ms
I/BootTime(  251): Fail Safe scanning for:|XXXXXX|XXX|XXXXXXXXXXXXXXXX
I/BootTime(  251): Fail Safe scanning for:|XXXXXX|XXX|XXXXXXXXX
I/BootTime(  251): Fail Safe scanning for:|XXXXXX|XXX|XXXXXXXXXXXXXXXXXXXXXX
I/BootTime(  251): Fail Safe scanning for:|XXXXXX|XXX|XXXXXXXXXXXX
I/BootTime(  251): Fail Safe scanning for:|XXXXXX|XXX|XXXXXXXXXXXXXXXXXXXX
D/PackageManager(  251): No files in app dir |XXXXXX|XXX
I/installd(   98): new connection
I/Installer(  251): connecting...
D/ExtraPackageManagerServices(  251): No files in preinstall app dir /data/preinstall_apps
I/PackageManager(  251): Time to scan packages: 2.305 seconds
W/PackageManager(  251): Removing dangling permission: com.sec.android.app.sysscope.permission.SYSSCOPE_ACCESS_SYSTEM_INFO from package null
W/PackageManager(  251): Unknown permission android.permission.ADD_SYSTEM_SERVICE in package com.android.phone
W/PackageManager(  251): Unknown permission com.android.smspush.WAPPUSH_MANAGER_BIND in package com.android.phone
W/PackageManager(  251): Unknown permission android.permission.WRITE_INTERNAL_STORAGE in package com.miui.player
W/PackageManager(  251): Unknown permission com.android.vending.billing.BILLING_ACCOUNT_SERVICE in package com.google.android.gsf.login
W/PackageManager(  251): Unknown permission com.android.vending.billing.ADD_CREDIT_CARD in package com.google.android.gsf.login
W/PackageManager(  251): Unknown permission com.android.vending.billing.IBillingAccountService.BIND2 in package com.google.android.gsf.login
W/PackageManager(  251): Not granting permission android.permission.SEND_DOWNLOAD_COMPLETED_INTENTS to package com.android.browser (protectionLevel=2 flags=0x9be45)
W/PackageManager(  251): Unknown permission android.permission.READ_CALL_LOG in package com.miui.backup
W/PackageManager(  251): Unknown permission android.permission.WRITE_CALL_LOG in package com.miui.backup
W/PackageManager(  251): Unknown permission android.permission.ACCESS_COARSE_UPDATES in package com.miui.cloudservice
W/PackageManager(  251): Unknown permission android.permission.INSTALL_DRM in package com.android.mms
W/PackageManager(  251): Unknown permission android.permission.READ_CALL_LOG in package com.android.mms
W/PackageManager(  251): Unknown permission android.permission.WRITE_INTERNAL_STORAGE in package com.android.updater
W/PackageManager(  251): Unknown permission com.stericsson.permission.SEND_RIL_OEM_HOOK in package android
W/PackageManager(  251): Unknown permission com.sec.android.app.twdvfs.DVFS_BOOSTER_PERMISSION in package android
D/dalvikvm(  251): GC_CONCURRENT freed 329K, 15% free 13131K/15367K, paused 2ms+4ms
W/PackageManager(  251): Unknown permission adnroid.permission.CHANGE_WIFI_STATE in package com.tencent.tmsprovider
W/PackageManager(  251): Unknown permission android.permission.READ_CALL_LOG in package com.miui.home
W/PackageManager(  251): Unknown permission android.permission.READ_SECURE_SETTINGS in package com.wali.miui.networkassistant
W/PackageManager(  251): Unknown permission android.permission.READ_SETTINGS in package com.wali.miui.networkassistant
D/dalvikvm(  251): GC_EXPLICIT freed 354K, 16% free 13046K/15367K, paused 3ms+3ms
I/BootTime(  251): !@Total Package Scan Time:1162
I/BootTime(  251): !@Total Time Taken:2841
I/SystemServer(  251): !@endofPackageManager
I/SystemServer(  251): Account Manager
D/PackageManager(  251): generateServicesMap(XXXXXXX.XXXXXXXX.XXXXXXXXXXXXXXXXXXXX): 5 services unchanged
I/SystemServer(  251): Content Manager
D/PackageManager(  251): generateServicesMap(XXXXXXX.XXXXXXX.XXXXXXXXXXX): 12 services unchanged
D/DirEncryptionManager(  251): Unable to get DirEncryptService instance.
I/SystemServer(  251): DirEncryptService.SystemReady
D/DirEncryptService(  251): Calling systemReady
I/ActivityThread(  251): Pub yellowpage: com.miui.providers.telocation.YellowPageProvider
I/ActivityThread(  251): Pub settings: com.android.providers.settings.SettingsProvider
I/SystemServer(  251): System Content Providers
I/ActivityThread(  251): Pub telocation: com.miui.providers.telocation.TelocationProvider
D/SettingsProvider(  251): cache for settings table 'secure' rows=42; fullycached=true
D/SettingsProvider(  251): cache for settings table 'system' rows=82; fullycached=true
I/SystemServer(  251): Lights Service
I/SystemServer(  251): Battery Service
D/BatteryService(  251): Led Charging Settings = true
D/BatteryService(  251): Led Low Battery Settings = true
D/BatteryService(  251): update start
D/BatteryService(  251): level:100 scale:100 status:2 health:2 present:true voltage: 4358 temperature: 359 technology: Li-ion AC powered:false USB powered:true icon:17303188 invalid charger:0
I/SystemServer(  251): Vibrator Service
D/PowerManagerService(  251): setScreenOffTimeouts mKeylightDelay=1500 mDimDelay=51500 mScreenOffDelay=7000 mDimScreen=true
D/PowerManagerService(  251): settings DB update : mDynamicAutoBrightnessRatioValueSetting : 100
D/PowerManagerService(  251): changeSlopeOfDynamicAutoBrightness : Points Array is null.
D/PowerManagerService(  251): lightSensorChangedLocked -1
D/PowerManagerService(  251): SettingsObserver : update : userActivity()
D/PowerManagerService(  251): reactivateScreenLocksLocked mProxIgnoredBecauseScreenTurnedOff=false
D/PowerManagerService(  251): setPowerState : mBootCompleted : false, newState |= ALL_BRIGHT
I/PowerManagerService(  251): Ulight 0x1->0xf|0x0
D/PowerManagerService(  251): setLightBrightness : mButtonLight : 102
D/PowerManagerService(  251): setPowerState : mBootCompleted : false, newState |= ALL_BRIGHT
D/PowerManagerService(  251): setScreenOffTimeouts mKeylightDelay=1500 mDimDelay=51500 mScreenOffDelay=7000 mDimScreen=true
D/PowerManagerService(  251): initSupportedFrequency dvfs 
W/System.err(  251): java.io.FileNotFoundException: /sys/power/cpufreq_max_limit: open failed: ENOENT (No such file or directory)
D/PowerManagerService(  251): initSupportedFrequency : FileNotFoundException dvfs
W/System.err(  251): 	at libcore.io.IoBridge.open(IoBridge.java:425)
W/System.err(  251): 	at java.io.FileInputStream.<init>(FileInputStream.java:78)
W/System.err(  251): 	at java.io.FileInputStream.<init>(FileInputStream.java:105)
W/System.err(  251): 	at java.io.FileReader.<init>(FileReader.java:66)
W/System.err(  251): 	at com.android.server.PowerManagerService.initSupportedFrequency(PowerManagerService.java:4800)
W/System.err(  251): 	at com.android.server.PowerManagerService.initInThread(PowerManagerService.java:958)
W/System.err(  251): 	at com.android.server.PowerManagerService$3.onLooperPrepared(PowerManagerService.java:819)
W/System.err(  251): 	at android.os.HandlerThread.run(HandlerThread.java:59)
W/System.err(  251): Caused by: libcore.io.ErrnoException: open failed: ENOENT (No such file or directory)
W/System.err(  251): 	at libcore.io.Posix.open(Native Method)
W/System.err(  251): 	at libcore.io.BlockGuardOs.open(BlockGuardOs.java:110)
W/System.err(  251): 	at libcore.io.IoBridge.open(IoBridge.java:409)
W/System.err(  251): 	... 7 more
D/AlarmManagerService(  251): Kernel timezone updated to -480 minutes west of GMT
D/PowerManagerService(  251): setPowerState : mBootCompleted : false, newState |= ALL_BRIGHT
I/SystemServer(  251): Alarm Manager
W/AlarmManager(  251): FACTORY_ON= 0
W/AlarmManager(  251): FACTORY_ON= 0
I/SystemServer(  251): Init Watchdog
I/SystemServer(  251): Window Manager
D/InputDispatcher(  251): to control touch backlight at bottom
D/InputDispatcher(  251): setTouchKeyDeviceId : 0xffffffff
D/InputDispatcher(  251): setTouchscreenId : 0xffffffff
V/WindowManager(  251): config_windowManagerDefaultRotation = 0
I/InputManager(  251): Initializing input manager
D/InputReader(  251): Constructor for InputReader()
I/dalvikvm(  251): Could not find method com.android.internal.policy.impl.MiuiKeyguardViewMediator.suppressNextLockSound, referenced from method com.android.internal.policy.impl.MiuiKeyguardViewMediator.playSounds
W/dalvikvm(  251): VFY: unable to resolve virtual method 3604: Lcom/android/internal/policy/impl/MiuiKeyguardViewMediator;.suppressNextLockSound ()V
D/dalvikvm(  251): VFY: replacing opcode 0x6e at 0x0007
I/dalvikvm(  251): DexOpt: illegal method access (call Lcom/android/internal/policy/impl/KeyguardViewMediator;.playSounds (Z)V from Lcom/android/internal/policy/impl/MiuiKeyguardViewMediator;)
I/dalvikvm(  251): Could not find method com.android.internal.policy.impl.KeyguardViewMediator.playSounds, referenced from method com.android.internal.policy.impl.MiuiKeyguardViewMediator.playSounds
W/dalvikvm(  251): VFY: unable to resolve virtual method 2919: Lcom/android/internal/policy/impl/KeyguardViewMediator;.playSounds (Z)V
D/dalvikvm(  251): VFY: replacing opcode 0x6f at 0x000a
D/LockPatternUtils(  251): isPcwEnable = null
D/KeyguardViewMediator(  251): adjustStatusBarLocked: mShowing=false mHidden=false isSecure=false --> flags=0x0
D/KeyguardViewMediator(  251): onSimStateChanged: READY
I/dalvikvm(  251): Could not find method com.android.internal.policy.impl.MiuiKeyguardViewMediator.callShowLocked, referenced from method com.android.internal.policy.impl.MiuiKeyguardViewMediator$1.onReceive
W/dalvikvm(  251): VFY: unable to resolve virtual method 3597: Lcom/android/internal/policy/impl/MiuiKeyguardViewMediator;.callShowLocked ()V
D/dalvikvm(  251): VFY: replacing opcode 0x6e at 0x0002
D/SensorManager(  251): sensors_get_supported_func
D/SensorManager(  251): sensors_get_supported_func ret = 0
W/StatusBarManager(  251): warning: no STATUS_BAR_SERVICE
W/StatusBarManager(  251): warning: no STATUS_BAR_SERVICE
V/MediaPlayer(  251): decode(125, 0, 6470)
V/MediaPlayerService(   95): decode(37, 0, 6470)
V/MediaPlayerService(   95): player type = 3
V/MediaPlayerService(   95):  create StagefrightPlayer
V/AwesomePlayer(   95): setDefault
V/AwesomePlayer(   95): constructor
V/AwesomePlayer(   95): setDefault
I/AwesomePlayer(   95): reset
I/AwesomePlayer(   95): cancel player events
V/AwesomePlayer(   95): mAudioTrackVector clear
I/AwesomePlayer(   95): --mSystemTimeSourceForSync reset ok
V/AwesomePlayer(   95): setListener
V/StagefrightPlayer(   95): setAudioSink
V/AwesomePlayer(   95): setAudioSink
V/StagefrightPlayer(   95): setDataSource(37, 0, 6470)
V/AwesomePlayer(   95): setDataSource fd
I/AwesomePlayer(   95): cancel player events
V/AwesomePlayer(   95): mAudioTrackVector clear
I/AwesomePlayer(   95): --mSystemTimeSourceForSync reset ok
I/MediaExtractor(   95): Autodetected media content as 'application/ogg' with confidence 0.20
V/AwesomePlayer(   95): track of type 'audio/vorbis' does not publish bitrate
V/AwesomePlayer(   95): mBitrate = -1 bits/sec
V/AwesomePlayer(   95): current audio track (0)
V/AwesomePlayer(   95): current audio track (0) is added to vector[0]
V/AwesomePlayer(   95): setDataSource_l: Audio(1), Video(0)
I/AwesomePlayer(   95): AwesomePlayer::setDataSource_l():: This is not a DRM content
V/MediaPlayerService(   95): prepare
V/StagefrightPlayer(   95): prepareAsync
V/AwesomePlayer(   95): prepareAsync
V/MediaPlayerService(   95): wait for prepare
V/AwesomePlayer(   95): onPrepareAsyncEvent
I/AwesomePlayer(   95): initAudioDecoder start
D/WindowManager(  251): mSetIgnorePWR
D/SensorManager(  251): registerListener :: handle = 1  name= BMA222E / KXTJ2 Acceleration Sensor delay= 200000 Listener= android.view.WindowOrientationListener$SensorEventListenerImpl@419e6350
V/AwesomePlayer(   95): notifyListner_l() msg (5-MEDIA_SET_VIDEO_SIZE), ext1 (0), ext2 (0)
V/AudioCache(   95): notify(0x1807758, 5, 0, 0)
V/AudioCache(   95): ignored
V/AwesomePlayer(   95): notifyListner_l() msg (1-MEDIA_PREPARED), ext1 (0), ext2 (0)
V/AudioCache(   95): notify(0x1807758, 1, 0, 0)
V/AudioCache(   95): prepared
V/AudioCache(   95): wait - success
V/MediaPlayerService(   95): start
V/StagefrightPlayer(   95): start
E/SensorManager(  251): thread start
V/AwesomePlayer(   95): play
I/AwesomePlayer(   95): AwesomePlayer::play_l():: this is not widevine!! 
I/AwesomePlayer(   95): AwesomePlayer::play_l():: This is not a DRM content
V/AudioCache(   95): open(44100, 1, 1, 4)
V/MediaPlayerService(   95): wait for playback complete
V/AudioCache(   95): write(0x17fd218, 2048)
V/AudioCache(   95): memcpy(0x4283b000, 0x17fd218, 2048)
V/AudioCache(   95): write(0x17fd218, 2048)
V/AudioCache(   95): memcpy(0x4283b800, 0x17fd218, 2048)
V/AudioCache(   95): write(0x17fd218, 2048)
V/AudioCache(   95): memcpy(0x4283c000, 0x17fd218, 2048)
E/OMXCodec(   95): [OMX.google.vorbis.decoder] err = -1011
V/AudioCache(   95): write(0x17fd218, 2048)
V/AudioCache(   95): memcpy(0x4283c800, 0x17fd218, 2048)
V/AudioCache(   95): write(0x17fd218, 2048)
V/AudioCache(   95): memcpy(0x4283d000, 0x17fd218, 2048)
V/AudioCache(   95): write(0x17fd218, 2048)
V/AudioCache(   95): memcpy(0x4283d800, 0x17fd218, 2048)
V/AudioCache(   95): write(0x17fd218, 2048)
V/AudioCache(   95): memcpy(0x4283e000, 0x17fd218, 2048)
V/AudioCache(   95): write(0x17fd218, 2048)
V/AudioCache(   95): memcpy(0x4283e800, 0x17fd218, 2048)
V/AwesomePlayer(   95): MEDIA_PLAYBACK_COMPLETE
V/AwesomePlayer(   95): notifyListner_l() msg (2-MEDIA_PLAYBACK_COMPLETE), ext1 (0), ext2 (0)
V/AudioCache(   95): notify(0x1807758, 2, 0, 0)
V/AudioCache(   95): playback complete - thread will wake up later
V/AudioCache(   95): write(0x17fd218, 808)
V/AudioCache(   95): memcpy(0x4283f000, 0x17fd218, 808)
V/AudioCache(   95): wait - success
V/StagefrightPlayer(   95): reset
I/AwesomePlayer(   95): reset
I/AwesomePlayer(   95): cancel player events
V/AwesomePlayer(   95): mAudioTrackVector clear
I/OMXCodec(   95): [OMX.google.vorbis.decoder] stop() sendCommand(0x2, OMX_CommandStateSet, OMX_StateIdle)
I/OMXCodec(   95): [OMX.google.vorbis.decoder] stopped in state 1
I/AwesomePlayer(   95): --mSystemTimeSourceForSync reset ok
V/StagefrightPlayer(   95): ~StagefrightPlayer
V/StagefrightPlayer(   95): reset
I/AwesomePlayer(   95): reset
I/AwesomePlayer(   95): cancel player events
V/AwesomePlayer(   95): mAudioTrackVector clear
I/AwesomePlayer(   95): --mSystemTimeSourceForSync reset ok
V/AwesomePlayer(   95): destructor
I/AwesomePlayer(   95): reset
I/AwesomePlayer(   95): cancel player events
V/AwesomePlayer(   95): mAudioTrackVector clear
I/AwesomePlayer(   95): --mSystemTimeSourceForSync reset ok
V/AwesomePlayer(   95): ~AwesomePlayer()
V/MediaPlayer(  251): decode(126, 0, 7061)
V/MediaPlayerService(   95): decode(37, 0, 7061)
V/MediaPlayerService(   95): player type = 3
V/MediaPlayerService(   95):  create StagefrightPlayer
V/AwesomePlayer(   95): setDefault
V/AwesomePlayer(   95): constructor
V/AwesomePlayer(   95): setDefault
I/AwesomePlayer(   95): reset
I/AwesomePlayer(   95): cancel player events
V/AwesomePlayer(   95): mAudioTrackVector clear
I/AwesomePlayer(   95): --mSystemTimeSourceForSync reset ok
V/AwesomePlayer(   95): setListener
V/StagefrightPlayer(   95): setAudioSink
V/AwesomePlayer(   95): setAudioSink
V/StagefrightPlayer(   95): setDataSource(37, 0, 7061)
V/AwesomePlayer(   95): setDataSource fd
I/AwesomePlayer(   95): cancel player events
V/AwesomePlayer(   95): mAudioTrackVector clear
I/AwesomePlayer(   95): --mSystemTimeSourceForSync reset ok
I/MediaExtractor(   95): Autodetected media content as 'application/ogg' with confidence 0.20
V/AwesomePlayer(   95): track of type 'audio/vorbis' does not publish bitrate
V/AwesomePlayer(   95): mBitrate = -1 bits/sec
V/AwesomePlayer(   95): current audio track (0)
V/AwesomePlayer(   95): current audio track (0) is added to vector[0]
V/AwesomePlayer(   95): setDataSource_l: Audio(1), Video(0)
I/AwesomePlayer(   95): AwesomePlayer::setDataSource_l():: This is not a DRM content
V/MediaPlayerService(   95): prepare
V/StagefrightPlayer(   95): prepareAsync
V/AwesomePlayer(   95): prepareAsync
V/MediaPlayerService(   95): wait for prepare
V/AwesomePlayer(   95): onPrepareAsyncEvent
I/AwesomePlayer(   95): initAudioDecoder start
V/AwesomePlayer(   95): notifyListner_l() msg (5-MEDIA_SET_VIDEO_SIZE), ext1 (0), ext2 (0)
V/AudioCache(   95): notify(0x1807758, 5, 0, 0)
V/AudioCache(   95): ignored
V/AwesomePlayer(   95): notifyListner_l() msg (1-MEDIA_PREPARED), ext1 (0), ext2 (0)
V/AudioCache(   95): notify(0x1807758, 1, 0, 0)
V/AudioCache(   95): prepared
V/AudioCache(   95): wait - success
V/MediaPlayerService(   95): start
V/StagefrightPlayer(   95): start
V/AwesomePlayer(   95): play
I/AwesomePlayer(   95): AwesomePlayer::play_l():: this is not widevine!! 
I/AwesomePlayer(   95): AwesomePlayer::play_l():: This is not a DRM content
V/AudioCache(   95): open(44100, 1, 1, 4)
V/MediaPlayerService(   95): wait for playback complete
V/AudioCache(   95): write(0x1803280, 2048)
V/AudioCache(   95): memcpy(0x4293b000, 0x1803280, 2048)
V/AudioCache(   95): write(0x1803280, 2048)
V/AudioCache(   95): memcpy(0x4293b800, 0x1803280, 2048)
E/OMXCodec(   95): [OMX.google.vorbis.decoder] err = -1011
V/AudioCache(   95): write(0x1803280, 2048)
V/AudioCache(   95): memcpy(0x4293c000, 0x1803280, 2048)
V/AudioCache(   95): write(0x1803280, 2048)
V/AudioCache(   95): memcpy(0x4293c800, 0x1803280, 2048)
V/AudioCache(   95): write(0x1803280, 2048)
V/AudioCache(   95): memcpy(0x4293d000, 0x1803280, 2048)
V/AudioCache(   95): write(0x1803280, 2048)
V/AudioCache(   95): memcpy(0x4293d800, 0x1803280, 2048)
V/AwesomePlayer(   95): MEDIA_PLAYBACK_COMPLETE
V/AwesomePlayer(   95): notifyListner_l() msg (2-MEDIA_PLAYBACK_COMPLETE), ext1 (0), ext2 (0)
V/AudioCache(   95): notify(0x1807758, 2, 0, 0)
V/AudioCache(   95): playback complete - thread will wake up later
V/AudioCache(   95): write(0x1803280, 516)
V/AudioCache(   95): memcpy(0x4293e000, 0x1803280, 516)
V/AudioCache(   95): wait - success
V/StagefrightPlayer(   95): reset
I/AwesomePlayer(   95): reset
I/AwesomePlayer(   95): cancel player events
V/AwesomePlayer(   95): mAudioTrackVector clear
I/OMXCodec(   95): [OMX.google.vorbis.decoder] stop() sendCommand(0x3, OMX_CommandStateSet, OMX_StateIdle)
I/OMXCodec(   95): [OMX.google.vorbis.decoder] stopped in state 1
I/AwesomePlayer(   95): --mSystemTimeSourceForSync reset ok
V/StagefrightPlayer(   95): ~StagefrightPlayer
V/StagefrightPlayer(   95): reset
I/AwesomePlayer(   95): reset
I/AwesomePlayer(   95): cancel player events
V/AwesomePlayer(   95): mAudioTrackVector clear
I/AwesomePlayer(   95): --mSystemTimeSourceForSync reset ok
V/AwesomePlayer(   95): destructor
I/AwesomePlayer(   95): reset
I/AwesomePlayer(   95): cancel player events
V/AwesomePlayer(   95): mAudioTrackVector clear
I/AwesomePlayer(   95): --mSystemTimeSourceForSync reset ok
V/AwesomePlayer(   95): ~AwesomePlayer()
I/PowerManagerService(  251): Light Animator Finished curIntValue=102
D/KeyguardViewMediator(  251): onScreenTurnedOn, seq = 1
D/KeyguardViewMediator(  251): notifyScreenOnLocked
I/InputManager(  251): Starting input manager
E/WindowManager(  251): register TouchIntercepter
I/SystemServer(  251): Bluetooth Service
V/BluetoothService.cpp(  251): initializeNativeDataNative
V/BluetoothService.cpp(  251): isEnabledNative
V/bluedroid(  251): bt_is_enabled
D/WindowManager(  251): mUnSetIgnorePWR
D/KeyguardViewMediator(  251): handleNotifyScreenOn
D/KeyguardViewManager(  251): onScreenTurnedOn()
I/BluetoothProfileState(  251): Message:Entering Stable State
I/BluetoothProfileState(  251): Message:Entering Stable State
I/BluetoothProfileState(  251): Message:Entering Stable State
D/BluetoothService(  251): btPANEnable:::true
E/BluetoothService(  251): mSapAvailable was set to FALSE
V/BluetoothEventLoop.cpp(  251): initializeNativeDataNative
D/BluetoothAdapterStateMachine(  251): Enter PowerOff: -2
V/BluetoothA2dpService.cpp(  251): initNative
D/jniAvrcpService(  251): Registering avrcp class
E/BluetoothSap(  251): Could not bind to Bluetooth Sap Service
I/SystemServer(  251): AvrcpStubService -->
W/ActivityManager(  251): Unable to start service service: not found
I/SystemServer(  251): Input Method Service
W/InputManagerService(  251): Couldn't create dir.: /data/system/inputmethod
D/EventHub(  251): No input device configuration file found for device 'headset-keyboard'.
I/EventHub(  251): New device: id=1, fd=161, path='/dev/input/event7', name='headset-keyboard', classes=0x1, configuration='', keyLayout='/system/usr/keylayout/headset-keyboard.kl', keyCharacterMap='/system/usr/keychars/Generic.kcm', builtinKeyboard=false
I/SystemServer(  251): Accessibility Manager
D/PermissionCache(   92): checking android.permission.ACCESS_SURFACE_FLINGER for uid=1000 => granted (411 us)
I/SystemServer(  251): CustomeFrequencyManagerService
D/CustomFrequencyManagerService(  251): verifyDefaultCondition : Exception : java.io.FileNotFoundException: /sys/power/mali_lock: open failed: ENOENT (No such file or directory)
I/ActivityManager(  251): Config changed: {0 1.0 0mcc0mnc zh_CN layoutdir=0 sw320dp w320dp h508dp nrml long port ?uimode ?night -touch -keyb/v/h -nav/h s.2 themeChanged=0 themeChangedFlags=0}
I/SystemServer(  251): Device Policy
D/EventHub(  251): ledBitmask is set (LED_MISC)
I/EventHub(  251): New device: id=2, fd=162, path='/dev/input/event6', name='sec_touchscreen', classes=0x15, configuration='/system/usr/idc/sec_touchscreen.idc', keyLayout='/system/usr/keylayout/Generic.kl', keyCharacterMap='/system/usr/keychars/Generic.kcm', builtinKeyboard=false
I/SystemServer(  251): Enterprise Policy
D/EventHub(  251): No input device configuration file found for device 'orientation'.
I/EnterpriseDeviceManagerService(  251): handleDowngrade: Checking Downgrade...
D/EventHub(  251): No input device configuration file found for device 'accelerometer'.
I/ApplicationPolicy(  251): registerPackageChangeReceiver() : Done
I/ApplicationIconDb(  251): getApplicationIconChangedList  : 
I/ApplicationPolicy(  251): registerNetworkChangeReceiver
I/ApplicationPolicy(  251): registerNetworkChangeReceiver() : Done
D/EventHub(  251): No input device configuration file found for device 'sprd-keypad'.
I/EventHub(  251): New device: id=5, fd=164, path='/dev/input/event5', name='sprd-keypad', classes=0x1, configuration='', keyLayout='/system/usr/keylayout/sprd-keypad.kl', keyCharacterMap='/system/usr/keychars/Generic.kcm', builtinKeyboard=false
D/EventHub(  251): No input device configuration file found for device 'geomagnetic_raw'.
I/EDM :   (  251): isRoamingSyncEnabled : true
D/EventHub(  251): No input device configuration file found for device 'geomagnetic'.
I/InputReader(  251): Device added: id=5, name='sprd-keypad', sources=0x00000101
D/InputReader(  251): TouchInputMapper::configureParameters() : set to default value DEVICE_TYPE_TOUCH_SCREEN
I/InputReader(  251):   Touch device 'sec_touchscreen' could not query the properties of its associated display 0.  The device will be inoperable until the display size becomes available.
D/InputReader(  251): MultiTouchMotionAccumulator: initial slot number is 0
I/InputReader(  251): Device added: id=2, name='sec_touchscreen', sources=0x00001103
D/InputDispatcher(  251): to control touch backlight at bottom
D/InputDispatcher(  251): setTouchKeyDeviceId : 0x2
I/InputReader(  251): Device added: id=1, name='headset-keyboard', sources=0x00000101
I/InputReader(  251): Reconfiguring input devices.  changes=0x00000004
I/InputReader(  251): Device reconfigured: id=2, name='sec_touchscreen', surface size is now 480x800, mode is 1
I/keystore(   99): uid: 1000 action: t -> 2 state: 2 -> 2 retry: 4
I/ActivityManager(  251): Config changed: {0 1.0 0mcc0mnc zh_CN layoutdir=0 sw320dp w320dp h508dp nrml long port ?uimode ?night finger -keyb/v/h -nav/h s.3 themeChanged=0 themeChangedFlags=0}
D/EnterpriseVpnPolicy(  251): bindVpnInterfaces()
W/ActivityManager(  251): Unable to start service service: not found
W/PhoneRestrictionPolicy(  251):  >>> PhoneRestrictionPolicy.PhoneRestrictionPolicy()
I/SystemServer(  251): Enterprise Policymanager service created...
I/SystemServer(  251): Status Bar
I/SystemServer(  251): Clipboard Service
I/SystemServer(  251): ClipboardEx Service
I/SystemServer(  251): NetworkManagement Service
I/SystemServer(  251): Text Service Manager Service
I/SystemServer(  251): NetworkStats Service
I/SystemServer(  251): NetworkPolicy Service
I/SystemServer(  251): Wi-Fi P2pService
D/WifiP2pService(  251): P2pDisabledState
I/SystemServer(  251): Wi-Fi Service
E/CommandListener(   82): Failed to open /proc/sys/net/ipv6/conf/wlan0/disable_ipv6: No such file or directory
E/WifiStateMachine(  251): Failed to disable IPv6: java.lang.IllegalStateException: Unable to communicate to native daemon for disabling ipv6
W/System.err(  251): java.lang.NullPointerException
W/System.err(  251): 	at com.android.server.WifiService.<init>(WifiService.java:889)
W/System.err(  251): 	at com.android.server.ServerThread.run(SystemServer.java:519)
D/WifiP2pService(  251): P2pDisabledState69633
D/WifiP2pService(  251): DefaultState69633
D/WifiP2pService(  251): P2pDisabledState69632
D/WifiP2pService(  251): DefaultState69632
D/WifiP2pService(  251): Full connection with WifiStateMachine established
I/SystemServer(  251): Wi-Fi Display Service
D/WfdService(  251): InactiveState
D/WfdService(  251): Enter InactiveState
D/WfdService(  251): mAudioManager is null !
I/SystemServer(  251): Connectivity Service
D/ConnectivityService(  251): ConnectivityService starting up
E/MobileDataStateTracker(  251): default: Ignoring feature request because could not acquire PhoneService
E/MobileDataStateTracker(  251): default: Could not enable APN type "default"
D/Tethering(  251): Boot not complete yet.
D/Tethering(  251): Boot not complete yet.
D/NetworkManagementService(  251): Registering observer
D/NetworkManagementService(  251): Registering observer
I/SystemServer(  251): Throttle Service
I/SystemServer(  251): Mount Service
D/MountService(  251): MountService :: 
D/MountService(  251): got storage path: /mnt/sdcard description: USB primary: true removable: false emulated: true mtpReserve: 100 allowMassStorage: false maxFileSize: 0 subsystem: fuse activitySecureContainer: false
D/MountService(  251): got storage path: /mnt/extSdCard description: SD  primary: false removable: true emulated: false mtpReserve: 0 allowMassStorage: false maxFileSize: 0 subsystem: sd activitySecureContainer: false
D/MountService(  251): got storage path: /mnt/UsbDriveA description: USB primary: false removable: true emulated: false mtpReserve: 0 allowMassStorage: false maxFileSize: 0 subsystem: usb activitySecureContainer: false
D/MountService(  251): got storage path: /mnt/UsbDriveB description: USB primary: false removable: true emulated: false mtpReserve: 0 allowMassStorage: false maxFileSize: 0 subsystem: usb activitySecureContainer: false
D/MountService(  251): got storage path: /mnt/UsbDriveC description: USB primary: false removable: true emulated: false mtpReserve: 0 allowMassStorage: false maxFileSize: 0 subsystem: usb activitySecureContainer: false
D/MountService(  251): got storage path: /mnt/UsbDriveD description: USB primary: false removable: true emulated: false mtpReserve: 0 allowMassStorage: false maxFileSize: 0 subsystem: usb activitySecureContainer: false
D/MountService(  251): got storage path: /mnt/UsbDriveE description: USB primary: false removable: true emulated: false mtpReserve: 0 allowMassStorage: false maxFileSize: 0 subsystem: usb activitySecureContainer: false
D/MountService(  251): got storage path: /mnt/UsbDriveF description: USB primary: false removable: true emulated: false mtpReserve: 0 allowMassStorage: false maxFileSize: 0 subsystem: usb activitySecureContainer: false
D/MountService(  251): using emulated external storage
I/SystemServer(  251): Notification Manager
D/STATUSBAR-NotificationService(  251): updateLightsLocked() : Turn off notification light
I/SystemServer(  251): Device Storage Monitor
I/SystemServer(  251): Location Manager
I/SystemServer(  251): Country Detector
I/SystemServer(  251): Search Service
I/SystemServer(  251): DropBox Service
I/SystemServer(  251): Wallpaper Service
D/VoldCmdListener(   77): volume list
I/SystemServer(  251): Audio Service
I/MountService(  251): Updating valid state unmounted
D/MountService(  251): updatePublicVolumeState :: path = /mnt/extSdCard, state = unmounted
D/MountService(  251): volume state changed for /mnt/extSdCard (null -> unmounted)
I/MountService(  251): Updating valid state removed
D/MountService(  251): updatePublicVolumeState :: path = /mnt/UsbDriveA, state = removed
D/MountService(  251): volume state changed for /mnt/UsbDriveA (null -> removed)
I/MountService(  251): Updating valid state removed
D/MountService(  251): updatePublicVolumeState :: path = /mnt/UsbDriveB, state = removed
D/MountService(  251): volume state changed for /mnt/UsbDriveB (null -> removed)
I/MountService(  251): Updating valid state removed
D/MountService(  251): updatePublicVolumeState :: path = /mnt/UsbDriveC, state = removed
D/MountService(  251): volume state changed for /mnt/UsbDriveC (null -> removed)
I/MountService(  251): Updating valid state removed
D/MountService(  251): updatePublicVolumeState :: path = /mnt/UsbDriveD, state = removed
D/MountService(  251): volume state changed for /mnt/UsbDriveD (null -> removed)
I/MountService(  251): Updating valid state removed
D/MountService(  251): updatePublicVolumeState :: path = /mnt/UsbDriveE, state = removed
D/MountService(  251): volume state changed for /mnt/UsbDriveE (null -> removed)
I/MountService(  251): Updating valid state removed
D/MountService(  251): updatePublicVolumeState :: path = /mnt/UsbDriveF, state = removed
D/MountService(  251): volume state changed for /mnt/UsbDriveF (null -> removed)
V/AudioPolicyManagerBase(   95): initStreamVolume() stream 0, min 0, max 5
V/AudioPolicyManagerBase(   95): setStreamVolumeIndex() stream 0, index 4
V/AudioPolicyManagerALSA(   95): setStreamVolume() for output 1 stream 0, volume 0.707946, delay 0
V/AudioPolicyService(   95): inserting command: 2 at index 0, num commands 0
V/AudioPolicyService(   95): AudioCommandThread() adding set volume stream 0, volume 0.710866, output 1
V/AudioPolicyService(   95): AudioCommandThread() waking up
V/AudioPolicyService(   95): AudioCommandThread() processing set volume stream 0,                             volume 0.710866, output 1
V/AudioPolicyService(   95): AudioCommandThread() going to sleep
V/AudioPolicyService(   95): inserting command: 4 at index 0, num commands 0
V/AudioPolicyService(   95): AudioCommandThread() adding set voice volume volume 0.800000
V/AudioPolicyService(   95): AudioCommandThread() waking up
V/AudioPolicyService(   95): AudioCommandThread() processing set voice volume volume 0.800000
D/AudioHardwareALSA(   95): setVoiceVolume=0.800000
V/AudioPolicyService(   95): AudioCommandThread() going to sleep
V/AudioPolicyManagerBase(   95): initStreamVolume() stream 1, min 0, max 7
V/AudioPolicyManagerBase(   95): setStreamVolumeIndex() stream 1, index 4
V/AudioPolicyManagerBase(   95): initStreamVolume() stream 2, min 0, max 7
V/AudioPolicyManagerBase(   95): setStreamVolumeIndex() stream 2, index 5
V/AudioPolicyManagerALSA(   95): setStreamVolume() for output 1 stream 2, volume 0.398107, delay 0
V/AudioPolicyService(   95): inserting command: 2 at index 0, num commands 0
V/AudioPolicyService(   95): AudioCommandThread() adding set volume stream 2, volume 0.398107, output 1
V/AudioPolicyService(   95): AudioCommandThread() waking up
V/AudioPolicyService(   95): AudioCommandThread() processing set volume stream 2,                             volume 0.398107, output 1
V/AudioPolicyService(   95): AudioCommandThread() going to sleep
V/AudioPolicyManagerBase(   95): initStreamVolume() stream 3, min 0, max 15
I/AudioService(  251): isMediaSilentMode false
V/AudioPolicyManagerBase(   95): setStreamVolumeIndex() stream 3, index 7
V/AudioPolicyManagerBase(   95): getNewDevice() selected device 0
V/AudioPolicyManagerBase(   95): getDeviceForStrategy() from cache strategy 0, device 2
D/AudioPolicyManagerBase(   95): return MUSIC_SPK index=7
V/AudioPolicyManagerALSA(   95): setStreamVolume() for output 1 stream 3, volume 0.063096, delay 0
V/AudioPolicyService(   95): inserting command: 2 at index 0, num commands 0
V/AudioPolicyService(   95): AudioCommandThread() adding set volume stream 3, volume 0.063096, output 1
V/AudioPolicyService(   95): AudioCommandThread() waking up
V/AudioPolicyService(   95): AudioCommandThread() processing set volume stream 3,                             volume 0.063096, output 1
V/AudioPolicyService(   95): AudioCommandThread() going to sleep
V/AudioPolicyManagerBase(   95): getNewDevice() selected device 0
V/AudioPolicyManagerBase(   95): getDeviceForStrategy() from cache strategy 0, device 2
V/AudioPolicyService(   95): inserting command: 3 at index 0, num commands 0
V/AudioPolicyService(   95): AudioCommandThread() adding set parameter string music_volume=0.0630957410;music_volume_index=7, io 1 ,delay 0
V/AudioPolicyService(   95): AudioCommandThread() waking up
V/AudioPolicyService(   95): AudioCommandThread() processing set parameters string music_volume=0.0630957410;music_volume_index=7, io 1
V/AudioFlinger(   95): setParameters(): io 1, keyvalue music_volume=0.0630957410;music_volume_index=7, tid 201, calling tid 95
V/AudioFlinger(   95): ThreadBase::setParameters() music_volume=0.0630957410;music_volume_index=7
V/AudioFlinger(   95): MixerThread 0x17dd770 TID 208 waking up
V/AudioFlinger(   95): acquireWakeLock_l() AudioOut_1 status 0
D/AudioHardwareALSA(   95): ALSAStreamOps::setParameters() music_volume=0.0630957410;music_volume_index=7
I/AudioHardwareALSA(   95): volIndex=7
I/AudioHardwareALSA(   95): [setMusicVolumeIndex]mMusicVolumeIndex=0,music_volume_index= 7
I/AudioHardwareALSA(   95): [setMusicVolume][mOutput]mMusicVolumeIndex=7
E/AudioHardwareALSA(   95): mIsMusicVolumeIndex [7],MusicVolumeIndex[7]
I/AudioHardwareALSA(   95): volGain=0.063096
I/AudioHardwareALSA(   95): [setMusicVolume]mIsMusicVolume=0.000000,music_volume=0.063096
I/AudioHardwareALSA(   95): [setMusicVolume][mOutput]mMusicVolume=0.063096
E/AudioHardwareALSA(   95): mMusicVolume [1.000000]MusicVolume[0.063096]
V/AudioPolicyService(   95): AudioCommandThread() going to sleep
V/AudioPolicyManagerBase(   95): initStreamVolume() stream 4, min 0, max 7
V/AudioPolicyManagerBase(   95): setStreamVolumeIndex() stream 4, index 7
V/AudioPolicyManagerALSA(   95): setStreamVolume() for output 1 stream 4, volume 1.000000, delay 0
V/AudioPolicyService(   95): inserting command: 2 at index 0, num commands 0
V/AudioPolicyService(   95): AudioCommandThread() adding set volume stream 4, volume 1.000000, output 1
V/AudioPolicyService(   95): AudioCommandThread() waking up
V/AudioPolicyService(   95): AudioCommandThread() processing set volume stream 4,                             volume 1.000000, output 1
V/AudioPolicyService(   95): AudioCommandThread() going to sleep
V/AudioPolicyManagerBase(   95): initStreamVolume() stream 5, min 0, max 7
V/AudioPolicyManagerBase(   95): setStreamVolumeIndex() stream 5, index 5
V/AudioPolicyManagerALSA(   95): setStreamVolume() for output 1 stream 5, volume 0.398107, delay 0
V/AudioPolicyService(   95): inserting command: 2 at index 0, num commands 0
V/AudioPolicyService(   95): AudioCommandThread() adding set volume stream 5, volume 0.398107, output 1
V/AudioPolicyService(   95): AudioCommandThread() waking up
V/AudioPolicyService(   95): AudioCommandThread() processing set volume stream 5,                             volume 0.398107, output 1
V/AudioPolicyService(   95): AudioCommandThread() going to sleep
V/AudioPolicyManagerBase(   95): initStreamVolume() stream 6, min 0, max 15
V/AudioPolicyManagerBase(   95): setStreamVolumeIndex() stream 6, index 7
