E/DTT     (   88): NOT DEFINE
E/DTT     (   88): Message: TE1 E0
E/DTT     (   88): 
D/Kies    (   86): [DR->KIES]Received data notification
D/Kies    (   86): NOT DEFINE
D/Kies    (   86): Message: TE1 E0
D/Kies    (   86): 
E/SMD     (   87): ***Received data notification[DR->SMD]***
E/SMD     (   87): Message: 
E/SMD     (   87): Sending data to SMD: Len = [1]
E/SMD     (   87):  buffer = [ ]
E/DataRouter(   85): [socket:14]******* Received data notification *******
E/DataRouter(   85): [socket:15]******* Received data notification *******
E/DataRouter(   85): [socket:16]******* Received data notification *******
E/SMD     (   87): Wrote 1 chars to SMD PORT fd=11 ch = 20
E/DataRouter(   85): After the usb select 
E/DataRouter(   85): read usb data[len:1]
E/DataRouter(   85): read usb data message:E
E/DataRouter(   85): Before the usb select 
D/connfw  (   90): [DR->CONNFW]Received data notification
D/connfw  (   90): NOT DEFINE
D/connfw  (   90): Message:ETE1 E0
D/connfw  (   90): 
E/DTT     (   88): [DR->DTT]Received data notification
E/DTT     (   88): NOT DEFINE
E/DTT     (   88): Message:ETE1 E0
E/DTT     (   88): 
D/Kies    (   86): [DR->KIES]Received data notification
D/Kies    (   86): NOT DEFINE
D/Kies    (   86): Message:ETE1 E0
D/Kies    (   86): 
E/SMD     (   87): ***Received data notification[DR->SMD]***
E/SMD     (   87): Message:E
E/SMD     (   87): Sending data to SMD: Len = [1]
E/SMD     (   87):  buffer = [E]
E/DataRouter(   85): [socket:14]******* Received data notification *******
E/DataRouter(   85): [socket:15]******* Received data notification *******
E/DataRouter(   85): [socket:16]******* Received data notification *******
E/SMD     (   87): Wrote 1 chars to SMD PORT fd=11 ch = 45
E/DataRouter(   85): After the usb select 
E/DataRouter(   85): read usb data[len:1]
E/DataRouter(   85): read usb data message:0
E/DataRouter(   85): Before the usb select 
D/connfw  (   90): [DR->CONNFW]Received data notification
D/connfw  (   90): NOT DEFINE
D/connfw  (   90): Message:0TE1 E0
D/connfw  (   90): 
E/DTT     (   88): [DR->DTT]Received data notification
E/DTT     (   88): NOT DEFINE
E/DTT     (   88): Message:0TE1 E0
E/DTT     (   88): 
D/Kies    (   86): [DR->KIES]Received data notification
D/Kies    (   86): NOT DEFINE
D/Kies    (   86): Message:0TE1 E0
D/Kies    (   86): 
E/SMD     (   87): ***Received data notification[DR->SMD]***
E/SMD     (   87): Message:0
E/SMD     (   87): Sending data to SMD: Len = [1]
E/SMD     (   87):  buffer = [0]
E/DataRouter(   85): [socket:14]******* Received data notification *******
E/DataRouter(   85): [socket:15]******* Received data notification *******
E/DataRouter(   85): [socket:16]******* Received data notification *******
E/SMD     (   87): Wrote 1 chars to SMD PORT fd=11 ch = 30
V/AudioPolicyManagerBase(   95): initStreamVolume() stream 1, min 0, max 7
V/AudioPolicyManagerBase(   95): setStreamVolumeIndex() stream 1, index 4
V/AudioPolicyManagerALSA(   95): setStreamVolume() for output 1 stream 1, volume 0.251189, delay 0
V/AudioPolicyService(   95): inserting command: 2 at index 0, num commands 0
V/AudioPolicyService(   95): AudioCommandThread() adding set volume stream 1, volume 0.251189, output 1
V/AudioPolicyService(   95): AudioCommandThread() waking up
V/AudioPolicyService(   95): AudioCommandThread() processing set volume stream 1,                             volume 0.251189, output 1
V/AudioPolicyService(   95): AudioCommandThread() going to sleep
V/SamsungPowerSound(  166): power sound system volume index [4]
V/MediaPlayer(  166): constructor
V/AudioFlinger(   95): registerClient() client 0x17ed880, pid 166
V/AudioFlinger(   95): sendConfigEvent() num events 1 event 0, param 0
V/AudioFlinger(   95): MixerThread 0x17dd770 TID 208 waking up
W/AudioFlinger(   95): Thread AudioOut_1 cannot connect to the power manager service
V/AudioFlinger(   95): processConfigEvents() remaining events 1
V/AudioFlinger(   95): PlaybackThread::audioConfigChanged_l, thread 0x17dd770, event 0, param 0
W/AudioHardwareALSA(   95): alsa CTS latency lowered to 9000 from 21768
V/AudioFlinger(   95): acquiring 2 from 166
V/AudioFlinger(   95):  added new entry for 2
E/SamsungPowerSound(  166): -------- SamsungPowerSoundObserver Constuctor ---------
E/SamsungPowerSound(  166): -------- SamsungPowerSoundPlayerListener Constuctor ---------
V/MediaPlayer(  166): setListener
V/SamsungPowerSound(  166): File path : system/media/audio/ui/PowerOn.ogg
V/MediaPlayerService(   95): Client(1) constructor
V/MediaPlayerService(   95): Create new client(1) from pid 166, uid 1013, 
V/MediaPlayerService(   95): player type = 3
V/MediaPlayerService(   95):  create StagefrightPlayer
E/SamsungPowerSound(  166): Enter SamsungPowerSoundObserver Thread
V/AwesomePlayer(   95): setDefault
V/AwesomePlayer(   95): constructor
D/MFSERIAL(  102): open mux0 device.
D/MFSERIAL(  102): open mux11 device.
D/MFSERIAL(  102): Thread mux_reader_thread start: AT resp reader
D/MFSERIAL(  102): Thread mux_reader_thread start: Unsol resp reader
V/AwesomePlayer(   95): setDefault
I/AwesomePlayer(   95): reset
I/AwesomePlayer(   95): cancel player events
V/AwesomePlayer(   95): mAudioTrackVector clear
I/AwesomePlayer(   95): --mSystemTimeSourceForSync reset ok
V/AwesomePlayer(   95): setListener
V/AwesomePlayer(   95): AwesomePlayer running on behalf of uid 1013
V/AudioSink(   95): AudioOutput(2)
V/StagefrightPlayer(   95): setAudioSink
V/AwesomePlayer(   95): setAudioSink
V/MediaPlayerService(   95):  setDataSource
I/AwesomePlayer(   95): cancel player events
V/AwesomePlayer(   95): mAudioTrackVector clear
I/AwesomePlayer(   95): --mSystemTimeSourceForSync reset ok
V/AwesomePlayer(   95): setDataSource_l(URL suppressed)
V/MediaPlayer(  166): MediaPlayer::setAudioStreamType
V/MediaPlayer(  166): prepare
V/MediaPlayerService(   95): [1] setAudioStreamType(1)
V/MediaPlayerService(   95): [1] prepareAsync
V/StagefrightPlayer(   95): prepareAsync
V/AwesomePlayer(   95): prepareAsync
V/AwesomePlayer(   95): onPrepareAsyncEvent
E/DataRouter(   85): After the usb select 
E/DataRouter(   85): read usb data[len:1]
E/DataRouter(   85): read usb data message:
E/DataRouter(   85): Before the usb select 
D/connfw  (   90): [DR->CONNFW]Received data notification
D/connfw  (   90): NOT DEFINE
D/connfw  (   90): Message:TE1 E0
D/connfw  (   90): 
E/DTT     (   88): [DR->DTT]Received data notification
E/DTT     (   88): NOT DEFINE
E/DTT     (   88): Message:TE1 E0
E/DTT     (   88): 
D/Kies    (   86): [DR->KIES]Received data notification
D/Kies    (   86): NOT DEFINE
D/Kies    (   86): Message:TE1 E0
D/Kies    (   86): 
E/SMD     (   87): ***Received data notification[DR->SMD]***
E/SMD     (   87): Message:
E/SMD     (   87): Sending data to SMD: Len = [1]
E/SMD     (   87):  buffer = []
E/DataRouter(   85): [socket:14]******* Received data notification *******
E/DataRouter(   85): [socket:15]******* Received data notification *******
E/DataRouter(   85): [socket:16]******* Received data notification *******
E/SMD     (   87): After the Modem Read select 
E/SMD     (   87): Read 7 chars from SMD Modem file fd = 11
E/SMD     (   87):  Message: desterr
E/SMD     (   87): Before the Modem Read select 
E/DataRouter(   85): [socket:17]******* Received data notification *******
E/DataRouter(   85): [socket:17]read socket data[len:7]
E/DataRouter(   85): [socket:17]read socket data[message:desterr
E/SMD     (   87): Wrote 1 chars to SMD PORT fd=11 ch = d
I/MediaExtractor(   95): Autodetected media content as 'application/ogg' with confidence 0.20
V/AwesomePlayer(   95): track of type 'audio/vorbis' does not publish bitrate
V/AwesomePlayer(   95): mBitrate = -1 bits/sec
V/AwesomePlayer(   95): current audio track (0)
V/AwesomePlayer(   95): current audio track (0) is added to vector[0]
V/AwesomePlayer(   95): setDataSource_l: Audio(1), Video(0)
I/AwesomePlayer(   95): AwesomePlayer::setDataSource_l():: This is not a DRM content
I/AwesomePlayer(   95): initAudioDecoder start
V/AwesomePlayer(   95): notifyListner_l() msg (5-MEDIA_SET_VIDEO_SIZE), ext1 (0), ext2 (0)
V/MediaPlayerService(   95): [1] notify (0x17f4220, 5, 0, 0)
V/MediaPlayer(  166): message received msg=5, ext1=0, ext2=0
V/MediaPlayer(  166): New video size 0 x 0
V/MediaPlayer(  166): callback application
V/SamsungPowerSound(  166): msg=5, ext1=0, ext2=0
E/SamsungPowerSound(  166): Power sound play exception
V/MediaPlayer(  166): back from callback
V/AwesomePlayer(   95): notifyListner_l() msg (1-MEDIA_PREPARED), ext1 (0), ext2 (0)
V/MediaPlayerService(   95): [1] notify (0x17f4220, 1, 0, 0)
V/MediaPlayer(  166): message received msg=1, ext1=0, ext2=0
V/MediaPlayer(  166): prepared
V/MediaPlayer(  166): signal application thread
V/MediaPlayer(  166): callback application
V/SamsungPowerSound(  166): msg=1, ext1=0, ext2=0
V/SamsungPowerSound(  166): Power sound playback dummy event
V/MediaPlayer(  166): back from callback
V/MediaPlayer(  166): prepare complete - status=0
V/AudioPolicyManagerBase(   95): getParamFromPolicy  deviceInt = 1, situationInt = 8, situationVolume = 0.500000
E/SamsungPowerSound(  166): getSettingVolume [0.500000]
V/MediaPlayer(  166): MediaPlayer::setVolume(0.500000, 0.500000)
V/MediaPlayerService(   95): [1] setVolume(0.500000, 0.500000)
V/AudioSink(   95): setVolume(0.500000, 0.500000)
V/MediaPlayer(  166): getDuration
V/MediaPlayerService(   95): getDuration
V/StagefrightPlayer(   95): getDuration
V/AwesomePlayer(   95): getDuration (3000000)
V/MediaPlayerService(   95): [1] getDuration = 3000
V/SamsungPowerSound(  166): File duration : 3000
V/MediaPlayerService(   95): [1] setLooping(0)
V/StagefrightPlayer(   95): setLooping (0)
V/AwesomePlayer(   95): setLooping (0)
V/MediaPlayerService(   95): [1] setVolume(0.500000, 0.500000)
V/AudioSink(   95): setVolume(0.500000, 0.500000)
V/MediaPlayerService(   95): [1] setAuxEffectSendLevel(0.000000)
V/AudioSink(   95): setAuxEffectSendLevel(0.000000)
V/MediaPlayerService(   95): [1] start
V/StagefrightPlayer(   95): setLooping (0)
V/AwesomePlayer(   95): setLooping (0)
V/StagefrightPlayer(   95): start
V/AwesomePlayer(   95): play
I/AwesomePlayer(   95): AwesomePlayer::play_l():: this is not widevine!! 
I/AwesomePlayer(   95): AwesomePlayer::play_l():: This is not a DRM content
V/AudioSink(   95): open(44100, 2, 1, 4, 2)
V/AudioPolicyService(   95): getOutput() tid 95
V/audio_policy_sprd(   95): audio_io_handle_t android::ap_get_output(audio_policy*, audio_stream_type_t, uint32_t, uint32_t, uint32_t, audio_policy_output_flags_t): tid 95
V/AudioPolicyManagerBase(   95): getDeviceForStrategy() from cache strategy 0, device 2
V/AudioPolicyManagerBase(   95): getOutput() stream 1, samplingRate 0, format 0, channels 3, flags 0
D/AudioPolicyManagerBase(   95): AudioPolicyManager::getOutput tmsDevice 0 device 2
V/AudioPolicyManagerBase(   95): getOutput() using hw output 1 devices 2
V/AudioSink(   95): Creating AudioTrack for Reverb - 0
V/AudioFlinger(   95): createTrack() sessionId: 2
V/AudioFlinger(   95): createTrack() lSessionId: 2
V/AudioFlinger(   95): Track constructor name 4096, calling thread 166
V/AudioFlinger(   95): acquiring 2 from 166
V/AudioFlinger(   95):  incremented refcount to 2
V/AudioSink(   95): setVolume
V/AudioSink(   95): start
V/AudioFlinger(   95): start(4096), calling thread 166 session 2
V/AudioFlinger(   95): ? => ACTIVE (4096) on thread 0x1807968
V/AudioPolicyService(   95): startOutput() tid 95
V/AudioPolicyManagerBase(   95): startOutput() output 1, stream 1, session 2
V/AudioPolicyManagerBase(   95): getDeviceForStrategy() from cache strategy 0, device 2
V/AudioPolicyManagerBase(   95): changeRefCount() stream 1, count 1
V/AudioPolicyManagerBase(   95): getDeviceForStrategy() from cache strategy 0, device 2
V/AudioPolicyManagerBase(   95): getNewDevice() selected device 2
V/AudioPolicyManagerALSA(   95): AudioPolicyManagerBase::setOutputDevice() output 1 device 2 delayMs 0
V/AudioPolicyManagerALSA(   95): setOutputDevice() setting same device 2 or null device for output 1
D/AudioPolicyManagerALSA(   95): startOutput() output=1, stream=1, session=2, phoneState=0
E/AudioFlinger(   95): addTrack_l streamType (4)
E/AudioFlinger(   95): addTrack_l streamType (0, 1) for mStreamTypes[stream].volume[0.251189]
D/AudioHardwareALSA(   95): ALSAStreamOps::setParameters() start_output_streamtype=1;start_output_streamvol=4
E/AudioHardwareALSA(   95): organ_volIndex=4
E/AudioHardwareALSA(   95): organ_streamIndex=1
E/AudioHardwareALSA(   95): setOrgan() 1,OnOff[1],volume[4]
W/ALSAModule(   95): audio_tune_hw4app_register tat=[12] volume_type=[0] volume_level=[4]
W/ALSAModule(   95): audio_tune_hw4app_policy bitmap=0x00001000 is 12
W/ALSAModule(   95): audio_tune_hw4app_write2hardware can't locate the right mFactoryRouteRCVMode [0]
W/ALSAModule(   95): audio_tune_hw4app_write2hardware will apply [12,music] vol_type0, vol_level4, eq_type0, device_mode3 to audio hardware
E/AudioHardwareALSA(   95): setOrgan=1
V/AudioFlinger(   95): mWaitWorkCV.broadcast
I/AudioMixer(   95): setParameter(TRACK, FORMAT, 1)
W/AudioHardwareALSA(   95): alsa-phone ringtone special process, speaker to 1 now [data 3840 bytes]
E/DataRouter(   85): write [7] bytes of data to USB fd[13]
E/DataRouter(   85): [socket:17]dr_usb_write
E/SamsungPowerSound(  166): -------- SamsungPowerSoundPlayer Destructor ---------
E/OMXCodec(   95): [OMX.google.vorbis.decoder] err = -1011
V/AwesomePlayer(   95): MEDIA_PLAYBACK_COMPLETE
V/AwesomePlayer(   95): notifyListner_l() msg (2-MEDIA_PLAYBACK_COMPLETE), ext1 (0), ext2 (0)
V/MediaPlayerService(   95): [1] notify (0x17f4220, 2, 0, 0)
V/MediaPlayer(  166): message received msg=2, ext1=0, ext2=0
V/MediaPlayer(  166): playback complete
V/MediaPlayer(  166): callback application
V/SamsungPowerSound(  166): msg=2, ext1=0, ext2=0
E/SamsungPowerSound(  166): Power sound playback complete
E/SamsungPowerSound(  166): -------- SamsungPowerSoundObserver : requestExit ---------
E/SamsungPowerSound(  166): -------- SamsungPowerSoundObserver Destructor ---------
V/MediaPlayer(  166): disconnect
V/MediaPlayerService(   95): disconnect(1) from pid 166
V/StagefrightPlayer(   95): reset
V/AudioSink(   95): stop
V/AudioFlinger(   95): stop(4096), calling thread 95
V/AudioFlinger(   95): (> STOPPED) => STOPPED (4096) on thread 0x17dd770
V/AudioPolicyService(   95): stopOutput() tid 219
D/AudioPolicyManagerALSA(   95): stopOutput() output=1, stream=1, sesssion=2
V/AudioPolicyManagerBase(   95): stopOutput() output 1, stream 1, session 2
V/AudioPolicyManagerBase(   95): changeRefCount() stream 1, count 0
V/AudioPolicyManagerBase(   95): getNewDevice() selected device 0
V/AudioPolicyManagerALSA(   95): AudioPolicyManagerBase::setOutputDevice() output 1 device 0 delayMs 18
V/AudioPolicyManagerALSA(   95): setOutputDevice() setting same device 0 or null device for output 1
I/AwesomePlayer(   95): reset
I/AwesomePlayer(   95): cancel player events
V/AwesomePlayer(   95): mAudioTrackVector clear
V/AudioSink(   95): stop
I/AudioSink(   95): +++ close
V/AudioPolicyService(   95): releaseOutput() tid 213
V/AudioPolicyManagerBase(   95): releaseOutput() 1
V/AudioFlinger(   95): releasing 2 from 166
V/AudioFlinger(   95):  decremented refcount to 1
I/AudioSink(   95): --- close
I/OMXCodec(   95): [OMX.google.vorbis.decoder] stop() sendCommand(0x1, OMX_CommandStateSet, OMX_StateIdle)
I/OMXCodec(   95): [OMX.google.vorbis.decoder] stopped in state 1
I/AwesomePlayer(   95): --mSystemTimeSourceForSync reset ok
V/StagefrightPlayer(   95): ~StagefrightPlayer
V/StagefrightPlayer(   95): reset
I/AwesomePlayer(   95): reset
I/AwesomePlayer(   95): cancel player events
V/AwesomePlayer(   95): mAudioTrackVector clear
I/AwesomePlayer(   95): --mSystemTimeSourceForSync reset ok
V/AwesomePlayer(   95): destructor
I/AwesomePlayer(   95): reset
I/AwesomePlayer(   95): cancel player events
V/AwesomePlayer(   95): mAudioTrackVector clear
I/AwesomePlayer(   95): --mSystemTimeSourceForSync reset ok
V/AwesomePlayer(   95): ~AwesomePlayer()
E/SamsungPowerSound(  166): Power sound playback complete, set bootsnd property to 0
V/MediaPlayer(  166): back from callback
V/MediaPlayer(  166): destructor
V/AudioFlinger(   95): releasing 2 from 166
V/AudioFlinger(   95):  decremented refcount to 0
V/AudioFlinger(   95): purging stale effects
V/MediaPlayer(  166): disconnect
E/SamsungPowerSound(  166): -------- SamsungPowerSoundPlayerListener Destructor ---------
V/MediaPlayerService(   95): Client(1) destructor pid = 166
I/AudioSink(   95): +++ close
I/AudioSink(   95): --- close
V/MediaPlayerService(   95): disconnect(1) from pid 166
V/AudioFlinger(   95): remove track (4096) and delete from mixer
V/AudioFlinger(   95): PlaybackThread::Track destructor
V/AudioFlinger(   95): removeClient_l() pid 95, tid 208, calling tid 95
E/DataRouter(   85): After the usb select 
E/DataRouter(   85): read usb data[len:1]
E/DataRouter(   85): read usb data message:A
E/DataRouter(   85): Before the usb select 
E/SMD     (   87): ***Received data notification[DR->SMD]***
E/SMD     (   87): Message:A
E/SMD     (   87): Sending data to SMD: Len = [1]
E/SMD     (   87):  buffer = [A]
E/SMD     (   87): Wrote 1 chars to SMD PORT fd=11 ch = 41
E/DataRouter(   85): After the usb select 
E/DataRouter(   85): read usb data[len:1]
E/DataRouter(   85): read usb data message:T
E/DataRouter(   85): Before the usb select 
E/SMD     (   87): ***Received data notification[DR->SMD]***
E/SMD     (   87): Message:T
E/SMD     (   87): Sending data to SMD: Len = [1]
E/SMD     (   87):  buffer = [T]
E/SMD     (   87): Wrote 1 chars to SMD PORT fd=11 ch = 54
E/DataRouter(   85): After the usb select 
E/DataRouter(   85): read usb data[len:1]
E/DataRouter(   85): read usb data message:E
E/DataRouter(   85): Before the usb select 
E/SMD     (   87): ***Received data notification[DR->SMD]***
E/SMD     (   87): Message:E
E/SMD     (   87): Sending data to SMD: Len = [1]
E/SMD     (   87):  buffer = [E]
E/SMD     (   87): Wrote 1 chars to SMD PORT fd=11 ch = 45
E/DataRouter(   85): After the usb select 
E/DataRouter(   85): read usb data[len:1]
E/DataRouter(   85): read usb data message:1
E/DataRouter(   85): Before the usb select 
E/SMD     (   87): ***Received data notification[DR->SMD]***
E/SMD     (   87): Message:1
E/SMD     (   87): Sending data to SMD: Len = [1]
E/SMD     (   87):  buffer = [1]
E/SMD     (   87): Wrote 1 chars to SMD PORT fd=11 ch = 31
E/DataRouter(   85): After the usb select 
E/DataRouter(   85): read usb data[len:1]
E/DataRouter(   85): read usb data message: 
E/DataRouter(   85): Before the usb select 
E/SMD     (   87): ***Received data notification[DR->SMD]***
E/SMD     (   87): Message: 
E/SMD     (   87): Sending data to SMD: Len = [1]
E/SMD     (   87):  buffer = [ ]
E/SMD     (   87): Wrote 1 chars to SMD PORT fd=11 ch = 20
E/DataRouter(   85): After the usb select 
E/DataRouter(   85): read usb data[len:1]
E/DataRouter(   85): read usb data message:E
E/DataRouter(   85): Before the usb select 
E/SMD     (   87): ***Received data notification[DR->SMD]***
E/SMD     (   87): Message:E
E/SMD     (   87): Sending data to SMD: Len = [1]
E/SMD     (   87):  buffer = [E]
E/SMD     (   87): Wrote 1 chars to SMD PORT fd=11 ch = 45
E/DataRouter(   85): After the usb select 
E/DataRouter(   85): read usb data[len:1]
E/DataRouter(   85): read usb data message:0
E/DataRouter(   85): Before the usb select 
E/SMD     (   87): ***Received data notification[DR->SMD]***
E/SMD     (   87): Message:0
E/SMD     (   87): Sending data to SMD: Len = [1]
E/SMD     (   87):  buffer = [0]
E/SMD     (   87): Wrote 1 chars to SMD PORT fd=11 ch = 30
E/DataRouter(   85): After the usb select 
E/DataRouter(   85): read usb data[len:1]
E/DataRouter(   85): read usb data message:
E/DataRouter(   85): Before the usb select 
E/SMD     (   87): ***Received data notification[DR->SMD]***
E/SMD     (   87): Message:
E/SMD     (   87): Sending data to SMD: Len = [1]
E/SMD     (   87):  buffer = []
E/SMD     (   87): After the Modem Read select 
E/SMD     (   87): Read 7 chars from SMD Modem file fd = 11
E/SMD     (   87):  Message: desterr
E/SMD     (   87): Before the Modem Read select 
E/DataRouter(   85): [socket:17]******* Received data notification *******
E/DataRouter(   85): [socket:17]read socket data[len:7]
E/DataRouter(   85): [socket:17]read socket data[message:desterr
E/DataRouter(   85): write [7] bytes of data to USB fd[13]
E/DataRouter(   85): [socket:17]dr_usb_write
E/SMD     (   87): Wrote 1 chars to SMD PORT fd=11 ch = d
D/dalvikvm(  193): DexOpt: load 925ms, verify+opt 5005ms
D/dalvikvm(   93): DexOpt: --- END 'framework.jar' (success) ---
D/dalvikvm(   93): DEX prep '/system/framework/framework.jar': unzip in 1284ms, rewrite 7440ms
D/LibQmg_native(   93): register_android_app_LibQmg
I/SamplingProfilerIntegration(   93): Profiling disabled.
I/Zygote  (   93): !@beginofpreloadClasses()
I/Zygote  (   93): !@beginofpreloadResources()
I/Zygote  (   93): Preloading classes...
D/dalvikvm(   93): GC_EXPLICIT freed 36K, 82% free 472K/2560K, paused 1ms+1ms
D/dalvikvm(   93): GC_EXPLICIT freed 1K, 82% free 474K/2560K, paused 1ms+0ms
V/AudioFlinger(   95): Audio hardware entering standby, mixer 0x17dd770, mSuspended 0
D/LVVE_Engine(   95): LVVEFS_Rx_Command LVVEFS_COMMAND_RESET returns success
W/AudioHardwareALSA(   95): AudioStreamOutALSA::standby snd_pcm_drain start ...
W/AudioHardwareALSA(   95): AudioStreamOutALSA::standby snd_pcm_drain finish ...
V/AudioFlinger(   95): MixerThread 0x17dd770 TID 208 going to sleep
I/ApplicationContext(   93): IRDA Service ro.product.nam = kyletdzm
V/BluetoothAudioGateway.cpp(   93): classInitNative
V/BT HSHFP(   93): classInitNative
I/Zygote  (   93): Preloading resources...
W/Zygote  (   93): Preloaded drawable resource #0x1080109 (res/drawable-hdpi/btn_check_on_pressed_holo_light.png) that varies with configuration!!
W/Zygote  (   93): Preloaded drawable resource #0x1080108 (res/drawable-hdpi/btn_check_on_pressed_holo_dark.png) that varies with configuration!!
W/Zygote  (   93): Preloaded drawable resource #0x1080106 (res/drawable-hdpi/btn_check_on_holo_light.png) that varies with configuration!!
W/Zygote  (   93): Preloaded drawable resource #0x1080105 (res/drawable-hdpi/btn_check_on_holo_dark.png) that varies with configuration!!
W/Zygote  (   93): Preloaded drawable resource #0x1080103 (res/drawable-hdpi/btn_check_on_focused_holo_light.png) that varies with configuration!!
D/dalvikvm(   93): GC_FOR_ALLOC freed 400K, 58% free 1098K/2560K, paused 6ms
W/Zygote  (   93): Preloaded drawable resource #0x1080102 (res/drawable-hdpi/btn_check_on_focused_holo_dark.png) that varies with configuration!!
W/Zygote  (   93): Preloaded drawable resource #0x1080101 (res/drawable-hdpi/btn_check_on_disabled_holo_light.png) that varies with configuration!!
W/Zygote  (   93): Preloaded drawable resource #0x1080100 (res/drawable-hdpi/btn_check_on_disabled_holo_dark.png) that varies with configuration!!
W/Zygote  (   93): Preloaded drawable resource #0x10800ff (res/drawable-hdpi/btn_check_on_disabled_focused_holo_light.png) that varies with configuration!!
W/Zygote  (   93): Preloaded drawable resource #0x10800fe (res/drawable-hdpi/btn_check_on_disabled_focused_holo_dark.png) that varies with configuration!!
W/Zygote  (   93): Preloaded drawable resource #0x10800f6 (res/drawable-hdpi/btn_check_off_pressed_holo_light.png) that varies with configuration!!
W/Zygote  (   93): Preloaded drawable resource #0x10800f5 (res/drawable-hdpi/btn_check_off_pressed_holo_dark.png) that varies with configuration!!
W/Zygote  (   93): Preloaded drawable resource #0x10800f1 (res/drawable-hdpi/btn_check_off_holo_light.png) that varies with configuration!!
W/Zygote  (   93): Preloaded drawable resource #0x10800f0 (res/drawable-hdpi/btn_check_off_holo_dark.png) that varies with configuration!!
W/Zygote  (   93): Preloaded drawable resource #0x10800ee (res/drawable-hdpi/btn_check_off_focused_holo_light.png) that varies with configuration!!
W/Zygote  (   93): Preloaded drawable resource #0x10800ed (res/drawable-hdpi/btn_check_off_focused_holo_dark.png) that varies with configuration!!
W/Zygote  (   93): Preloaded drawable resource #0x10800ec (res/drawable-hdpi/btn_check_off_disabled_holo_light.png) that varies with configuration!!
W/Zygote  (   93): Preloaded drawable resource #0x10800eb (res/drawable-hdpi/btn_check_off_disabled_holo_dark.png) that varies with configuration!!
W/Zygote  (   93): Preloaded drawable resource #0x10800ea (res/drawable-hdpi/btn_check_off_disabled_focused_holo_light.png) that varies with configuration!!
W/Zygote  (   93): Preloaded drawable resource #0x10800e9 (res/drawable-hdpi/btn_check_off_disabled_focused_holo_dark.png) that varies with configuration!!
D/dalvikvm(   93): GC_FOR_ALLOC freed 210K, 46% free 1399K/2560K, paused 7ms
W/Zygote  (   93): Preloaded drawable resource #0x10800e0 (res/drawable/btn_check_holo_light.xml) that varies with configuration!!
W/Zygote  (   93): Preloaded drawable resource #0x10800df (res/drawable/btn_check_holo_dark.xml) that varies with configuration!!
W/Zygote  (   93): Preloaded drawable resource #0x108019c (res/drawable-hdpi/btn_radio_on_pressed_holo_light.png) that varies with configuration!!
W/Zygote  (   93): Preloaded drawable resource #0x108019b (res/drawable-hdpi/btn_radio_on_pressed_holo_dark.png) that varies with configuration!!
W/Zygote  (   93): Preloaded drawable resource #0x1080199 (res/drawable-hdpi/btn_radio_on_holo_light.png) that varies with configuration!!
W/Zygote  (   93): Preloaded drawable resource #0x1080198 (res/drawable-hdpi/btn_radio_on_holo_dark.png) that varies with configuration!!
W/Zygote  (   93): Preloaded drawable resource #0x1080196 (res/drawable-hdpi/btn_radio_on_focused_holo_light.png) that varies with configuration!!
W/Zygote  (   93): Preloaded drawable resource #0x1080195 (res/drawable-hdpi/btn_radio_on_focused_holo_dark.png) that varies with configuration!!
W/Zygote  (   93): Preloaded drawable resource #0x1080194 (res/drawable-hdpi/btn_radio_on_disabled_holo_light.png) that varies with configuration!!
W/Zygote  (   93): Preloaded drawable resource #0x1080193 (res/drawable-hdpi/btn_radio_on_disabled_holo_dark.png) that varies with configuration!!
W/Zygote  (   93): Preloaded drawable resource #0x1080192 (res/drawable-hdpi/btn_radio_on_disabled_focused_holo_light.png) that varies with configuration!!
W/Zygote  (   93): Preloaded drawable resource #0x1080191 (res/drawable-hdpi/btn_radio_on_disabled_focused_holo_dark.png) that varies with configuration!!
W/Zygote  (   93): Preloaded drawable resource #0x108018e (res/drawable-hdpi/btn_radio_off_pressed_holo_light.png) that varies with configuration!!
W/Zygote  (   93): Preloaded drawable resource #0x108018d (res/drawable-hdpi/btn_radio_off_pressed_holo_dark.png) that varies with configuration!!
W/Zygote  (   93): Preloaded drawable resource #0x108018b (res/drawable-hdpi/btn_radio_off_holo_light.png) that varies with configuration!!
W/Zygote  (   93): Preloaded drawable resource #0x108018a (res/drawable-hdpi/btn_radio_off_holo_dark.png) that varies with configuration!!
W/Zygote  (   93): Preloaded drawable resource #0x1080188 (res/drawable-hdpi/btn_radio_off_focused_holo_light.png) that varies with configuration!!
W/Zygote  (   93): Preloaded drawable resource #0x1080187 (res/drawable-hdpi/btn_radio_off_focused_holo_dark.png) that varies with configuration!!
W/Zygote  (   93): Preloaded drawable resource #0x1080186 (res/drawable-hdpi/btn_radio_off_disabled_holo_light.png) that varies with configuration!!
W/Zygote  (   93): Preloaded drawable resource #0x1080185 (res/drawable-hdpi/btn_radio_off_disabled_holo_dark.png) that varies with configuration!!
D/dalvikvm(   93): GC_FOR_ALLOC freed 230K, 35% free 1676K/2560K, paused 6ms
W/Zygote  (   93): Preloaded drawable resource #0x1080184 (res/drawable-hdpi/btn_radio_off_disabled_focused_holo_light.png) that varies with configuration!!
W/Zygote  (   93): Preloaded drawable resource #0x1080183 (res/drawable-hdpi/btn_radio_off_disabled_focused_holo_dark.png) that varies with configuration!!
W/Zygote  (   93): Preloaded drawable resource #0x108012c (res/drawable-hdpi/btn_default_pressed_holo_light.9.png) that varies with configuration!!
W/Zygote  (   93): Preloaded drawable resource #0x108012b (res/drawable-hdpi/btn_default_pressed_holo_dark.9.png) that varies with configuration!!
W/Zygote  (   93): Preloaded drawable resource #0x1080128 (res/drawable-hdpi/btn_default_normal_holo_light.9.png) that varies with configuration!!
W/Zygote  (   93): Preloaded drawable resource #0x1080127 (res/drawable-hdpi/btn_default_normal_holo_dark.9.png) that varies with configuration!!
W/Zygote  (   93): Preloaded drawable resource #0x1080120 (res/drawable-hdpi/btn_default_focused_holo_light.9.png) that varies with configuration!!
W/Zygote  (   93): Preloaded drawable resource #0x108011f (res/drawable-hdpi/btn_default_focused_holo_dark.9.png) that varies with configuration!!
W/Zygote  (   93): Preloaded drawable resource #0x108011d (res/drawable-hdpi/btn_default_disabled_holo_light.9.png) that varies with configuration!!
W/Zygote  (   93): Preloaded drawable resource #0x108011c (res/drawable-hdpi/btn_default_disabled_holo_dark.9.png) that varies with configuration!!
W/Zygote  (   93): Preloaded drawable resource #0x108011a (res/drawable-hdpi/btn_default_disabled_focused_holo_light.9.png) that varies with configuration!!
W/Zygote  (   93): Preloaded drawable resource #0x1080119 (res/drawable-hdpi/btn_default_disabled_focused_holo_dark.9.png) that varies with configuration!!
W/Zygote  (   93): Preloaded drawable resource #0x1080121 (res/drawable/btn_default_holo_dark.xml) that varies with configuration!!
W/Zygote  (   93): Preloaded drawable resource #0x1080122 (res/drawable/btn_default_holo_light.xml) that varies with configuration!!
D/dalvikvm(   93): GC_FOR_ALLOC freed 432K, 16% free 2322K/2755K, paused 9ms
W/Zygote  (   93): Preloaded drawable resource #0x10801fe (res/drawable-hdpi/btn_toggle_on_pressed_holo_light.9.png) that varies with configuration!!
W/Zygote  (   93): Preloaded drawable resource #0x10801fd (res/drawable-hdpi/btn_toggle_on_pressed_holo_dark.9.png) that varies with configuration!!
W/Zygote  (   93): Preloaded drawable resource #0x10801fa (res/drawable-hdpi/btn_toggle_on_focused_holo_light.9.png) that varies with configuration!!
W/Zygote  (   93): Preloaded drawable resource #0x10801f9 (res/drawable-hdpi/btn_toggle_on_focused_holo_dark.9.png) that varies with configuration!!
W/Zygote  (   93): Preloaded drawable resource #0x10801f6 (res/drawable-hdpi/btn_toggle_on_disabled_focused_holo_light.9.png) that varies with configuration!!
W/Zygote  (   93): Preloaded drawable resource #0x10801f5 (res/drawable-hdpi/btn_toggle_on_disabled_focused_holo_dark.9.png) that varies with configuration!!
W/Zygote  (   93): Preloaded drawable resource #0x10801f3 (res/drawable-hdpi/btn_toggle_off_pressed_holo_light.9.png) that varies with configuration!!
W/Zygote  (   93): Preloaded drawable resource #0x10801f2 (res/drawable-hdpi/btn_toggle_off_pressed_holo_dark.9.png) that varies with configuration!!
W/Zygote  (   93): Preloaded drawable resource #0x10801ef (res/drawable-hdpi/btn_toggle_off_focused_holo_light.9.png) that varies with configuration!!
W/Zygote  (   93): Preloaded drawable resource #0x10801ee (res/drawable-hdpi/btn_toggle_off_focused_holo_dark.9.png) that varies with configuration!!
W/Zygote  (   93): Preloaded drawable resource #0x10801eb (res/drawable-hdpi/btn_toggle_off_disabled_focused_holo_light.9.png) that varies with configuration!!
W/Zygote  (   93): Preloaded drawable resource #0x10801ea (res/drawable-hdpi/btn_toggle_off_disabled_focused_holo_dark.9.png) that varies with configuration!!
W/Zygote  (   93): Preloaded drawable resource #0x10801e8 (res/drawable/btn_toggle_holo_light.xml) that varies with configuration!!
W/Zygote  (   93): Preloaded drawable resource #0x10801e7 (res/drawable/btn_toggle_holo_dark.xml) that varies with configuration!!
W/Zygote  (   93): Preloaded drawable resource #0x1080268 (res/drawable/edit_text_holo_light.xml) that varies with configuration!!
W/Zygote  (   93): Preloaded drawable resource #0x1080267 (res/drawable/edit_text_holo_dark.xml) that varies with configuration!!
W/Zygote  (   93): Preloaded drawable resource #0x108074a (res/drawable-hdpi/text_select_handle_left.png) that varies with configuration!!
W/Zygote  (   93): Preloaded drawable resource #0x1080750 (res/drawable-hdpi/text_select_handle_right.png) that varies with configuration!!
W/Zygote  (   93): Preloaded drawable resource #0x108050f (res/drawable/list_selector_holo_dark.xml) that varies with configuration!!
W/Zygote  (   93): Preloaded drawable resource #0x1080510 (res/drawable/list_selector_holo_light.xml) that varies with configuration!!
W/Zygote  (   93): Preloaded drawable resource #0x10804ef (res/drawable-hdpi/list_section_divider_holo_light.9.png) that varies with configuration!!
W/Zygote  (   93): Preloaded drawable resource #0x1080524 (res/drawable-hdpi/menu_hardkey_panel_holo_dark.9.png) that varies with configuration!!
W/Zygote  (   93): Preloaded drawable resource #0x1080525 (res/drawable-hdpi/menu_hardkey_panel_holo_light.9.png) that varies with configuration!!
W/Zygote  (   93): Preloaded drawable resource #0x1080523 (res/drawable-hdpi/menu_dropdown_panel_holo_light.9.png) that varies with configuration!!
W/Zygote  (   93): Preloaded drawable resource #0x108057f (res/drawable-hdpi/overscroll_edge.png) that varies with configuration!!
D/dalvikvm(   93): GC_FOR_ALLOC freed 893K, 22% free 3352K/4291K, paused 11ms
D/dalvikvm(   93): GC_FOR_ALLOC freed 18K, 20% free 3955K/4931K, paused 8ms
W/Zygote  (   93): Preloaded drawable resource #0x1080580 (res/drawable-hdpi/overscroll_glow.png) that varies with configuration!!
D/dalvikvm(   93): GC_FOR_ALLOC freed 89K, 19% free 4090K/4995K, paused 8ms
W/Zygote  (   93): Preloaded drawable resource #0x10805ab (res/drawable/progress_horizontal_holo_dark.xml) that varies with configuration!!
W/Zygote  (   93): Preloaded drawable resource #0x10805ac (res/drawable/progress_horizontal_holo_light.xml) that varies with configuration!!
W/Zygote  (   93): Preloaded drawable resource #0x10805ad (res/drawable/progress_indeterminate_horizontal_holo.xml) that varies with configuration!!
W/Zygote  (   93): Preloaded drawable resource #0x10805af (res/drawable/progress_large_holo.xml) that varies with configuration!!
W/Zygote  (   93): Preloaded drawable resource #0x10805b2 (res/drawable/progress_medium_holo.xml) that varies with configuration!!
W/Zygote  (   93): Preloaded drawable resource #0x10805b4 (res/drawable-hdpi/progress_primary_holo_dark.9.png) that varies with configuration!!
W/Zygote  (   93): Preloaded drawable resource #0x10805b5 (res/drawable-hdpi/progress_primary_holo_light.9.png) that varies with configuration!!
W/Zygote  (   93): Preloaded drawable resource #0x10805b6 (res/drawable-hdpi/progress_secondary_holo_dark.9.png) that varies with configuration!!
W/Zygote  (   93): Preloaded drawable resource #0x10805b7 (res/drawable-hdpi/progress_secondary_holo_light.9.png) that varies with configuration!!
W/Zygote  (   93): Preloaded drawable resource #0x10805b9 (res/drawable/progress_small_holo.xml) that varies with configuration!!
W/Zygote  (   93): Preloaded drawable resource #0x1080629 (res/drawable/scrubber_progress_horizontal_holo_dark.xml) that varies with configuration!!
W/Zygote  (   93): Preloaded drawable resource #0x108062a (res/drawable/scrubber_progress_horizontal_holo_light.xml) that varies with configuration!!
E/DataRouter(   85): After the usb select 
E/DataRouter(   85): read usb data[len:5]
E/DataRouter(   85): read usb data message:~
E/DataRouter(   85): Before the usb select 
E/SMD     (   87): ***Received data notification[DR->SMD]***
E/SMD     (   87): Path set is DATA_PATH_DR_SMD_MANAGER
D/dalvikvm(   93): GC_FOR_ALLOC freed 293K, 15% free 4851K/5699K, paused 9ms
D/dalvikvm(   93): GC_FOR_ALLOC freed 11K, 13% free 6340K/7235K, paused 8ms
D/dalvikvm(   93): GC_FOR_ALLOC freed 8K, 13% free 6342K/7235K, paused 8ms
D/dalvikvm(   93): GC_FOR_ALLOC freed <1K, 11% free 7842K/8771K, paused 9ms
W/Zygote  (   93): Preloaded drawable resource #0x108061f (res/drawable-hdpi/scrollbar_handle_holo_dark.9.png) that varies with configuration!!
W/Zygote  (   93): Preloaded drawable resource #0x1080620 (res/drawable-hdpi/scrollbar_handle_holo_light.9.png) that varies with configuration!!
W/Zygote  (   93): Preloaded drawable resource #0x1080621 (res/drawable-hdpi/scrollbar_handle_horizontal.9.png) that varies with configuration!!
W/Zygote  (   93): Preloaded drawable resource #0x1080622 (res/drawable-hdpi/scrollbar_handle_vertical.9.png) that varies with configuration!!
W/Zygote  (   93): Preloaded drawable resource #0x108065e (res/drawable/spinner_background_holo_dark.xml) that varies with configuration!!
W/Zygote  (   93): Preloaded drawable resource #0x108065f (res/drawable/spinner_background_holo_light.xml) that varies with configuration!!
W/Zygote  (   93): Preloaded drawable resource #0x1080654 (res/drawable-hdpi/spinner_ab_default_holo_dark.9.png) that varies with configuration!!
W/Zygote  (   93): Preloaded drawable resource #0x1080655 (res/drawable-hdpi/spinner_ab_default_holo_light.9.png) that varies with configuration!!
W/Zygote  (   93): Preloaded drawable resource #0x1080656 (res/drawable-hdpi/spinner_ab_disabled_holo_dark.9.png) that varies with configuration!!
W/Zygote  (   93): Preloaded drawable resource #0x1080657 (res/drawable-hdpi/spinner_ab_disabled_holo_light.9.png) that varies with configuration!!
W/Zygote  (   93): Preloaded drawable resource #0x1080658 (res/drawable-hdpi/spinner_ab_focused_holo_dark.9.png) that varies with configuration!!
W/Zygote  (   93): Preloaded drawable resource #0x1080659 (res/drawable-hdpi/spinner_ab_focused_holo_light.9.png) that varies with configuration!!
W/Zygote  (   93): Preloaded drawable resource #0x108065c (res/drawable-hdpi/spinner_ab_pressed_holo_dark.9.png) that varies with configuration!!
W/Zygote  (   93): Preloaded drawable resource #0x108065d (res/drawable-hdpi/spinner_ab_pressed_holo_light.9.png) that varies with configuration!!
W/Zygote  (   93): Preloaded drawable resource #0x108065a (res/drawable/spinner_ab_holo_dark.xml) that varies with configuration!!
W/Zygote  (   93): Preloaded drawable resource #0x108065b (res/drawable/spinner_ab_holo_light.xml) that varies with configuration!!
W/Zygote  (   93): Preloaded drawable resource #0x1080664 (res/drawable-hdpi/spinner_default_holo_dark.9.png) that varies with configuration!!
W/Zygote  (   93): Preloaded drawable resource #0x1080665 (res/drawable-hdpi/spinner_default_holo_light.9.png) that varies with configuration!!
W/Zygote  (   93): Preloaded drawable resource #0x1080666 (res/drawable-hdpi/spinner_disabled_holo_dark.9.png) that varies with configuration!!
W/Zygote  (   93): Preloaded drawable resource #0x1080667 (res/drawable-hdpi/spinner_disabled_holo_light.9.png) that varies with configuration!!
W/Zygote  (   93): Preloaded drawable resource #0x108066b (res/drawable-hdpi/spinner_focused_holo_light.9.png) that varies with configuration!!
W/Zygote  (   93): Preloaded drawable resource #0x108066f (res/drawable-hdpi/spinner_pressed_holo_light.9.png) that varies with configuration!!
W/Zygote  (   93): Preloaded drawable resource #0x1080212 (res/drawable-hdpi/cab_background_bottom_holo_dark.9.png) that varies with configuration!!
W/Zygote  (   93): Preloaded drawable resource #0x1080215 (res/drawable-hdpi/cab_background_top_holo_light.9.png) that varies with configuration!!
W/Zygote  (   93): Preloaded drawable resource #0x1080213 (res/drawable-hdpi/cab_background_bottom_holo_light.9.png) that varies with configuration!!
W/Zygote  (   93): Preloaded drawable resource #0x1080214 (res/drawable-hdpi/cab_background_top_holo_dark.9.png) that varies with configuration!!
W/Zygote  (   93): Preloaded drawable resource #0x10802ea (res/drawable-hdpi/ic_cab_done_holo_light.png) that varies with configuration!!
W/Zygote  (   93): Preloaded drawable resource #0x10800d7 (res/drawable-hdpi/btn_cab_done_focused_holo_light.9.png) that varies with configuration!!
W/Zygote  (   93): Preloaded drawable resource #0x10800d5 (res/drawable-hdpi/btn_cab_done_default_holo_light.9.png) that varies with configuration!!
W/Zygote  (   93): Preloaded drawable resource #0x10800da (res/drawable-hdpi/btn_cab_done_pressed_holo_dark.9.png) that varies with configuration!!
W/Zygote  (   93): Preloaded drawable resource #0x10800d6 (res/drawable-hdpi/btn_cab_done_focused_holo_dark.9.png) that varies with configuration!!
D/TextLayoutCache(   93): Using debug level: 0 - Debug Enabled: 0
W/Zygote  (   93): Preloaded drawable resource #0x10800db (res/drawable-hdpi/btn_cab_done_pressed_holo_light.9.png) that varies with configuration!!
W/Zygote  (   93): Preloaded drawable resource #0x10800d9 (res/drawable/btn_cab_done_holo_light.xml) that varies with configuration!!
W/Zygote  (   93): Preloaded drawable resource #0x10800d8 (res/drawable/btn_cab_done_holo_dark.xml) that varies with configuration!!
W/Zygote  (   93): Class not found for preloading: android.media.AudioManager$2
W/Zygote  (   93): Class not found for preloading: android.media.AudioManager$2
W/Zygote  (   93): Preloaded drawable resource #0x1080231 (res/drawable-hdpi/dialog_bottom_holo_dark.9.png) that varies with configuration!!
W/Zygote  (   93): Preloaded drawable resource #0x1080232 (res/drawable-hdpi/dialog_bottom_holo_light.9.png) that varies with configuration!!
W/Zygote  (   93): Preloaded drawable resource #0x108023f (res/drawable-hdpi/dialog_middle_holo_dark.9.png) that varies with configuration!!
W/Zygote  (   93): Preloaded drawable resource #0x1080240 (res/drawable-hdpi/dialog_middle_holo_light.9.png) that varies with configuration!!
W/Zygote  (   93): Preloaded drawable resource #0x1080241 (res/drawable-hdpi/dialog_top_holo_dark.9.png) that varies with configuration!!
W/Zygote  (   93): Preloaded drawable resource #0x1080242 (res/drawable-hdpi/dialog_top_holo_light.9.png) that varies with configuration!!
W/Zygote  (   93): Preloaded drawable resource #0x10802f8 (res/drawable-hdpi/ic_dialog_alert_holo_dark.png) that varies with configuration!!
I/dalvikvm(   93): threadid=1: recursive native library load attempt (/system/lib/libmedia_jni.so)
D/MtpDeviceJNI(   93): register_android_mtp_MtpDevice
I/dalvikvm(   93): threadid=1: recursive native library load attempt (/system/lib/libmedia_jni.so)
I/dalvikvm(   93): threadid=1: recursive native library load attempt (/system/lib/libmedia_jni.so)
W/Zygote  (   93): Preloaded drawable resource #0x10802f9 (res/drawable-hdpi/ic_dialog_alert_holo_light.png) that varies with configuration!!
W/Zygote  (   93): Class not found for preloading: android.media.IRemoteControlClientDispatcher
W/Zygote  (   93): Class not found for preloading: android.media.IRemoteControlClientDispatcher
W/Zygote  (   93): Class not found for preloading: android.media.IRemoteControlClientDispatcher$Stub
W/Zygote  (   93): Class not found for preloading: android.media.IRemoteControlClientDispatcher$Stub
W/Zygote  (   93): Preloaded drawable resource #0x10800c0 (res/drawable-hdpi/ab_transparent_dark_holo.9.png) that varies with configuration!!
W/Zygote  (   93): Preloaded drawable resource #0x10800be (res/drawable-hdpi/ab_stacked_transparent_dark_holo.9.png) that varies with configuration!!
W/Zygote  (   93): Preloaded drawable resource #0x10800a3 (res/drawable-hdpi/ab_bottom_transparent_dark_holo.9.png) that varies with configuration!!
W/Zygote  (   93): Preloaded drawable resource #0x10800c1 (res/drawable-hdpi/ab_transparent_light_holo.9.png) that varies with configuration!!
W/Zygote  (   93): Preloaded drawable resource #0x10800b9 (res/drawable-hdpi/ab_solid_light_holo.9.png) that varies with configuration!!
W/Zygote  (   93): Preloaded drawable resource #0x10800bd (res/drawable-hdpi/ab_stacked_solid_light_holo.9.png) that varies with configuration!!
W/Zygote  (   93): Preloaded drawable resource #0x10800a2 (res/drawable-hdpi/ab_bottom_solid_light_holo.9.png) that varies with configuration!!
W/Zygote  (   93): Preloaded drawable resource #0x10800ba (res/drawable-hdpi/ab_solid_shadow_holo.9.png) that varies with configuration!!
W/Zygote  (   93): Preloaded drawable resource #0x10803b9 (res/drawable/item_background_holo_dark.xml) that varies with configuration!!
W/Zygote  (   93): Preloaded drawable resource #0x10803ba (res/drawable/item_background_holo_light.xml) that varies with configuration!!
W/Zygote  (   93): Preloaded drawable resource #0x10802c5 (res/drawable-hdpi/ic_ab_back_holo_dark.png) that varies with configuration!!
W/Zygote  (   93): Preloaded drawable resource #0x10802c6 (res/drawable-hdpi/ic_ab_back_holo_light.png) that varies with configuration!!
W/Zygote  (   93): Preloaded drawable resource #0x1080293 (res/drawable/fastscroll_thumb_holo.xml) that varies with configuration!!
W/Zygote  (   93): Preloaded drawable resource #0x1080294 (res/drawable-hdpi/fastscroll_thumb_pressed_holo.png) that varies with configuration!!
W/Zygote  (   93): Preloaded drawable resource #0x1080292 (res/drawable-hdpi/fastscroll_thumb_default_holo.png) that varies with configuration!!
W/Zygote  (   93): Preloaded drawable resource #0x108028e (res/drawable-hdpi/fastscroll_label_left_holo_dark.9.png) that varies with configuration!!
W/Zygote  (   93): Preloaded drawable resource #0x1080290 (res/drawable-hdpi/fastscroll_label_right_holo_dark.9.png) that varies with configuration!!
W/Zygote  (   93): Preloaded drawable resource #0x108028f (res/drawable-hdpi/fastscroll_label_left_holo_light.9.png) that varies with configuration!!
D/dalvikvm(   93): GC_FOR_ALLOC freed 962K, 11% free 8923K/9923K, paused 15ms
W/Zygote  (   93): Preloaded drawable resource #0x1080291 (res/drawable-hdpi/fastscroll_label_right_holo_light.9.png) that varies with configuration!!
W/Zygote  (   93): Preloaded drawable resource #0x108077f (res/drawable/textfield_searchview_holo_dark.xml) that varies with configuration!!
W/Zygote  (   93): Preloaded drawable resource #0x1080781 (res/drawable/textfield_searchview_right_holo_dark.xml) that varies with configuration!!
W/Zygote  (   93): Preloaded drawable resource #0x1080780 (res/drawable/textfield_searchview_holo_light.xml) that varies with configuration!!
D/PHONESERVER(  140): async_symlink finished /dev/pts/1 /dev/CHNPTY0
D/PHONESERVER(  140): chnmng_find_buffer!
D/PHONESERVER(  140): CHNMNG:to open /dev/ptmx !
D/PHONESERVER(  140): CHNMNG:/dev/ptmx opened!
D/PHONESERVER(  140): CHNMNG:/dev/ptmx opened rett=0 ptn=2!
D/PHONESERVER(  140): CHNMNG get pty OK mpty=39!
D/PHONESERVER(  140): async_symlink /dev/pts/2 /dev/CHNPTY1
W/Zygote  (   93): Preloaded drawable resource #0x1080782 (res/drawable/textfield_searchview_right_holo_light.xml) that varies with configuration!!
W/Zygote  (   93): Preloaded drawable resource #0x108077d (res/drawable-hdpi/textfield_search_selected_holo_dark.9.png) that varies with configuration!!
W/Zygote  (   93): Preloaded drawable resource #0x108077a (res/drawable-hdpi/textfield_search_right_selected_holo_dark.9.png) that varies with configuration!!
W/Zygote  (   93): Preloaded drawable resource #0x108077e (res/drawable-hdpi/textfield_search_selected_holo_light.9.png) that varies with configuration!!
W/Zygote  (   93): Preloaded drawable resource #0x1080772 (res/drawable-hdpi/textfield_search_default_holo_light.9.png) that varies with configuration!!
W/Zygote  (   93): Preloaded drawable resource #0x108077b (res/drawable-hdpi/textfield_search_right_selected_holo_light.9.png) that varies with configuration!!
W/Zygote  (   93): Preloaded drawable resource #0x1080779 (res/drawable-hdpi/textfield_search_right_default_holo_light.9.png) that varies with configuration!!
W/Zygote  (   93): Preloaded drawable resource #0x1080731 (res/drawable/tab_indicator_holo.xml) that varies with configuration!!
W/Zygote  (   93): Preloaded drawable resource #0x1080742 (res/drawable-hdpi/tab_unselected_holo.9.png) that varies with configuration!!
W/Zygote  (   93): Preloaded drawable resource #0x108073d (res/drawable-hdpi/tab_selected_holo.9.png) that varies with configuration!!
W/Zygote  (   93): Preloaded drawable resource #0x1080741 (res/drawable-hdpi/tab_unselected_focused_holo.9.png) that varies with configuration!!
W/Zygote  (   93): Preloaded drawable resource #0x108073c (res/drawable-hdpi/tab_selected_focused_holo.9.png) that varies with configuration!!
W/Zygote  (   93): Preloaded drawable resource #0x1080743 (res/drawable-hdpi/tab_unselected_pressed_holo.9.png) that varies with configuration!!
W/Zygote  (   93): Preloaded drawable resource #0x108073e (res/drawable-hdpi/tab_selected_pressed_holo.9.png) that varies with configuration!!
W/Zygote  (   93): Preloaded drawable resource #0x10805d2 (res/drawable/quickcontact_badge_overlay_light.xml) that varies with configuration!!
W/Zygote  (   93): Preloaded drawable resource #0x10805d4 (res/drawable-hdpi/quickcontact_badge_overlay_normal_light.9.png) that varies with configuration!!
W/Zygote  (   93): Preloaded drawable resource #0x10805d6 (res/drawable-hdpi/quickcontact_badge_overlay_pressed_light.9.png) that varies with configuration!!
D/dalvikvm(   93): GC_FOR_ALLOC freed 227K, 10% free 9135K/10051K, paused 20ms
V/BluetoothEventLoop.cpp(   93): classInitNative
V/BluetoothService.cpp(   93): classInitNative
I/Zygote  (   93): ...preloaded 380 resources in 2096ms.
I/Zygote  (   93): ...preloaded 31 resources in 39ms.
I/Zygote  (   93): !@End of preloadResources()
W/Zygote  (   93): Class not found for preloading: android.text.method.WordIterator$1
W/Zygote  (   93): Class not found for preloading: android.text.method.WordIterator$1
W/Zygote  (   93): Class not found for preloading: android.text.TextDirectionHeuristics$CharCount
