V/AudioFlinger(   95): purging stale effects
V/AudioPolicyService(   95): releaseOutput() tid 95
V/AudioPolicyManagerBase(   95): releaseOutput() 1
V/AudioFlinger(   95): remove track (4099) and delete from mixer
V/AudioFlinger(   95): PlaybackThread::Track destructor
W/AudioHardwareALSA(   95): glx [AndroidPlayback_Speaker_normal] gggggggggggggggggggggggggg snd_pcm_writei
W/ALSAModule(   95): s_open not need reentrant protecting, green channel
W/ALSAModule(   95): luther don't need to wait for cp....
W/ALSAModule(   95): oooooooooooooooo s_open Enter incall=0
W/ALSAModule(   95): s_open got lock1
W/ALSAModule(   95): s_open got lock2, yeah
W/ALSAModule(   95): you do not want to mute audio path
W/ALSAModule(   95): close snd_pcm_drain
W/ALSAModule(   95): close snd_pcm_drain done & ret=0
W/ALSAModule(   95): close snd_pcm_close
W/ALSAModule(   95): close OK
V/ALSAModule(   95): initially, setHardwareParams: buffer size: 882, latency: 21768
V/ALSAModule(   95): Set PLAYBACK PCM format to S16_LE (Signed 16 bit Little Endian)
V/ALSAModule(   95): Using 2 channels for PLAYBACK.
V/ALSAModule(   95): Set PLAYBACK sample rate to 44100 HZ
V/ALSAModule(   95): snd_pcm_hw_params_set_buffer_size_near: get buffer size: 960
V/ALSAModule(   95): snd_pcm_hw_params_set_buffer_time_near: get latency: 21768
V/ALSAModule(   95): finally, setHardwareParams: snd_pcm_get_params: buffer time: 21768, buffer size: 960, period time: 3628, period size: 160
I/ALSAModule(   95): Initialized ALSA PLAYBACK device AndroidPlayback_Speaker_normal
W/ALSAModule(   95): [ Open ] s_audio_path_route to mode=0 BeingMode=0 0x00000002
W/ALSAModule(   95): alsa-phone ringtone special process, speaker to 1 later
W/ALSAModule(   95): qqqqqqqqqqqqqqqq s_open Exit
W/AudioHardwareALSA(   95): alsa-phone ringtone special process, speaker to 1 now [data 3840 bytes]
D/InputReader(  251): Input event: value=0
D/KeyguardViewMediator(  251): Not factory mode
D/KeyguardViewMediator(  251): Not factory mode
I/InputDispatcher(  251): Delivering key to current input target: action: 0x1
I/InputDispatcher(  251): Delivering key to current input target: action: 0x1
I/InputDispatcher(  251): Delivering key to current input target: action: 0x1
I/InputDispatcher(  251): Delivering key to current input target: action: 0x1
I/ClipboardServiceEx(  251): mCBPickerDialog enter case. MSG_DISMISS_DIALOG
D/KeyguardViewMediator(  251): setHidden false
W/Settings(  490): Setting location_providers_allowed has moved from android.provider.Settings.System to android.provider.Settings.Secure, returning Secure URI.
V/AudioFlinger(   95): getNextBuffer() no more data for track 4098 on thread 0x17dd770
V/AudioFlinger(   95): stop(4098), calling thread 251
V/AudioFlinger(   95): (> STOPPED) => STOPPED (4098) on thread 0x17dd770
V/AudioPolicyService(   95): stopOutput() tid 95
D/AudioPolicyManagerALSA(   95): stopOutput() output=1, stream=1, sesssion=13
V/AudioPolicyManagerBase(   95): stopOutput() output 1, stream 1, session 13
V/AudioPolicyManagerBase(   95): changeRefCount() stream 1, count 0
V/AudioPolicyManagerBase(   95): getNewDevice() selected device 0
V/AudioPolicyManagerALSA(   95): AudioPolicyManagerBase::setOutputDevice() output 1 device 0 delayMs 18
V/AudioPolicyManagerALSA(   95): setOutputDevice() setting same device 0 or null device for output 1
V/AudioFlinger(   95): TrackBase::reset
W/Settings(  490): Setting location_providers_allowed has moved from android.provider.Settings.System to android.provider.Settings.Secure, returning Secure URI.
I/SurfaceFlinger(   92): id=17(5) createSurface 0x4d286c (480x800),1 flag=400, MiuiSettingt
D/KeyguardViewMediator(  251): setHidden false
D/STATUSBAR-StatusBarManagerService(  251): setSystemUiVisibility(0x0)
D/STATUSBAR-StatusBarManagerService(  251): manageDisableList what=0x0 pkg=WindowManager.LayoutParams
D/GlRenderer(  490): initialize
D/GlRenderer(  490): initializeEgl
I/libEGL  (  490): eglCreateWindowSurface
I/ClipboardServiceEx(  251): Send intent for dismiss clipboard dialog inside hideCurrentInputLocked() !
D/KeyguardViewMediator(  251): setHidden false
D/DEFERED_APP_VISIBILITY(  251): tweaking closing app
D/KeyguardViewMediator(  251): setHidden false
D/KeyguardViewMediator(  251): setHidden false
D/KeyguardViewMediator(  251): setHidden false
D/KeyguardViewMediator(  251): setHidden false
D/OpenGLRenderer(  490): Flushing caches (mode 0)
D/KeyguardViewMediator(  251): setHidden false
D/KeyguardViewMediator(  251): setHidden false
D/KeyguardViewMediator(  251): setHidden false
D/KeyguardViewMediator(  251): setHidden false
D/KeyguardViewMediator(  251): setHidden false
D/KeyguardViewMediator(  251): setHidden false
D/KeyguardViewMediator(  251): setHidden false
D/KeyguardViewMediator(  251): setHidden false
D/KeyguardViewMediator(  251): setHidden false
D/KeyguardViewMediator(  251): setHidden false
D/KeyguardViewMediator(  251): setHidden false
I/SurfaceFlinger(   92): id=16 Removed SubSettingt idx=2 Map Size=4
I/SurfaceFlinger(   92): id=16 Removed SubSettingt idx=-2 Map Size=4
D/KeyguardViewMediator(  251): setHidden false
I/InputReader(  251): Touch event's action is 0x0 (deviceType=0) [pCnt=1, pending(waiting finished signal)=0, s=0.17 ]
I/InputDispatcher(  251): Delivering touch to current input target: action: 0x0
I/InputDispatcher(  251): Delivering touch to current input target: action: 0x0
I/InputDispatcher(  251): Delivering touch to current input target: action: 0x0
I/InputDispatcher(  251): Delivering touch to current input target: action: 0x0
I/InputReader(  251): Touch event's action is 0x1 (deviceType=0) [pCnt=1, pending(waiting finished signal)=0, s=]
I/InputDispatcher(  251): Delivering touch to current input target: action: 0x1
I/InputDispatcher(  251): Delivering touch to current input target: action: 0x1
I/InputDispatcher(  251): Delivering touch to current input target: action: 0x1
I/InputDispatcher(  251): Delivering touch to current input target: action: 0x1
I/InputReader(  251): Touch event's action is 0x0 (deviceType=0) [pCnt=1, pending(waiting finished signal)=0, s=0.18 ]
I/InputDispatcher(  251): Delivering touch to current input target: action: 0x0
I/InputDispatcher(  251): Delivering touch to current input target: action: 0x0
I/InputDispatcher(  251): Delivering touch to current input target: action: 0x0
I/InputDispatcher(  251): Delivering touch to current input target: action: 0x0
I/InputReader(  251): Touch event's action is 0x1 (deviceType=0) [pCnt=1, pending(waiting finished signal)=0, s=]
I/InputDispatcher(  251): Delivering touch to current input target: action: 0x1
I/InputDispatcher(  251): Delivering touch to current input target: action: 0x1
I/InputDispatcher(  251): Delivering touch to current input target: action: 0x1
I/InputDispatcher(  251): Delivering touch to current input target: action: 0x1
I/AudioPolicyManagerBase(   95): getSituationVolume: isBTConnected:0 isHeadConnected:0
V/AudioPolicyManagerBase(   95): getParamFromPolicy  deviceInt = 0, situationInt = 1, situationVolume = 0.500000
D/AudioService(  251): playSoundEffect()
V/AudioFlinger(   95): createTrack() sessionId: 0
V/AudioFlinger(   95): createTrack() lSessionId: 14
V/AudioFlinger(   95): Track constructor name 4099, calling thread 251
V/AudioFlinger(   95): acquiring 14 from 251
V/AudioFlinger(   95):  added new entry for 14
V/AudioFlinger(   95): start(4099), calling thread 251 session 14
V/AudioFlinger(   95): ? => ACTIVE (4099) on thread 0x17d0d98
V/AudioPolicyService(   95): startOutput() tid 213
V/AudioPolicyManagerBase(   95): startOutput() output 1, stream 1, session 14
V/AudioPolicyManagerBase(   95): getDeviceForStrategy() from cache strategy 0, device 2
V/AudioPolicyManagerBase(   95): changeRefCount() stream 1, count 1
V/AudioPolicyManagerBase(   95): getDeviceForStrategy() from cache strategy 0, device 2
V/AudioPolicyManagerBase(   95): getNewDevice() selected device 2
V/AudioPolicyManagerALSA(   95): AudioPolicyManagerBase::setOutputDevice() output 1 device 2 delayMs 0
V/AudioPolicyManagerALSA(   95): setOutputDevice() setting same device 2 or null device for output 1
D/AudioPolicyManagerALSA(   95): startOutput() output=1, stream=1, session=14, phoneState=0
E/AudioFlinger(   95): addTrack_l streamType (4)
E/AudioFlinger(   95): addTrack_l streamType (0, 1) for mStreamTypes[stream].volume[0.251189]
D/AudioHardwareALSA(   95): ALSAStreamOps::setParameters() start_output_streamtype=1;start_output_streamvol=4
E/AudioHardwareALSA(   95): organ_volIndex=4
E/AudioHardwareALSA(   95): organ_streamIndex=1
E/AudioHardwareALSA(   95): setOrgan() 1,OnOff[1],volume[4]
W/ALSAModule(   95): audio_tune_hw4app_register tat=[12] volume_type=[0] volume_level=[4]
W/ALSAModule(   95): audio_tune_hw4app_policy bitmap=0x00001000 is 12
W/ALSAModule(   95): audio_tune_hw4app_write2hardware can't locate the right mFactoryRouteRCVMode [0]
W/ALSAModule(   95): audio_tune_hw4app_write2hardware will apply [12,music] vol_type0, vol_level4, eq_type0, device_mode3 to audio hardware
E/AudioHardwareALSA(   95): setOrgan=1
V/AudioFlinger(   95): mWaitWorkCV.broadcast
V/AudioFlinger(   95): releasing 13 from 251
V/AudioFlinger(   95):  decremented refcount to 0
V/AudioFlinger(   95): purging stale effects
V/AudioPolicyService(   95): releaseOutput() tid 95
V/AudioPolicyManagerBase(   95): releaseOutput() 1
V/AudioFlinger(   95): remove track (4098) and delete from mixer
V/AudioFlinger(   95): PlaybackThread::Track destructor
I/ActivityManager(  251): START {intent.toShortString} from pid 490
D/ActivityManager(  251): Trying to launch applicationName
D/KeyguardViewMediator(  251): setHidden false
D/AbsListView(  490): Get MotionRecognitionManager
V/AudioFlinger(   95): getNextBuffer() no more data for track 4099 on thread 0x17dd770
V/AudioFlinger(   95): stop(4099), calling thread 251
V/AudioFlinger(   95): (> STOPPED) => STOPPED (4099) on thread 0x17dd770
V/AudioPolicyService(   95): stopOutput() tid 209
D/AudioPolicyManagerALSA(   95): stopOutput() output=1, stream=1, sesssion=14
V/AudioPolicyManagerBase(   95): stopOutput() output 1, stream 1, session 14
V/AudioPolicyManagerBase(   95): changeRefCount() stream 1, count 0
V/AudioPolicyManagerBase(   95): getNewDevice() selected device 0
V/AudioPolicyManagerALSA(   95): AudioPolicyManagerBase::setOutputDevice() output 1 device 0 delayMs 18
V/AudioPolicyManagerALSA(   95): setOutputDevice() setting same device 0 or null device for output 1
V/AudioFlinger(   95): TrackBase::reset
D/AbsListView(  490): Get MotionRecognitionManager
D/AbsListView(  490): [unregisterDoubleTapMotionListener]
D/dalvikvm(  490): GC_CONCURRENT freed 272K, 11% free 14103K/15751K, paused 3ms+9ms
I/MotionRecognitionManager(  490):   .unregisterListener : / listener count = 0->0, listener=android.widget.AbsListView$4@41b1ee60
D/AbsListView(  490): [unregisterDoubleTapMotionListener]
I/MotionRecognitionManager(  490):   .unregisterListener : / listener count = 0->0, listener=android.widget.AbsListView$4@41b2fa80
I/SurfaceFlinger(   92): id=18(6) createSurface 0x4dd0bc (1x1),1 flag=400, SubSettingt
D/KeyguardViewMediator(  251): setHidden false
D/STATUSBAR-StatusBarManagerService(  251): setSystemUiVisibility(0x0)
D/STATUSBAR-StatusBarManagerService(  251): manageDisableList what=0x0 pkg=WindowManager.LayoutParams
D/GlRenderer(  490): initialize
D/GlRenderer(  490): initializeEgl
I/libEGL  (  490): eglCreateWindowSurface
I/ClipboardServiceEx(  251): Send intent for dismiss clipboard dialog inside hideCurrentInputLocked() !
D/KeyguardViewMediator(  251): setHidden false
I/ActivityManager(  251): Displayed shortComponentName: +1s102ms
D/DEFERED_APP_VISIBILITY(  251): tweaking closing app
D/KeyguardViewMediator(  251): setHidden false
D/KeyguardViewMediator(  251): setHidden false
D/OpenGLRenderer(  490): Flushing caches (mode 0)
D/KeyguardViewMediator(  251): setHidden false
D/KeyguardViewMediator(  251): setHidden false
D/KeyguardViewMediator(  251): setHidden false
D/KeyguardViewMediator(  251): setHidden false
D/KeyguardViewMediator(  251): setHidden false
W/PowerManagerService(  251): Timer 0x7->0x3|0x0
I/PowerManagerService(  251): Ulight 0x7->0x3|0x0
D/KeyguardViewMediator(  251): setHidden false
D/PowerManagerService(  251): setLightBrightness : mButtonLight : 0
D/KeyguardViewMediator(  251): setHidden false
D/KeyguardViewMediator(  251): setHidden false
D/KeyguardViewMediator(  251): setHidden false
D/KeyguardViewMediator(  251): setHidden false
D/KeyguardViewMediator(  251): setHidden false
D/KeyguardViewMediator(  251): setHidden false
D/KeyguardViewMediator(  251): setHidden false
D/KeyguardViewMediator(  251): setHidden false
D/KeyguardViewMediator(  251): setHidden false
D/KeyguardViewMediator(  251): setHidden false
D/KeyguardViewMediator(  251): setHidden false
D/KeyguardViewMediator(  251): setHidden false
I/SurfaceFlinger(   92): id=17 Removed MiuiSettingt idx=2 Map Size=4
I/SurfaceFlinger(   92): id=17 Removed MiuiSettingt idx=-2 Map Size=4
D/KeyguardViewMediator(  251): setHidden false
I/InputReader(  251): Touch event's action is 0x0 (deviceType=0) [pCnt=1, pending(waiting finished signal)=0, s=0.19 ]
I/InputDispatcher(  251): Delivering touch to current input target: action: 0x0
I/InputDispatcher(  251): Delivering touch to current input target: action: 0x0
I/InputDispatcher(  251): Delivering touch to current input target: action: 0x0
I/InputDispatcher(  251): Delivering touch to current input target: action: 0x0
I/PowerManagerService(  251): Ulight 0x3->0x7|0x0
D/PowerManagerService(  251): setLightBrightness : mButtonLight : 102
I/InputReader(  251): Touch event's action is 0x1 (deviceType=0) [pCnt=1, pending(waiting finished signal)=1, s=]
I/InputDispatcher(  251): Delivering touch to current input target: action: 0x1
I/InputDispatcher(  251): Delivering touch to current input target: action: 0x1
I/InputDispatcher(  251): Delivering touch to current input target: action: 0x1
I/InputDispatcher(  251): Delivering touch to current input target: action: 0x1
D/dalvikvm(  490): GC_CONCURRENT freed 1029K, 15% free 13850K/16199K, paused 4ms+12ms
I/InputReader(  251): Touch event's action is 0x0 (deviceType=0) [pCnt=1, pending(waiting finished signal)=0, s=0.20 ]
I/InputDispatcher(  251): Delivering touch to current input target: action: 0x0
I/InputDispatcher(  251): Delivering touch to current input target: action: 0x0
I/InputDispatcher(  251): Delivering touch to current input target: action: 0x0
I/InputDispatcher(  251): Delivering touch to current input target: action: 0x0
V/AudioFlinger(   95): Audio hardware entering standby, mixer 0x17dd770, mSuspended 0
D/LVVE_Engine(   95): LVVEFS_Rx_Command LVVEFS_COMMAND_RESET returns success
W/AudioHardwareALSA(   95): AudioStreamOutALSA::standby snd_pcm_drain start ...
W/AudioHardwareALSA(   95): AudioStreamOutALSA::standby snd_pcm_drain finish ...
V/AudioFlinger(   95): releaseWakeLock_l() AudioOut_1
V/AudioFlinger(   95): MixerThread 0x17dd770 TID 208 going to sleep
I/InputReader(  251): Touch event's action is 0x1 (deviceType=0) [pCnt=1, pending(waiting finished signal)=0, s=]
I/InputDispatcher(  251): Delivering touch to current input target: action: 0x1
I/InputDispatcher(  251): Delivering touch to current input target: action: 0x1
I/InputDispatcher(  251): Delivering touch to current input target: action: 0x1
I/InputDispatcher(  251): Delivering touch to current input target: action: 0x1
I/InputReader(  251): Touch event's action is 0x0 (deviceType=0) [pCnt=1, pending(waiting finished signal)=0, s=0.21 ]
I/InputDispatcher(  251): Delivering touch to current input target: action: 0x0
I/InputDispatcher(  251): Delivering touch to current input target: action: 0x0
I/InputDispatcher(  251): Delivering touch to current input target: action: 0x0
I/InputDispatcher(  251): Delivering touch to current input target: action: 0x0
D/dalvikvm(  422): GC_CONCURRENT freed 1925K, 14% free 21765K/25095K, paused 3ms+3ms
I/InputReader(  251): Touch event's action is 0x1 (deviceType=0) [pCnt=1, pending(waiting finished signal)=1, s=]
I/InputDispatcher(  251): Delivering touch to current input target: action: 0x1
I/InputDispatcher(  251): Delivering touch to current input target: action: 0x1
I/InputDispatcher(  251): Delivering touch to current input target: action: 0x1
I/InputDispatcher(  251): Delivering touch to current input target: action: 0x1
D/InputReader(  251): Input event: value=1
D/KeyguardViewMediator(  251): Not factory mode
D/KeyguardViewMediator(  251): Not factory mode
I/AudioPolicyManagerBase(   95): getSituationVolume: isBTConnected:0 isHeadConnected:0
V/AudioPolicyManagerBase(   95): getParamFromPolicy  deviceInt = 0, situationInt = 1, situationVolume = 0.500000
D/AudioService(  251): playSoundEffect()
V/AudioFlinger(   95): createTrack() sessionId: 0
V/AudioFlinger(   95): createTrack() lSessionId: 15
D/KeyguardViewMediator(  251): Not factory mode
I/InputDispatcher(  251): Delivering key to current input target: action: 0x0
I/InputDispatcher(  251): Delivering key to current input target: action: 0x0
I/InputDispatcher(  251): Delivering key to current input target: action: 0x0
I/InputDispatcher(  251): Delivering key to current input target: action: 0x0
V/AudioFlinger(   95): Track constructor name 4098, calling thread 251
V/AudioFlinger(   95): acquiring 15 from 251
V/AudioFlinger(   95):  added new entry for 15
V/AudioFlinger(   95): start(4098), calling thread 251 session 15
V/AudioFlinger(   95): ? => ACTIVE (4098) on thread 0x1803ba8
V/AudioPolicyService(   95): startOutput() tid 95
V/AudioPolicyManagerBase(   95): startOutput() output 1, stream 1, session 15
V/AudioPolicyManagerBase(   95): getDeviceForStrategy() from cache strategy 0, device 2
V/AudioPolicyManagerBase(   95): changeRefCount() stream 1, count 1
V/AudioPolicyManagerBase(   95): getDeviceForStrategy() from cache strategy 0, device 2
V/AudioPolicyManagerBase(   95): getNewDevice() selected device 2
V/AudioPolicyManagerALSA(   95): AudioPolicyManagerBase::setOutputDevice() output 1 device 2 delayMs 0
V/AudioPolicyManagerALSA(   95): setOutputDevice() setting same device 2 or null device for output 1
D/AudioPolicyManagerALSA(   95): startOutput() output=1, stream=1, session=15, phoneState=0
E/AudioFlinger(   95): addTrack_l streamType (4)
E/AudioFlinger(   95): addTrack_l streamType (0, 1) for mStreamTypes[stream].volume[0.251189]
D/AudioHardwareALSA(   95): ALSAStreamOps::setParameters() start_output_streamtype=1;start_output_streamvol=4
E/AudioHardwareALSA(   95): organ_volIndex=4
E/AudioHardwareALSA(   95): organ_streamIndex=1
E/AudioHardwareALSA(   95): setOrgan() 1,OnOff[1],volume[4]
W/ALSAModule(   95): audio_tune_hw4app_register tat=[12] volume_type=[0] volume_level=[4]
W/ALSAModule(   95): audio_tune_hw4app_policy bitmap=0x00001000 is 12
W/ALSAModule(   95): audio_tune_hw4app_write2hardware can't locate the right mFactoryRouteRCVMode [0]
W/ALSAModule(   95): audio_tune_hw4app_write2hardware will apply [12,music] vol_type0, vol_level4, eq_type0, device_mode3 to audio hardware
E/AudioHardwareALSA(   95): setOrgan=1
V/AudioFlinger(   95): mWaitWorkCV.broadcast
V/AudioFlinger(   95): MixerThread 0x17dd770 TID 208 waking up
V/AudioFlinger(   95): acquireWakeLock_l() AudioOut_1 status 0
V/AudioFlinger(   95): releasing 14 from 251
V/AudioFlinger(   95):  decremented refcount to 0
V/AudioFlinger(   95): purging stale effects
V/AudioPolicyService(   95): releaseOutput() tid 209
V/AudioPolicyManagerBase(   95): releaseOutput() 1
V/AudioFlinger(   95): remove track (4099) and delete from mixer
V/AudioFlinger(   95): PlaybackThread::Track destructor
W/AudioHardwareALSA(   95): glx [AndroidPlayback_Speaker_normal] gggggggggggggggggggggggggg snd_pcm_writei
W/ALSAModule(   95): s_open not need reentrant protecting, green channel
W/ALSAModule(   95): luther don't need to wait for cp....
W/ALSAModule(   95): oooooooooooooooo s_open Enter incall=0
W/ALSAModule(   95): s_open got lock1
W/ALSAModule(   95): s_open got lock2, yeah
W/ALSAModule(   95): you do not want to mute audio path
W/ALSAModule(   95): close snd_pcm_drain
W/ALSAModule(   95): close snd_pcm_drain done & ret=0
W/ALSAModule(   95): close snd_pcm_close
W/ALSAModule(   95): close OK
V/ALSAModule(   95): initially, setHardwareParams: buffer size: 882, latency: 21768
V/ALSAModule(   95): Set PLAYBACK PCM format to S16_LE (Signed 16 bit Little Endian)
V/ALSAModule(   95): Using 2 channels for PLAYBACK.
V/ALSAModule(   95): Set PLAYBACK sample rate to 44100 HZ
V/ALSAModule(   95): snd_pcm_hw_params_set_buffer_size_near: get buffer size: 960
V/ALSAModule(   95): snd_pcm_hw_params_set_buffer_time_near: get latency: 21768
V/ALSAModule(   95): finally, setHardwareParams: snd_pcm_get_params: buffer time: 21768, buffer size: 960, period time: 3628, period size: 160
I/ALSAModule(   95): Initialized ALSA PLAYBACK device AndroidPlayback_Speaker_normal
W/ALSAModule(   95): [ Open ] s_audio_path_route to mode=0 BeingMode=0 0x00000002
W/ALSAModule(   95): alsa-phone ringtone special process, speaker to 1 later
W/ALSAModule(   95): qqqqqqqqqqqqqqqq s_open Exit
W/AudioHardwareALSA(   95): alsa-phone ringtone special process, speaker to 1 now [data 3840 bytes]
D/InputReader(  251): Input event: value=0
D/KeyguardViewMediator(  251): Not factory mode
D/KeyguardViewMediator(  251): Not factory mode
I/InputDispatcher(  251): Delivering key to current input target: action: 0x1
I/InputDispatcher(  251): Delivering key to current input target: action: 0x1
I/InputDispatcher(  251): Delivering key to current input target: action: 0x1
I/InputDispatcher(  251): Delivering key to current input target: action: 0x1
I/ClipboardServiceEx(  251): mCBPickerDialog enter case. MSG_DISMISS_DIALOG
D/KeyguardViewMediator(  251): setHidden false
W/Settings(  490): Setting location_providers_allowed has moved from android.provider.Settings.System to android.provider.Settings.Secure, returning Secure URI.
V/AudioFlinger(   95): getNextBuffer() no more data for track 4098 on thread 0x17dd770
V/AudioFlinger(   95): stop(4098), calling thread 251
V/AudioFlinger(   95): (> STOPPED) => STOPPED (4098) on thread 0x17dd770
V/AudioPolicyService(   95): stopOutput() tid 209
D/AudioPolicyManagerALSA(   95): stopOutput() output=1, stream=1, sesssion=15
V/AudioPolicyManagerBase(   95): stopOutput() output 1, stream 1, session 15
V/AudioPolicyManagerBase(   95): changeRefCount() stream 1, count 0
V/AudioPolicyManagerBase(   95): getNewDevice() selected device 0
V/AudioPolicyManagerALSA(   95): AudioPolicyManagerBase::setOutputDevice() output 1 device 0 delayMs 18
V/AudioPolicyManagerALSA(   95): setOutputDevice() setting same device 0 or null device for output 1
W/Settings(  490): Setting location_providers_allowed has moved from android.provider.Settings.System to android.provider.Settings.Secure, returning Secure URI.
V/AudioFlinger(   95): TrackBase::reset
I/SurfaceFlinger(   92): id=19(7) createSurface 0x4dd4bc (480x800),1 flag=400, MiuiSettingt
D/KeyguardViewMediator(  251): setHidden false
D/STATUSBAR-StatusBarManagerService(  251): setSystemUiVisibility(0x0)
D/STATUSBAR-StatusBarManagerService(  251): manageDisableList what=0x0 pkg=WindowManager.LayoutParams
D/GlRenderer(  490): initialize
D/GlRenderer(  490): initializeEgl
I/libEGL  (  490): eglCreateWindowSurface
I/ClipboardServiceEx(  251): Send intent for dismiss clipboard dialog inside hideCurrentInputLocked() !
D/KeyguardViewMediator(  251): setHidden false
D/DEFERED_APP_VISIBILITY(  251): tweaking closing app
D/KeyguardViewMediator(  251): setHidden false
D/KeyguardViewMediator(  251): setHidden false
D/KeyguardViewMediator(  251): setHidden false
D/KeyguardViewMediator(  251): setHidden false
D/OpenGLRenderer(  490): Flushing caches (mode 0)
D/KeyguardViewMediator(  251): setHidden false
D/KeyguardViewMediator(  251): setHidden false
D/KeyguardViewMediator(  251): setHidden false
D/KeyguardViewMediator(  251): setHidden false
D/KeyguardViewMediator(  251): setHidden false
D/KeyguardViewMediator(  251): setHidden false
D/KeyguardViewMediator(  251): setHidden false
D/KeyguardViewMediator(  251): setHidden false
D/KeyguardViewMediator(  251): setHidden false
D/KeyguardViewMediator(  251): setHidden false
D/KeyguardViewMediator(  251): setHidden false
I/SurfaceFlinger(   92): id=18 Removed SubSettingt idx=2 Map Size=4
I/SurfaceFlinger(   92): id=18 Removed SubSettingt idx=-2 Map Size=4
D/KeyguardViewMediator(  251): setHidden false
D/InputReader(  251): Input event: value=1
D/KeyguardViewMediator(  251): Not factory mode
D/KeyguardViewMediator(  251): Not factory mode
I/AudioPolicyManagerBase(   95): getSituationVolume: isBTConnected:0 isHeadConnected:0
V/AudioPolicyManagerBase(   95): getParamFromPolicy  deviceInt = 0, situationInt = 1, situationVolume = 0.500000
D/AudioService(  251): playSoundEffect()
V/AudioFlinger(   95): createTrack() sessionId: 0
V/AudioFlinger(   95): createTrack() lSessionId: 16
V/AudioFlinger(   95): Track constructor name 4099, calling thread 251
D/KeyguardViewMediator(  251): Not factory mode
I/InputDispatcher(  251): Delivering key to current input target: action: 0x0
I/InputDispatcher(  251): Delivering key to current input target: action: 0x0
I/InputDispatcher(  251): Delivering key to current input target: action: 0x0
I/InputDispatcher(  251): Delivering key to current input target: action: 0x0
V/AudioFlinger(   95): acquiring 16 from 251
V/AudioFlinger(   95):  added new entry for 16
V/AudioFlinger(   95): start(4099), calling thread 251 session 16
V/AudioFlinger(   95): ? => ACTIVE (4099) on thread 0x180ddb8
V/AudioPolicyService(   95): startOutput() tid 213
V/AudioPolicyManagerBase(   95): startOutput() output 1, stream 1, session 16
V/AudioPolicyManagerBase(   95): getDeviceForStrategy() from cache strategy 0, device 2
V/AudioPolicyManagerBase(   95): changeRefCount() stream 1, count 1
V/AudioPolicyManagerBase(   95): getDeviceForStrategy() from cache strategy 0, device 2
V/AudioPolicyManagerBase(   95): getNewDevice() selected device 2
V/AudioPolicyManagerALSA(   95): AudioPolicyManagerBase::setOutputDevice() output 1 device 2 delayMs 0
V/AudioPolicyManagerALSA(   95): setOutputDevice() setting same device 2 or null device for output 1
D/AudioPolicyManagerALSA(   95): startOutput() output=1, stream=1, session=16, phoneState=0
E/AudioFlinger(   95): addTrack_l streamType (4)
E/AudioFlinger(   95): addTrack_l streamType (0, 1) for mStreamTypes[stream].volume[0.251189]
D/AudioHardwareALSA(   95): ALSAStreamOps::setParameters() start_output_streamtype=1;start_output_streamvol=4
E/AudioHardwareALSA(   95): organ_volIndex=4
E/AudioHardwareALSA(   95): organ_streamIndex=1
E/AudioHardwareALSA(   95): setOrgan() 1,OnOff[1],volume[4]
W/ALSAModule(   95): audio_tune_hw4app_register tat=[12] volume_type=[0] volume_level=[4]
W/ALSAModule(   95): audio_tune_hw4app_policy bitmap=0x00001000 is 12
W/ALSAModule(   95): audio_tune_hw4app_write2hardware can't locate the right mFactoryRouteRCVMode [0]
W/ALSAModule(   95): audio_tune_hw4app_write2hardware will apply [12,music] vol_type0, vol_level4, eq_type0, device_mode3 to audio hardware
E/AudioHardwareALSA(   95): setOrgan=1
V/AudioFlinger(   95): mWaitWorkCV.broadcast
V/AudioFlinger(   95): releasing 15 from 251
V/AudioFlinger(   95):  decremented refcount to 0
V/AudioFlinger(   95): purging stale effects
V/AudioPolicyService(   95): releaseOutput() tid 209
V/AudioPolicyManagerBase(   95): releaseOutput() 1
V/AudioFlinger(   95): remove track (4098) and delete from mixer
V/AudioFlinger(   95): PlaybackThread::Track destructor
D/InputReader(  251): Input event: value=0
D/KeyguardViewMediator(  251): Not factory mode
D/KeyguardViewMediator(  251): Not factory mode
I/InputDispatcher(  251): Delivering key to current input target: action: 0x1
I/InputDispatcher(  251): Delivering key to current input target: action: 0x1
I/InputDispatcher(  251): Delivering key to current input target: action: 0x1
I/InputDispatcher(  251): Delivering key to current input target: action: 0x1
I/ClipboardServiceEx(  251): mCBPickerDialog enter case. MSG_DISMISS_DIALOG
D/KeyguardViewMediator(  251): setHidden false
I/ActivityManager(  251): Start proc app.processName for activity hostingNameStr: pid=1213 uid=10040 gids={3002, 3001, 3003, 1015, 1023}
D/dalvikvm( 1213): Trying to load lib /data/data/com.lbe.security.miui/app_lib/libfwclient.so 0x418eab20
D/dalvikvm( 1213): Added shared lib /data/data/com.lbe.security.miui/app_lib/libfwclient.so 0x418eab20
V/AudioFlinger(   95): getNextBuffer() no more data for track 4099 on thread 0x17dd770
V/AudioFlinger(   95): stop(4099), calling thread 251
V/AudioFlinger(   95): (> STOPPED) => STOPPED (4099) on thread 0x17dd770
V/AudioPolicyService(   95): stopOutput() tid 209
D/AudioPolicyManagerALSA(   95): stopOutput() output=1, stream=1, sesssion=16
V/AudioPolicyManagerBase(   95): stopOutput() output 1, stream 1, session 16
V/AudioPolicyManagerBase(   95): changeRefCount() stream 1, count 0
V/AudioPolicyManagerBase(   95): getNewDevice() selected device 0
V/AudioPolicyManagerALSA(   95): AudioPolicyManagerBase::setOutputDevice() output 1 device 0 delayMs 18
V/AudioPolicyManagerALSA(   95): setOutputDevice() setting same device 0 or null device for output 1
V/AudioFlinger(   95): TrackBase::reset
I/SurfaceFlinger(   92): id=20(7) createSurface 0x4dd0bc (480x800),1 flag=400, homf
D/KeyguardViewMediator(  251): setHidden false
V/WindowManager(  251): rotationForOrientationLw(orient=1, last=0); user=0  mKeypadOpenAccelerometerDefault=1 mLidOpen=-1 mDockMode=0 mHdmiPlugged=false mAccelerometerDefault=1 sensorRotation=0
I/Surface (  251): Surface_lockCanvas
I/SurfaceTextureClient(  251): connect(NATIVE_WINDOW_API_CPU)
D/KeyguardViewMediator(  251): setHidden false
D/KeyguardViewMediator(  251): setHidden false
D/DEFERED_APP_VISIBILITY(  251): tweaking closing app
D/OpenGLRenderer(  490): Flushing caches (mode 0)
D/KeyguardViewMediator(  251): setHidden false
D/KeyguardViewMediator(  251): setHidden false
D/KeyguardViewMediator(  251): setHidden false
D/KeyguardViewMediator(  251): setHidden false
D/KeyguardViewMediator(  251): setHidden false
D/KeyguardViewMediator(  251): setHidden false
D/KeyguardViewMediator(  251): setHidden false
D/KeyguardViewMediator(  251): setHidden false
D/KeyguardViewMediator(  251): setHidden false
D/KeyguardViewMediator(  251): setHidden false
I/ActivityThread( 1213): Pub com.miui.home.launcher.settings: com.miui.home.launcher.LauncherProvider
D/KeyguardViewMediator(  251): setHidden false
D/KeyguardViewMediator(  251): setHidden false
D/KeyguardViewMediator(  251): setHidden false
D/KeyguardViewMediator(  251): setHidden false
D/KeyguardViewMediator(  251): setHidden false
D/AndroidRuntime( 1213): Shutting down VM
W/dalvikvm( 1213): threadid=1: thread exiting with uncaught exception (group=0x40c63210)
E/AndroidRuntime( 1213): FATAL EXCEPTION: main
E/AndroidRuntime( 1213): java.lang.RuntimeException: Unable to create application com.miui.home.launcher.LauncherApplication: java.lang.NullPointerException
E/AndroidRuntime( 1213): 	at android.app.ActivityThread.handleBindApplication(ActivityThread.java:3974)
E/AndroidRuntime( 1213): 	at android.app.ActivityThread.access$1300(ActivityThread.java:128)
E/AndroidRuntime( 1213): 	at android.app.ActivityThread$H.handleMessage(ActivityThread.java:1199)
E/AndroidRuntime( 1213): 	at android.os.Handler.dispatchMessage(Handler.java:99)
E/AndroidRuntime( 1213): 	at android.os.Looper.loop(Looper.java:137)
E/AndroidRuntime( 1213): 	at android.app.ActivityThread.main(ActivityThread.java:4517)
E/AndroidRuntime( 1213): 	at java.lang.reflect.Method.invokeNative(Native Method)
E/AndroidRuntime( 1213): 	at java.lang.reflect.Method.invoke(Method.java:511)
E/AndroidRuntime( 1213): 	at com.android.internal.os.ZygoteInit$MethodAndArgsCaller.run(ZygoteInit.java:994)
E/AndroidRuntime( 1213): 	at com.android.internal.os.ZygoteInit.main(ZygoteInit.java:761)
E/AndroidRuntime( 1213): 	at dalvik.system.NativeStart.main(Native Method)
E/AndroidRuntime( 1213): Caused by: java.lang.NullPointerException
E/AndroidRuntime( 1213): 	at com.miui.home.launcher.Utilities.createIconBitmap(Utilities.java:121)
E/AndroidRuntime( 1213): 	at com.miui.home.launcher.IconCache.makeDefaultIcon(IconCache.java:65)
E/AndroidRuntime( 1213): 	at com.miui.home.launcher.IconCache.<init>(IconCache.java:60)
E/AndroidRuntime( 1213): 	at com.miui.home.launcher.LauncherApplication.onCreate(LauncherApplication.java:49)
E/AndroidRuntime( 1213): 	at android.app.Instrumentation.callApplicationOnCreate(Instrumentation.java:973)
E/AndroidRuntime( 1213): 	at android.app.ActivityThread.handleBindApplication(ActivityThread.java:3971)
E/AndroidRuntime( 1213): 	... 10 more
D/KeyguardViewMediator(  251): setHidden false
W/ActivityManager(  251):   Force finishing activity com.miui.home/.launcher.Launcher
D/KeyguardViewMediator(  251): setHidden false
D/KeyguardViewMediator(  251): setHidden false
D/KeyguardViewMediator(  251): setHidden false
D/KeyguardViewMediator(  251): setHidden false
D/KeyguardViewMediator(  251): setHidden false
I/SurfaceFlinger(   92): id=19 Removed MiuiSettingt idx=2 Map Size=4
I/SurfaceFlinger(   92): id=19 Removed MiuiSettingt idx=-2 Map Size=4
D/STATUSBAR-StatusBarManagerService(  251): setSystemUiVisibility(0x0)
D/STATUSBAR-StatusBarManagerService(  251): manageDisableList what=0x0 pkg=WindowManager.LayoutParams
V/WindowManager(  251): rotationForOrientationLw(orient=-1, last=0); user=0  mKeypadOpenAccelerometerDefault=1 mLidOpen=-1 mDockMode=0 mHdmiPlugged=false mAccelerometerDefault=1 sensorRotation=0
I/SurfaceFlinger(   92): id=21(8) createSurface 0x4d68d4 (1x1),1 flag=0, PIN 
D/KeyguardViewMediator(  251): setHidden false
D/KeyguardViewMediator(  251): setHidden false
I/Surface (  251): Surface_lockCanvas
I/SurfaceTextureClient(  251): connect(NATIVE_WINDOW_API_CPU)
D/KeyguardViewMediator(  251): setHidden false
D/KeyguardViewMediator(  251): setHidden false
D/KeyguardViewMediator(  251): setHidden false
D/KeyguardViewMediator(  251): setHidden false
D/dalvikvm(  251): GC_CONCURRENT freed 1748K, 23% free 29959K/38663K, paused 8ms+26ms
D/KeyguardViewMediator(  251): setHidden false
D/KeyguardViewMediator(  251): setHidden false
D/KeyguardViewMediator(  251): setHidden false
D/KeyguardViewMediator(  251): setHidden false
D/KeyguardViewMediator(  251): setHidden false
D/KeyguardViewMediator(  251): setHidden false
D/KeyguardViewMediator(  251): setHidden false
D/KeyguardViewMediator(  251): setHidden false
D/KeyguardViewMediator(  251): setHidden false
D/KeyguardViewMediator(  251): setHidden false
I/ActivityManager(  251): START {intent.toShortString} from pid 0
D/ActivityManager(  251): Trying to launch applicationName
V/WindowManager(  251): rotationForOrientationLw(orient=1, last=0); user=0  mKeypadOpenAccelerometerDefault=1 mLidOpen=-1 mDockMode=0 mHdmiPlugged=false mAccelerometerDefault=1 sensorRotation=0
D/KeyguardViewMediator(  251): setHidden false
D/KeyguardViewMediator(  251): setHidden false
D/KeyguardViewMediator(  251): setHidden false
D/KeyguardViewMediator(  251): setHidden false
D/KeyguardViewMediator(  251): setHidden false
D/KeyguardViewMediator(  251): setHidden false
W/PowerManagerService(  251): Timer 0x7->0x3|0x0
I/PowerManagerService(  251): Ulight 0x7->0x3|0x0
D/PowerManagerService(  251): setLightBrightness : mButtonLight : 0
I/InputReader(  251): Touch event's action is 0x0 (deviceType=0) [pCnt=1, pending(waiting finished signal)=0, s=0.22 ]
I/InputDispatcher(  251): Delivering touch to current input target: action: 0x0
I/InputDispatcher(  251): Delivering touch to current input target: action: 0x0
I/InputDispatcher(  251): Delivering touch to current input target: action: 0x0
I/InputDispatcher(  251): Delivering touch to current input target: action: 0x0
I/PowerManagerService(  251): Ulight 0x3->0x7|0x0
D/PowerManagerService(  251): setLightBrightness : mButtonLight : 102
I/InputReader(  251): Touch event's action is 0x1 (deviceType=0) [pCnt=1, pending(waiting finished signal)=0, s=]
I/InputDispatcher(  251): Delivering touch to current input target: action: 0x1
I/InputDispatcher(  251): Delivering touch to current input target: action: 0x1
I/InputDispatcher(  251): Delivering touch to current input target: action: 0x1
I/InputDispatcher(  251): Delivering touch to current input target: action: 0x1
I/Surface (  251): Surface_lockCanvas
V/WindowOrientationListener(  251): nearestRotation : 0   Angle: 15   tilt: 38
I/Surface (  251): Surface_lockCanvas
I/Surface (  251): Surface_lockCanvas
I/Surface (  251): Surface_lockCanvas
I/Surface (  251): Surface_lockCanvas
I/Surface (  251): Surface_lockCanvas
I/InputReader(  251): Touch event's action is 0x0 (deviceType=0) [pCnt=1, pending(waiting finished signal)=0, s=0.23 ]
I/InputDispatcher(  251): Delivering touch to current input target: action: 0x0
I/InputDispatcher(  251): Delivering touch to current input target: action: 0x0
I/InputDispatcher(  251): Delivering touch to current input target: action: 0x0
I/InputDispatcher(  251): Delivering touch to current input target: action: 0x0
I/Surface (  251): Surface_lockCanvas
I/Surface (  251): Surface_lockCanvas
I/Surface (  251): Surface_lockCanvas
I/InputReader(  251): Touch event's action is 0x1 (deviceType=0) [pCnt=1, pending(waiting finished signal)=0, s=]
I/InputDispatcher(  251): Delivering touch to current input target: action: 0x1
I/InputDispatcher(  251): Delivering touch to current input target: action: 0x1
I/InputDispatcher(  251): Delivering touch to current input target: action: 0x1
I/InputDispatcher(  251): Delivering touch to current input target: action: 0x1
I/Surface (  251): Surface_lockCanvas
I/Surface (  251): Surface_lockCanvas
I/AudioPolicyManagerBase(   95): getSituationVolume: isBTConnected:0 isHeadConnected:0
V/AudioPolicyManagerBase(   95): getParamFromPolicy  deviceInt = 0, situationInt = 1, situationVolume = 0.500000
D/AudioService(  251): playSoundEffect()
V/AudioFlinger(   95): createTrack() sessionId: 0
V/AudioFlinger(   95): createTrack() lSessionId: 17
V/AudioFlinger(   95): Track constructor name 4098, calling thread 251
V/AudioFlinger(   95): acquiring 17 from 251
V/AudioFlinger(   95):  added new entry for 17
V/AudioFlinger(   95): start(4098), calling thread 251 session 17
V/AudioFlinger(   95): ? => ACTIVE (4098) on thread 0x180deb0
V/AudioPolicyService(   95): startOutput() tid 95
V/AudioPolicyManagerBase(   95): startOutput() output 1, stream 1, session 17
V/AudioPolicyManagerBase(   95): getDeviceForStrategy() from cache strategy 0, device 2
V/AudioPolicyManagerBase(   95): changeRefCount() stream 1, count 1
V/AudioPolicyManagerBase(   95): getDeviceForStrategy() from cache strategy 0, device 2
V/AudioPolicyManagerBase(   95): getNewDevice() selected device 2
V/AudioPolicyManagerALSA(   95): AudioPolicyManagerBase::setOutputDevice() output 1 device 2 delayMs 0
V/AudioPolicyManagerALSA(   95): setOutputDevice() setting same device 2 or null device for output 1
D/AudioPolicyManagerALSA(   95): startOutput() output=1, stream=1, session=17, phoneState=0
E/AudioFlinger(   95): addTrack_l streamType (4)
E/AudioFlinger(   95): addTrack_l streamType (0, 1) for mStreamTypes[stream].volume[0.251189]
D/AudioHardwareALSA(   95): ALSAStreamOps::setParameters() start_output_streamtype=1;start_output_streamvol=4
E/AudioHardwareALSA(   95): organ_volIndex=4
E/AudioHardwareALSA(   95): organ_streamIndex=1
E/AudioHardwareALSA(   95): setOrgan() 1,OnOff[1],volume[4]
W/ALSAModule(   95): audio_tune_hw4app_register tat=[12] volume_type=[0] volume_level=[4]
W/ALSAModule(   95): audio_tune_hw4app_policy bitmap=0x00001000 is 12
W/ALSAModule(   95): audio_tune_hw4app_write2hardware can't locate the right mFactoryRouteRCVMode [0]
W/ALSAModule(   95): audio_tune_hw4app_write2hardware will apply [12,music] vol_type0, vol_level4, eq_type0, device_mode3 to audio hardware
E/AudioHardwareALSA(   95): setOrgan=1
V/AudioFlinger(   95): mWaitWorkCV.broadcast
V/AudioPolicyService(   95): releaseOutput() tid 213
V/AudioPolicyManagerBase(   95): releaseOutput() 1
V/AudioFlinger(   95): remove track (4099) and delete from mixer
V/AudioFlinger(   95): PlaybackThread::Track destructor
V/AudioFlinger(   95): releasing 16 from 251
V/AudioFlinger(   95):  decremented refcount to 0
V/AudioFlinger(   95): purging stale effects
I/Process ( 1213): Sending signal. PID: 1213 SIG: 9
I/Surface (  251): Surface_lockCanvas
I/ActivityManager(  251): Process com.miui.home (pid 1213) has died.
D/KeyguardViewMediator(  251): setHidden false
I/SurfaceFlinger(   92): id=20 Removed homf idx=1 Map Size=4
I/SurfaceFlinger(   92): id=20 Removed homf idx=-2 Map Size=4
D/KeyguardViewMediator(  251): setHidden false
D/KeyguardViewMediator(  251): setHidden false
D/KeyguardViewMediator(  251): setHidden false
D/KeyguardViewMediator(  251): setHidden false
D/KeyguardViewMediator(  251): setHidden false
I/ActivityManager(  251): Start proc app.processName for activity hostingNameStr: pid=1231 uid=10040 gids={3002, 3001, 3003, 1015, 1023}
D/dalvikvm( 1231): Trying to load lib /data/data/com.lbe.security.miui/app_lib/libfwclient.so 0x418eb8e0
D/dalvikvm( 1231): Added shared lib /data/data/com.lbe.security.miui/app_lib/libfwclient.so 0x418eb8e0
D/KeyguardViewMediator(  251): setHidden false
D/KeyguardViewMediator(  251): setHidden false
D/KeyguardViewMediator(  251): setHidden false
D/KeyguardViewMediator(  251): setHidden false
D/KeyguardViewMediator(  251): setHidden false
D/KeyguardViewMediator(  251): setHidden false
D/KeyguardViewMediator(  251): setHidden false
D/KeyguardViewMediator(  251): setHidden false
V/AudioFlinger(   95): getNextBuffer() no more data for track 4098 on thread 0x17dd770
V/AudioFlinger(   95): stop(4098), calling thread 251
V/AudioFlinger(   95): (> STOPPED) => STOPPED (4098) on thread 0x17dd770
V/AudioPolicyService(   95): stopOutput() tid 213
D/AudioPolicyManagerALSA(   95): stopOutput() output=1, stream=1, sesssion=17
V/AudioPolicyManagerBase(   95): stopOutput() output 1, stream 1, session 17
V/AudioPolicyManagerBase(   95): changeRefCount() stream 1, count 0
V/AudioPolicyManagerBase(   95): getNewDevice() selected device 0
V/AudioPolicyManagerALSA(   95): AudioPolicyManagerBase::setOutputDevice() output 1 device 0 delayMs 18
V/AudioPolicyManagerALSA(   95): setOutputDevice() setting same device 0 or null device for output 1
D/KeyguardViewMediator(  251): setHidden false
V/AudioFlinger(   95): TrackBase::reset
D/KeyguardViewMediator(  251): setHidden false
I/SurfaceFlinger(   92): id=21 Removed PIN  idx=2 Map Size=3
I/SurfaceFlinger(   92): id=21 Removed PIN  idx=-2 Map Size=3
D