V/AudioPolicyManagerALSA(   95): checkAndSetVolume() cannot set stream 6 volume with force use = 0 for comm
V/AudioPolicyManagerBase(   95): initStreamVolume() stream 7, min 0, max 7
V/AudioPolicyManagerBase(   95): setStreamVolumeIndex() stream 7, index 7
V/AudioPolicyManagerBase(   95): computeVolume : Camera Shutter Sound volume 1.000000
V/AudioPolicyManagerALSA(   95): setStreamVolume() for output 1 stream 7, volume 1.000000, delay 0
V/AudioPolicyService(   95): inserting command: 2 at index 0, num commands 0
V/AudioPolicyService(   95): AudioCommandThread() adding set volume stream 7, volume 1.000000, output 1
V/AudioPolicyService(   95): AudioCommandThread() waking up
V/AudioPolicyService(   95): AudioCommandThread() processing set volume stream 7,                             volume 1.000000, output 1
V/AudioPolicyService(   95): AudioCommandThread() going to sleep
V/AudioPolicyManagerBase(   95): initStreamVolume() stream 8, min 0, max 15
V/AudioPolicyManagerBase(   95): setStreamVolumeIndex() stream 8, index 4
V/AudioPolicyManagerALSA(   95): setStreamVolume() for output 1 stream 8, volume 0.022387, delay 0
V/AudioPolicyService(   95): inserting command: 2 at index 0, num commands 0
V/AudioPolicyService(   95): AudioCommandThread() adding set volume stream 8, volume 0.032163, output 1
V/AudioPolicyService(   95): AudioCommandThread() waking up
V/AudioPolicyService(   95): AudioCommandThread() processing set volume stream 8,                             volume 0.032163, output 1
V/AudioPolicyService(   95): AudioCommandThread() going to sleep
V/AudioPolicyManagerBase(   95): initStreamVolume() stream 9, min 0, max 15
V/AudioPolicyManagerBase(   95): setStreamVolumeIndex() stream 9, index 7
V/AudioPolicyManagerBase(   95): getNewDevice() selected device 0
V/AudioPolicyManagerBase(   95): getDeviceForStrategy() from cache strategy 0, device 2
D/AudioPolicyManagerBase(   95): return MUSIC_SPK index=7
V/AudioPolicyManagerALSA(   95): setStreamVolume() for output 1 stream 9, volume 0.211349, delay 0
V/AudioPolicyService(   95): inserting command: 2 at index 0, num commands 0
V/AudioPolicyService(   95): AudioCommandThread() adding set volume stream 9, volume 0.211349, output 1
V/AudioPolicyService(   95): AudioCommandThread() waking up
V/AudioPolicyService(   95): AudioCommandThread() processing set volume stream 9,                             volume 0.211349, output 1
V/AudioPolicyService(   95): AudioCommandThread() going to sleep
V/AudioPolicyManagerBase(   95): initStreamVolume() stream 10, min 0, max 15
V/AudioPolicyManagerBase(   95): setStreamVolumeIndex() stream 10, index 7
V/AudioPolicyManagerBase(   95): getNewDevice() selected device 0
V/AudioPolicyManagerBase(   95): getDeviceForStrategy() from cache strategy 0, device 2
D/AudioPolicyManagerBase(   95): return MUSIC_SPK index=7
V/AudioPolicyManagerALSA(   95): setStreamVolume() for output 1 stream 10, volume 0.063096, delay 0
V/AudioPolicyService(   95): inserting command: 2 at index 0, num commands 0
V/AudioPolicyService(   95): AudioCommandThread() adding set volume stream 10, volume 0.063096, output 1
V/AudioPolicyService(   95): AudioCommandThread() waking up
V/AudioPolicyService(   95): AudioCommandThread() processing set volume stream 10,                             volume 0.063096, output 1
V/AudioPolicyService(   95): AudioCommandThread() going to sleep
V/AudioPolicyManagerBase(   95): initStreamVolume() stream 11, min 0, max 5
V/AudioPolicyManagerBase(   95): setStreamVolumeIndex() stream 11, index 4
V/AudioPolicyManagerALSA(   95): setStreamVolume() for output 1 stream 11, volume 0.707946, delay 0
V/AudioPolicyService(   95): inserting command: 2 at index 0, num commands 0
V/AudioPolicyService(   95): AudioCommandThread() adding set volume stream 11, volume 0.707946, output 1
V/AudioPolicyService(   95): AudioCommandThread() waking up
V/AudioPolicyService(   95): AudioCommandThread() processing set volume stream 11,                             volume 0.707946, output 1
V/AudioPolicyService(   95): AudioCommandThread() going to sleep
V/AudioPolicyManagerBase(   95): initStreamVolume() stream 12, min 0, max 5
V/AudioPolicyManagerBase(   95): setStreamVolumeIndex() stream 12, index 4
V/AudioPolicyManagerALSA(   95): setStreamVolume() for output 1 stream 12, volume 0.707946, delay 0
V/AudioPolicyService(   95): inserting command: 2 at index 0, num commands 0
V/AudioPolicyService(   95): AudioCommandThread() adding set volume stream 12, volume 0.707946, output 1
V/AudioPolicyService(   95): AudioCommandThread() waking up
V/AudioPolicyService(   95): AudioCommandThread() processing set volume stream 12,                             volume 0.707946, output 1
V/AudioPolicyService(   95): AudioCommandThread() going to sleep
V/AudioPolicyManagerBase(   95): initStreamVolume() stream 13, min 0, max 15
I/AudioService(  251): isMediaSilentMode false
V/AudioPolicyManagerBase(   95): setStreamVolumeIndex() stream 13, index 7
V/AudioPolicyManagerBase(   95): getNewDevice() selected device 0
V/AudioPolicyManagerBase(   95): getDeviceForStrategy() from cache strategy 0, device 2
D/AudioPolicyManagerBase(   95): return MUSIC_SPK index=7
V/AudioPolicyManagerBase(   95): getNewDevice() selected device 0
V/AudioPolicyManagerBase(   95): getDeviceForStrategy() from cache strategy 0, device 2
V/AudioPolicyManagerBase(   95): initStreamVolume() stream 14, min 0, max 15
V/AudioPolicyManagerBase(   95): setStreamVolumeIndex() stream 14, index 7
V/AudioPolicyManagerBase(   95): getNewDevice() selected device 0
V/AudioPolicyManagerBase(   95): getDeviceForStrategy() from cache strategy 0, device 2
D/AudioPolicyManagerBase(   95): return MUSIC_SPK index=7
V/AudioPolicyManagerBase(   95): initStreamVolume() stream 15, min 0, max 15
V/AudioPolicyManagerBase(   95): setStreamVolumeIndex() stream 15, index 7
V/AudioPolicyManagerBase(   95): getNewDevice() selected device 0
V/AudioPolicyManagerBase(   95): getDeviceForStrategy() from cache strategy 0, device 2
D/AudioPolicyManagerBase(   95): return MUSIC_SPK index=7
V/AudioPolicyManagerBase(   95): setStreamVolumeIndex() stream 8, index 12
V/AudioPolicyManagerALSA(   95): setStreamVolume() for output 1 stream 8, volume 0.354813, delay 0
V/AudioPolicyService(   95): inserting command: 2 at index 0, num commands 0
V/AudioPolicyService(   95): AudioCommandThread() adding set volume stream 8, volume 0.361265, output 1
V/AudioPolicyService(   95): AudioCommandThread() waking up
V/AudioPolicyService(   95): AudioCommandThread() processing set volume stream 8,                             volume 0.361265, output 1
V/AudioPolicyService(   95): AudioCommandThread() going to sleep
V/AudioPolicyManagerBase(   95): setStreamVolumeIndex() stream 9, index 7
V/AudioPolicyManagerBase(   95): getNewDevice() selected device 0
V/AudioPolicyManagerBase(   95): getDeviceForStrategy() from cache strategy 0, device 2
D/AudioPolicyManagerBase(   95): return MUSIC_SPK index=7
V/AudioPolicyManagerBase(   95): setStreamVolumeIndex() stream 10, index 7
V/AudioPolicyManagerBase(   95): getNewDevice() selected device 0
V/AudioPolicyManagerBase(   95): getDeviceForStrategy() from cache strategy 0, device 2
D/AudioPolicyManagerBase(   95): return MUSIC_SPK index=7
V/AudioPolicyManagerBase(   95): setStreamVolumeIndex() stream 11, index 4
V/AudioPolicyManagerBase(   95): setStreamVolumeIndex() stream 12, index 4
V/AudioPolicyManagerBase(   95): setStreamVolumeIndex() stream 14, index 7
V/AudioPolicyManagerBase(   95): getNewDevice() selected device 0
V/AudioPolicyManagerBase(   95): getDeviceForStrategy() from cache strategy 0, device 2
D/AudioPolicyManagerBase(   95): return MUSIC_SPK index=7
V/AudioPolicyManagerBase(   95): setStreamVolumeIndex() stream 15, index 7
V/AudioPolicyManagerBase(   95): getNewDevice() selected device 0
V/AudioPolicyManagerBase(   95): getDeviceForStrategy() from cache strategy 0, device 2
D/AudioPolicyManagerBase(   95): return MUSIC_SPK index=7
V/AudioFlinger(   95): registerClient() client 0x1807608, pid 251
V/AudioFlinger(   95): sendConfigEvent() num events 1 event 0, param 0
V/AudioFlinger(   95): setParameters(): io 0, keyvalue toMono=0, tid 213, calling tid 251
V/AudioFlinger(   95): setParameters::  string = toMono=0 / ioHandle = 0 
V/AudioFlinger(   95): setParameters:: send AudioHAL 
D/AudioHardwareALSA(   95): LVVE AudioHardwareALSA::setParameters() toMono=0
D/AudioHardwareALSA(   95): AudioHardwareALSA::setParameters() toMono=0
E/AudioSystem(  251): isMediaServerStarted
V/AudioFlinger(   95): processConfigEvents() remaining events 1
V/AudioFlinger(   95): PlaybackThread::audioConfigChanged_l, thread 0x17dd770, event 0, param 0
W/AudioHardwareALSA(   95): alsa CTS latency lowered to 9000 from 21768
I/SystemServer(  251): Dock Observer
W/DockObserver(  251): This kernel does not have dock station support
I/SystemServer(  251): Wired Accessory Observer
I/SystemServer(  251): Thermistor Observer
D/ThermistorObserver(  251): SIOPLevel : name : ReleasedSIOP  lockFrequency : -1(-1)  cpuMaxCore : 4  limitChargingCurrent : false  displayBrightness : -1  LcdFPS : 60
D/ThermistorObserver(  251): newProperDVFSLock : getSupportedFrequency : null
D/ThermistorObserver(  251): SIOPLevel : name : Level1  lockFrequency : 800000(-1)  cpuMaxCore : 4  limitChargingCurrent : false  displayBrightness : -1  LcdFPS : 40
D/ThermistorObserver(  251): newProperDVFSLock : getSupportedFrequency : null
D/ThermistorObserver(  251): SIOPLevel : name : Level2  lockFrequency : 800000(-1)  cpuMaxCore : 2  limitChargingCurrent : true  displayBrightness : 230  LcdFPS : 40
D/ThermistorObserver(  251): newProperDVFSLock : getSupportedFrequency : null
D/ThermistorObserver(  251): SIOPLevel : name : Level3  lockFrequency : 500000(-1)  cpuMaxCore : 2  limitChargingCurrent : true  displayBrightness : 230  LcdFPS : 40
D/ThermistorObserver(  251): newProperDVFSLock : getSupportedFrequency : null
D/ThermistorObserver(  251): SIOPLevel : name : Level4  lockFrequency : 500000(-1)  cpuMaxCore : 2  limitChargingCurrent : true  displayBrightness : 230  LcdFPS : 40
I/SystemServer(  251): USB Service
D/UsbSettingsManager(  251): settings file not found
D/UsbDeviceManager(  251): disable usb detecting module
D/UsbDeviceManager(  251): read '/sys/class/android_usb/android0/state', state = CONFIGURED
D/UsbDeviceManager(  251): initalized current function mtp,adb
D/UsbDeviceManager(  251): handleMessage -> MSG_UPDATE_STATE connected = 1,configured = 1
I/SystemServer(  251): UI Mode Manager Service
I/SystemServer(  251): Backup Service
V/BackupManagerService(  251): Initializing package tracking
V/BackupManagerService(  251): No ancestral data
V/BackupManagerService(  251): addPackageParticipantsLocked: all
I/BackupManagerService(  251): New app android never backed up; scheduling
I/BackupManagerService(  251): New app com.android.browser never backed up; scheduling
I/BackupManagerService(  251): New app com.android.calendar never backed up; scheduling
I/BackupManagerService(  251): New app com.android.inputmethod.latin never backed up; scheduling
D/dalvikvm(  251): GC_CONCURRENT freed 1129K, 15% free 13975K/16391K, paused 3ms+5ms
I/BackupManagerService(  251): New app com.android.providers.settings never backed up; scheduling
I/BackupManagerService(  251): New app miui never backed up; scheduling
V/BackupManagerService(  251): Registering transport android/com.android.internal.backup.LocalTransport = com.android.internal.backup.LocalTransport@41c07b08
V/BackupManagerService(  251): Registering transport com.android.server.enterprise/.EdmBackupTransport = com.android.server.enterprise.EdmBackupTransport@41b916b0
V/BackupManagerService(  251): Starting with transport android/com.android.internal.backup.LocalTransport
V/BackupManagerService(  251): Binding to Google transport
I/BackupManagerService(  251): Found stale backup journal, scheduling
I/BackupManagerService(  251):   android
I/BackupManagerService(  251):   com.android.browser
I/BackupManagerService(  251):   com.android.calendar
I/BackupManagerService(  251):   com.android.inputmethod.latin
I/BackupManagerService(  251):   com.android.providers.settings
I/BackupManagerService(  251):   miui
I/BackupManagerService(  251): Backup enabled => false
I/BackupManagerService(  251): Opting out of backup
I/SystemServer(  251): AppWidget Service
I/SystemServer(  251): Recognition Service
I/SystemServer(  251): DiskStats Service
I/SystemServer(  251): SamplingProfiler Service
I/SystemServer(  251): NetworkTimeUpdateService
I/SystemServer(  251): Tvout Service ro.tvout.enable = false
I/SystemServer(  251): IRDA Service ro.product.nam = kyletdzm
I/SystemServer(  251): MiniModeAppManager Service
D/SystemServer(  251): This escaping dexopt of minimode.jar is only for eng build
D/SystemServer(  251): /data/dalvik-cache/minimode.dex is copied from /data/dalvik-cache/system@framework@minimode.jar@classes.dex
D/SystemServer(  251): lastModfied time of /data/dalvik-cache/minimode.dex is changed to 1217592000
I/SystemServer(  251): Motion Recognition Service
E/MotionRecognitionService(  251):   Engine is not included
I/SystemServer(  251): VoIPInterfaceManager Service
D/VoIPInterfaceManager(  251): VoIPInterfaceManager()...
D/VoIPInterfaceManager(  251): START VOIPINTERFACE SRVICE
D/WindowManager(  251): performHapticFeedbackLw PowerSavingModeEnabled = false
I/WindowManager(  251): SAFE MODE not enabled
D/dalvikvm(  251): JIT started for system_server
E/FaceDetectionService(  251): FaceDetectionService Started.
D/VibratorService(  251): JNI vibratorOff()
D/VibratorService(  251): JNI vibratorOn() : 50
I/EnterpriseDeviceManagerService(  251): Check for migration from 1.0
D/PowerManagerService(  251): setScreenOffTimeouts mKeylightDelay=1500 mDimDelay=51500 mScreenOffDelay=7000 mDimScreen=true
W/EnterpriseDeviceManagerService(  251): systemReady
I/EnterpriseDeviceManagerService(  251): Migration from 1.0 already done
W/EnterpriseDeviceManagerService(  251): loadActiveAdmins
I/ApplicationPermissionControlPolicy(  251): systemReady...
I/ApplicationPermissionControlPolicy(  251): reinforceApplicationPermissionControl
I/SystemServer(  251): enterprisePolicy systemReady
D/STATUSBAR-NotificationService(  251): systemReady()
D/STATUSBAR-NotificationService(  251): PickupSettingsObserver - update()
D/STATUSBAR-NotificationService(  251): setPickupMotionEnabled:false
D/STATUSBAR-NotificationService(  251): pickupObserver.observe()
D/KeyguardViewMediator(  251): onSystemReady
D/KeyguardViewMediator(  251): Not factory mode
D/KeyguardViewMediator(  251): doKeyguard: showing the lock screen
D/KeyguardViewMediator(  251): KeyguardGetAudioService.dismissVolumePanel() run
D/KeyguardViewMediator(  251): showLocked
D/KeyguardViewMediator(  251): handleShow
D/KeyguardViewManager(  251): show(); mKeyguardView==null
D/KeyguardViewManager(  251): keyguard host is null, creating it...
D/STATUSBAR-NotificationService(  251): motionObserver.observe()
D/STATUSBAR-NotificationService(  251): overturnObserver.observe();
D/KeyguardViewManager(  251): Rotation sensor for lock screen Off!
D/KeyguardViewManager(  251): keyguard view is null, creating it...
D/PowerManagerService(  251): setPowerState : mBootCompleted : false, newState |= ALL_BRIGHT
D/KeyguardViewMediator(  251): setHidden false
D/PowerManagerService(  251): system ready!
D/PowerManagerService(  251): enableLightSensorLocked enable=false mAutoBrightessEnabled=false
I/ActivityManager(  251): System now ready
I/SystemServer(  251): Making services ready
D/SystemServer(  251): Starting service: Intent { cmp=xxxx }
I/Zygote  (  251): Process: zygote socket opened
I/ActivityManager(  251): Start proc app.processName for service hostingNameStr: pid=372 uid=1000 gids={1015, 1023, 1007, 3003, 3002, 3001, 3006, 3007}
D/NetworkManagementService(  251): enabling bandwidth control
D/LockPatternKeyguardView(  251): phone state: 0
E/LockPatternKeyguardView(  251): mIsSettingGlanceView=false
D/LockPatternKeyguardView(  251): drv mode off
D/LockPatternKeyguardView(  251): mTalkbackEnabled =false
E/LockPatternKeyguardView(  251): mIsVoiceUnlockOn=false
V/LockPatternKeyguardView(  251): **** UPDATE SCREEN: mode=LockScreen last mode=LockScreen, force = false
D/NetworkManagementService(  251): Registering observer
W/AlarmManager(  251): FACTORY_ON= 0
D/SystemUIService(  372): loading: class com.android.systemui.statusbar.phone.PhoneStatusBar
D/dalvikvm(  372): GC_CONCURRENT freed 151K, 11% free 11869K/13319K, paused 2ms+2ms
D/dalvikvm(  251): GC_CONCURRENT freed 215K, 13% free 14355K/16391K, paused 3ms+5ms
D/NetworkManagementService(  251): Registering observer
I/SystemServer(  251): thermistor systemReady
D/ThermistorObserver(  251): systemReady()
D/ThermistorObserver(  251): notifyLimitBrightness() : brightness : -1
D/ThermistorObserver(  251): Start Observing for SIOP.
D/UsbDeviceManager(  251): systemReady
D/UsbDeviceManager(  251): systemReady : massStorageSupported = false
D/UsbDeviceManager(  251): systemReady : mAdbEnabled = true, mUseUsbNotification = true
D/UsbHostManager(  251): systemReady
D/UsbDeviceManager(  251): handleMessage -> MSG_SYSTEM_READY
D/UsbDeviceManager(  251): updateUsbNotification : mConnected = true, mConfigured = true, mCurrentFunctions = mtp,adb
V/UiModeManager(  251): updateLocked, mLastBroadcastState =0 , oldAction = null
I/ActivityManager(  251): Config changed: {0 1.0 0mcc0mnc zh_CN layoutdir=0 sw320dp w320dp h508dp nrml long port finger -keyb/v/h -nav/h s.4 themeChanged=0 themeChangedFlags=0}
D/KeyguardViewMediator(  251): setHidden false
W/RecognitionManagerService(  251): no available voice recognition services found
D/ApplicationPolicy(  251): isStatusBarNotificationAllowed: packageName = android
E/Watchdog(  251): !@Sync 0
D/STATUSBAR-NotificationService(  251): enqueueNotificationInternal - pkg:android, id:17040654
D/STATUSBAR-NotificationService(  251): Noti Alert - mSystemReady:true, AlertEnabled:true
D/UsbDeviceManager(  251): updateUsbNotification : notify id = 17040654, title = 
D/UsbDeviceManager(  251): updateAdbNotification : mAdbEnabled = true, mConnected = true, mAdbNotificationShown = false
D/UsbDeviceManager(  251): don't notify adb
D/UsbDeviceManager(  251): sending intent : ACTION_USB_STATE : connected = true, configured = true, functions = mtp,adb
D/SystemUIService(  372): running: com.android.systemui.statusbar.phone.PhoneStatusBar@41946bf0
I/ActivityManager(  251): Start proc app.processName for broadcast hostingNameStr: pid=422 uid=10025 gids={1015, 1023, 1024, 2001, 3003, 3007}
D/KeyguardViewMediator(  251): Not factory mode
W/InputManagerService(  251): Ignoring setImeWindowStatus of uid 1000 token: null
D/NetworkManagementService(  251): Registering observer
I/ActivityManager(  251): START {intent.toShortString} from pid 0
D/Posix   (  251): ## MMS_TRACE: ##: setsockoptInt(): option = 18, value = 1.
D/Posix   (  251): ## MMS_TRACE: ##: setsockoptInt(): option = 6, value = 1.
D/dalvikvm(  251): GC_CONCURRENT freed 412K, 11% free 14634K/16391K, paused 4ms+22ms
I/ActivityThread(  422): Pub media: com.android.providers.media.MediaProvider
D/Posix   (  251): ## MMS_TRACE: ##: setsockoptInt(): option = 18, value = 1.
D/Posix   (  251): ## MMS_TRACE: ##: setsockoptInt(): option = 6, value = 1.
I/ResourceManager(  251): load image default_album_cover.png
W/ThrottleService(  251): unable to find stats for iface rmnet0
D/gps_sirf(  251): sirf_open_gps_driver: called
D/gps_sirf(  251): start_delayed_tracker_upload success
D/gps_sirf(  251): sirf_get_gps_interface: sirf_get_gps_interface called, Line: 5721
D/gps_sirf(  251): sirf_gps_get_extension called : gps-xtra
D/gps_sirf(  251): sirf_gps_get_extension: interface gps-xtra not supported
D/gps_sirf(  251): sirf_gps_get_extension called : agps
D/gps_sirf(  251): sirf_gps_get_extension called : gps-ni
D/gps_sirf(  251): sirf_gps_get_extension called : gps-debug
D/gps_sirf(  251): sirf_gps_get_extension called : agps_ril
D/gps_sirf(  251): tracker_upload_thread entry
I/ActivityManager(  251): Start proc app.processName for activity hostingNameStr: pid=442 uid=10040 gids={3002, 3001, 3003, 1015, 1023}
I/SystemServer(  251): !@End of System ServerThread
D/DeviceInfo(  251): Trying to connect to SysScope Service
D/PowerManagerService(  251): setPowerState : mBootCompleted : false, newState |= ALL_BRIGHT
W/ActivityManager(  251): Unable to start service service: not found
V/UiModeManager(  251): updateLocked, mLastBroadcastState =0 , oldAction = null
D/STATUSBAR-NotificationService(  251): cancelNotification - pkg:android, id:17303266
W/AlarmManager(  251): FACTORY_ON= 0
D/VibratorService(  251): JNI vibratorOff()
D/LockPatternUtils(  372): isPcwEnable = null
D/MountService(  251): isUsbMassStorageConnected :: ret = false
D/StorageNotification(  372): Startup with UMS connection false (media state mounted)
I/StorageNotification(  372): UMS connection changed to false (media state mounted)
I/ActivityThread(  422): Pub downloads: com.android.providers.downloads.DownloadProvider
I/ActivityThread(  442): Pub com.miui.home.launcher.settings: com.miui.home.launcher.LauncherProvider
W/System.err(  422): android.content.pm.PackageManager$NameNotFoundException: com.android.defcontainer
W/System.err(  422): 	at android.app.ApplicationPackageManager.getApplicationInfo(ApplicationPackageManager.java:220)
W/System.err(  422): 	at com.android.providers.downloads.DownloadProvider.onCreate(DownloadProvider.java:437)
W/System.err(  422): 	at android.content.ContentProvider.attachInfo(ContentProvider.java:954)
W/System.err(  422): 	at android.app.ActivityThread.installProvider(ActivityThread.java:4254)
W/System.err(  422): 	at android.app.ActivityThread.installContentProviders(ActivityThread.java:4009)
W/System.err(  422): 	at android.app.ActivityThread.handleBindApplication(ActivityThread.java:3963)
W/System.err(  422): 	at android.app.ActivityThread.access$1300(ActivityThread.java:128)
W/System.err(  422): 	at android.app.ActivityThread$H.handleMessage(ActivityThread.java:1199)
W/System.err(  422): 	at android.os.Handler.dispatchMessage(Handler.java:99)
W/System.err(  422): 	at android.os.Looper.loop(Looper.java:137)
W/System.err(  422): 	at android.app.ActivityThread.main(ActivityThread.java:4517)
W/System.err(  422): 	at java.lang.reflect.Method.invokeNative(Native Method)
W/System.err(  422): 	at java.lang.reflect.Method.invoke(Method.java:511)
W/System.err(  422): 	at com.android.internal.os.ZygoteInit$MethodAndArgsCaller.run(ZygoteInit.java:994)
W/System.err(  422): 	at com.android.internal.os.ZygoteInit.main(ZygoteInit.java:761)
W/System.err(  422): 	at dalvik.system.NativeStart.main(Native Method)
I/DownloadManager(  422): in removeSpuriousFiles
D/dalvikvm(  251): GC_CONCURRENT freed 611K, 12% free 14825K/16711K, paused 4ms+6ms
I/DownloadManager(  422): deleting spurious file /cache/fota
I/ActivityManager(  251): Start proc app.processName for service hostingNameStr: pid=476 uid=10047 gids={1015, 1023, 1007, 3003}
D/AndroidRuntime(  442): Shutting down VM
W/dalvikvm(  442): threadid=1: thread exiting with uncaught exception (group=0x40c63210)
D/GpsLocationProvider(  251): handleEnable
D/gps_sirf(  251): sirf_gps_init: called
D/gps_sirf(  251): load_properties: failed to open file (2)
D/gps_sirf(  251): ERROR : sirf_sec_property_load_config: load properties error
D/gps_sirf(  251): sirf_gps_log_enable called : LOGGING OFF
D/gps_sirf(  251): Configure GPS Capabilites - Scheduling, MSB, MSA
D/gps_sirf(  251): sirf_gps_init CsrSchedRegisterExternalSend : CsrSchedExternalMessageHandler
D/STATUSBAR-NotificationService(  251): cancelAllNotifications()
I/dalvikvm(  476): Turning on JNI app bug workarounds for target SDK version 5...
E/AndroidRuntime(  442): FATAL EXCEPTION: main
E/AndroidRuntime(  442): java.lang.RuntimeException: Unable to create application com.miui.home.launcher.LauncherApplication: java.lang.NullPointerException
E/AndroidRuntime(  442): 	at android.app.ActivityThread.handleBindApplication(ActivityThread.java:3974)
E/AndroidRuntime(  442): 	at android.app.ActivityThread.access$1300(ActivityThread.java:128)
E/AndroidRuntime(  442): 	at android.app.ActivityThread$H.handleMessage(ActivityThread.java:1199)
E/AndroidRuntime(  442): 	at android.os.Handler.dispatchMessage(Handler.java:99)
E/AndroidRuntime(  442): 	at android.os.Looper.loop(Looper.java:137)
E/AndroidRuntime(  442): 	at android.app.ActivityThread.main(ActivityThread.java:4517)
E/AndroidRuntime(  442): 	at java.lang.reflect.Method.invokeNative(Native Method)
E/AndroidRuntime(  442): 	at java.lang.reflect.Method.invoke(Method.java:511)
E/AndroidRuntime(  442): 	at com.android.internal.os.ZygoteInit$MethodAndArgsCaller.run(ZygoteInit.java:994)
E/AndroidRuntime(  442): 	at com.android.internal.os.ZygoteInit.main(ZygoteInit.java:761)
E/AndroidRuntime(  442): 	at dalvik.system.NativeStart.main(Native Method)
E/AndroidRuntime(  442): Caused by: java.lang.NullPointerException
E/AndroidRuntime(  442): 	at com.miui.home.launcher.Utilities.createIconBitmap(Utilities.java:121)
E/AndroidRuntime(  442): 	at com.miui.home.launcher.IconCache.makeDefaultIcon(IconCache.java:65)
E/AndroidRuntime(  442): 	at com.miui.home.launcher.IconCache.<init>(IconCache.java:60)
E/AndroidRuntime(  442): 	at com.miui.home.launcher.LauncherApplication.onCreate(LauncherApplication.java:49)
E/AndroidRuntime(  442): 	at android.app.Instrumentation.callApplicationOnCreate(Instrumentation.java:973)
E/AndroidRuntime(  442): 	at android.app.ActivityThread.handleBindApplication(ActivityThread.java:3971)
E/AndroidRuntime(  442): 	... 10 more
D/dalvikvm(  442): GC_CONCURRENT freed 262K, 12% free 11767K/13319K, paused 2ms+2ms
I/ActivityManager(  251): Start proc app.processName for broadcast hostingNameStr: pid=490 uid=1000 gids={1015, 1023, 1007, 3003, 3002, 3001, 3006, 3007}
D/KeyguardViewMediator(  251): Not factory mode
W/ActivityManager(  251):   Force finishing activity com.miui.home/.launcher.Launcher
D/MtpService(  422): addStorageLocked 65537 /mnt/sdcard
E/WifiP2pStateTracker(  251): getNetworkInfo : NetworkInfo: type: wifi_p2p[], state: UNKNOWN/IDLE, reason: (unspecified), extra: (none), roaming: false, failover: false, isAvailable: false
D/MtpService(  422): starting MTP server in MTP mode
D/MediaScanner(  422): MediaScanner - mSkipList (/mnt/sdcard/autonavidata50/,/mnt/sdcard/DioDict3B/)
E/MtpServerJNI(  422): could not open MTP driver, errno: 2
D/MtpService(  422): addStorageLocked 65537 /mnt/sdcard
E/MtpServerJNI(  422): server is null in add_storage
E/MtpServerJNI(  422): server is null in run
E/MtpServerJNI(  422): server is null in cleanup
D/dalvikvm(  372): GC_CONCURRENT freed 466K, 13% free 12382K/14151K, paused 2ms+2ms
V/AudioFlinger(   95): releaseWakeLock_l() AudioOut_1
I/ScreenElementRoot(  251): init target density: 240
I/DateTimeVariableUpdater(  251): init with accuracy:Second
D/RootHolder(  251): create root
D/RootHolder(  251): init:com.android.internal.policy.impl.AwesomeLockScreen@41b99478
I/RenderThread(  251): RenderThread started
I/RenderThread(  251): RenderThread paused, waiting for signal
W/LanguageHelper(  251): no available string resources to load.
I/NotifierManager(  251): acquireNotifier:TimeChanged  miui.app.screenelement.data.DateTimeVariableUpdater@41cd1e98
V/AudioFlinger(   95): MixerThread 0x17dd770 TID 208 going to sleep
D/STATUSBAR-NotificationService(  251): cancelNotification - pkg:XXX.XXXXXX.XXXXXXX.XXXXXX, id:1
V/BackupManagerService(  251): Connected to Google transport
V/BackupManagerService(  251): Registering transport com.google.android.backup/.BackupTransportService = com.google.android.backup.BackupTransportService$1@41b9fd90
I/ActivityManager(  251): Start proc app.processName for added application hostingNameStr: pid=515 uid=1001 gids={3002, 3001, 3003, 1015, 1023}
D/dalvikvm(  251): GC_CONCURRENT freed 556K, 11% free 15136K/16967K, paused 4ms+7ms
I/ActivityManager(  251): Start proc app.processName for added application hostingNameStr: pid=528 uid=10036 gids={3003}
I/ActivityThread(  490): Pub miui_settings: com.android.settings.provider.MiuiSettingsProvider
I/ActivityManager(  251): Start proc app.processName for added application hostingNameStr: pid=541 uid=10069 gids={3003, 1015, 1023}
I/ActivityManager(  251): !@bootcomplete
I/ActivityManager(  251): Start proc app.processName for added application hostingNameStr: pid=553 uid=10000 gids={1015, 1023, 3003}
I/NotifierManager(  251): onRegister: miui.app.screenelement.NotifierManager$BroadcastNotifier@41cd8498
I/NotifierManager(  251): acquireNotifier:Battery  miui.app.screenelement.data.BatteryVariableUpdater@41cd3438
I/ActivityThread(  490): Pub wifi: com.android.settings.wifi.WifiProvider
D/dalvikvm(  372): GC_CONCURRENT freed 210K, 11% free 12686K/14215K, paused 2ms+3ms
D/dalvikvm(  490): GC_CONCURRENT freed 154K, 12% free 11840K/13319K, paused 2ms+2ms
I/SurfaceFlinger(   92): id=2(1) createSurface 0x4d0e04 (1x1),1 flag=0, PIN 
D/dalvikvm(   93): GC_EXPLICIT freed 34K, 12% free 11609K/13123K, paused 19ms+24ms
D/KeyguardViewMediator(  251): setHidden false
D/dalvikvm(   93): GC_EXPLICIT freed <1K, 12% free 11609K/13123K, paused 3ms+2ms
D/dalvikvm(  372): GC_FOR_ALLOC freed 83K, 11% free 12719K/14279K, paused 28ms
I/dalvikvm-heap(  372): Grow heap (frag case) to 14.392MB for 771856-byte allocation
D/dalvikvm(   93): GC_EXPLICIT freed <1K, 12% free 11609K/13123K, paused 2ms+3ms
D/dalvikvm(  372): GC_CONCURRENT freed 2K, 11% free 13470K/15047K, paused 2ms+19ms
I/ActivityManager(  251): Start proc app.processName for service hostingNameStr: pid=570 uid=10047 gids={1015, 1023, 1007, 3003}
I/ActivityManager(  251): START {intent.toShortString} from pid 0
D/ActivityManager(  251): Trying to launch applicationName
I/NotifierManager(  251): onRegister: miui.app.screenelement.NotifierManager$BroadcastNotifier@41c16210
I/NotifierManager(  251): acquireNotifier:VolumeChanged  miui.app.screenelement.data.VolumeVariableUpdater@41cd3670
I/NotifierManager(  251): onRegister: miui.app.screenelement.NotifierManager$BroadcastNotifier@41bb3d00
D/ContentProviderBinder(  251): start query: content://call_log/calls
D/ContentProviderBinder(  251):  where:type=3 AND new=1
D/ContentProviderBinder(  251): start query: content://sms/inbox
D/ContentProviderBinder(  251):  where:seen=0 AND read=0
D/ContentProviderBinder(  251): start query: content://call_log/calls
D/ContentProviderBinder(  251):  where:type=3 AND new=1
D/ContentProviderBinder(  251): start query: content://sms/inbox
D/ContentProviderBinder(  251):  where:seen=0 AND read=0
I/ResourceManager(  251): load image unlock_mask_bg_top.png
I/dalvikvm(  570): Turning on JNI app bug workarounds for target SDK version 5...
D/dalvikvm(  251): GC_FOR_ALLOC freed 396K, 13% free 14881K/17031K, paused 107ms
I/dalvikvm-heap(  251): Grow heap (frag case) to 16.260MB for 506896-byte allocation
D/dalvikvm(  251): GC_FOR_ALLOC freed 7K, 13% free 15369K/17543K, paused 99ms
I/ActivityManager(  251): Start proc app.processName for content provider hostingNameStr: pid=582 uid=10003 gids={3003, 1015, 1023}
I/BluetoothService(  251):  Received BOOT_COMPLETED message
D/EnterpriseDeviceManagerService(  251): android.intent.action.BOOT_COMPLETED
I/EnterpriseDeviceManagerService(  251): runAdminUpdate
W/System.err(  251): java.io.FileNotFoundException: /data/system/selfUpdateAdmin.conf: open failed: ENOENT (No such file or directory)
W/System.err(  251): 	at libcore.io.IoBridge.open(IoBridge.java:425)
W/System.err(  251): 	at java.io.FileInputStream.<init>(FileInputStream.java:78)
W/System.err(  251): 	at java.io.FileInputStream.<init>(FileInputStream.java:105)
W/System.err(  251): 	at java.io.FileReader.<init>(FileReader.java:66)
W/System.err(  251): 	at com.android.server.enterprise.Utils.readPropertyValue(Utils.java:120)
W/System.err(  251): 	at com.android.server.enterprise.EnterpriseDeviceManagerService.selfUpdate(EnterpriseDeviceManagerService.java:762)
W/System.err(  251): 	at com.android.server.enterprise.EnterpriseDeviceManagerService.access$300(EnterpriseDeviceManagerService.java:109)
W/System.err(  251): 	at com.android.server.enterprise.EnterpriseDeviceManagerService$2.run(EnterpriseDeviceManagerService.java:749)
W/System.err(  251): 	at android.os.Handler.handleCallback(Handler.java:605)
W/System.err(  251): 	at android.os.Handler.dispatchMessage(Handler.java:92)
W/System.err(  251): 	at android.os.Looper.loop(Looper.java:137)
W/System.err(  251): 	at android.os.HandlerThread.run(HandlerThread.java:60)
D/BatteryService(  251): bootCompleted
D/PowerManagerService(  251): bootCompleted
I/PowerManagerService(  251): Ulight 0xf->0x7|0x0
V/DevicePolicyManagerService(  251): Sending password expiration notifications for action android.intent.action.BOOT_COMPLETED
D/KeyguardViewMediator(  251): setHidden false
I/ResourceManager(  251): load image unlock_mask_bg_bottom.png
V/AudioFlinger(   95): removeNotificationClient() 0x17ed880, pid 166
V/AudioFlinger(   95): 166 died, releasing its sessions
D/dalvikvm(  372): GC_FOR_ALLOC freed 52K, 10% free 14635K/16199K, paused 19ms
D/dalvikvm(  251): GC_FOR_ALLOC freed 81K, 13% free 15393K/17543K, paused 73ms
W/System.err(  251): Caused by: libcore.io.ErrnoException: open failed: ENOENT (No such file or directory)
W/System.err(  251): 	at libcore.io.Posix.open(Native Method)
W/System.err(  251): 	at libcore.io.BlockGuardOs.open(BlockGuardOs.java:110)
W/System.err(  251): 	at libcore.io.IoBridge.open(IoBridge.java:409)
W/System.err(  251): 	... 11 more
E/readPropertyValue(  251): File access error /data/system/selfUpdateAdmin.conf
I/EnterpriseDeviceManagerService(  251): nothing to selfUpdate
I/Surface (  251): Surface_lockCanvas
I/SurfaceTextureClient(  251): connect(NATIVE_WINDOW_API_CPU)
D/KeyguardViewMediator(  251): setHidden false
D/FirewallPolicy(  251): getLastUidForRules
D/FirewallPolicy(  251): getLastUidForProxy
I/ActivityThread(  541): Pub com.xiaomi.xmsf: com.xiaomi.xmsf.push.service.log.LogProvider
D/FirewallPolicy(  251): getLastUidForProxy() uid = -1
I/WifiStateMachine(  251): setWifiEnabled : true
I/WifiService(  251): android.intent.action.BOOT_COMPLETED
I/WifiService(  251): WifiService starting up with Wi-Fi enabled
I/ResourceManager(  251): load image unlock_mask_bg_pressed.png
I/SurfaceFlinger(   92): id=3(1) createSurface (16x16),-1 flag=20000, DimAnimatos
I/ActivityThread(  582): Pub com.android.voicemail: com.android.providers.contacts.VoicemailContentProvider
D/LocalBluetoothProfileManager(  490): LocalBluetoothProfileManager construction complete
I/Surface (  251): Surface_lockCanvas
W/AirkanApp Phone Service(  553): Airkan Protocol version:0x1000100 desc:Airkan Protocol Version 1.01
W/AirkanApp Phone Service(  553): Airkan version: 2013-2-1
E/WifiStateMachine(  251): java.lang.Throwable
E/WifiStateMachine(  251): 	at android.net.wifi.WifiStateMachine.setWifiEnabled(WifiStateMachine.java:1381)
E/WifiStateMachine(  251): 	at com.android.server.WifiService.setWifiEnabled(WifiService.java:1078)
E/WifiStateMachine(  251): 	at com.android.server.WifiService.checkAndStartWifi(WifiService.java:928)
E/WifiStateMachine(  251): 	at com.android.server.WifiService$3.onReceive(WifiService.java:746)
E/WifiStateMachine(  251): 	at android.app.LoadedApk$ReceiverDispatcher$Args.run(LoadedApk.java:728)
E/WifiStateMachine(  251): 	at android.os.Handler.handleCallback(Handler.java:605)
E/WifiStateMachine(  251): 	at android.os.Handler.dispatchMessage(Handler.java:92)
E/WifiStateMachine(  251): 	at android.os.Looper.loop(Looper.java:137)
E/WifiStateMachine(  251): 	at com.android.server.ServerThread.run(SystemServer.java:1069)
I/WifiHW  (  251): ##################### set firmware type 0 #####################
D/WifiStateMachine(  251): setWifiEnabled : WifiNative.setFwType(0)
D/WifiP2pService(  251): P2pDisabledState131203
D/baidu_location_service(  570): baidu location service start1 ...570
D/Tethering(  251): Boot complete.
D/MountService(  251): received ACTION_BOOT_COMPLETED
D/MountService(  251): doMountVolume :: Mouting path = /mnt/extSdCard with = booting
D/MountService(  251): externalstorage_lock_state = 
D/MountService(  251): ExtSdcard = true
I/ActivityThread(  582): Pub com.android.social: com.android.providers.contacts.SocialProvider
I/ActivityThread(  582): Pub contacts;com.android.contacts: com.android.providers.contacts.ContactsProvider2
I/ConfigureLog4J(  541): log system inited
V/MediaPlayer(  251): decode(305, 0, 7567)
D/MtpService(  422): onStorageStateChanged /mnt/extSdCard unmounted -> checking
D/VoldCmdListener(   77): volume mount /mnt/extSdCard
I/Vold    (   77): /dev/block/vold/179:97 being considered for volume sdcard
D/Vold    (   77): Volume sdcard state changing 1 (Idle-Unmounted) -> 3 (Checking)
I/MountService(  251): onEvent:: raw= 605 Volume sdcard /mnt/extSdCard state changed from 1 (Idle-Unmounted) to 3 (Checking) cooked =  605 Volume sdcard /mnt/extSdCard state changed from 1 (Idle-Unmounted) to 3 (Checking)
I/MountService(  251): updating volume state checking
D/MountService(  251): updatePublicVolumeState :: path = /mnt/extSdCard, state = checking
D/MountService(  251): volume state changed for /mnt/extSdCard (unmounted -> checking)
I/MountService(  251): notifyVolumeStateChanged:: path = /mnt/extSdCard,old = unmounted,new = checking
D/MountService(  251): sendStorageIntent Intent { act=android.intent.action.MEDIA_CHECKING dat=file:///mnt/extSdCard (has extras) }
W/logwrapper(  614): Unable to background process (No such file or directory)
I//system/bin/fsck_msdos(   77): ** /dev/block/vold/179:97
I//system/bin/fsck_msdos(   77): Boot sector contents:
I//system/bin/fsck_msdos(   77): 	bytes per sector:.............512
I//system/bin/fsck_msdos(   77): 	sectors per cluster:..........8
I//system/bin/fsck_msdos(   77): 	number of reserved sectors:...32
I//system/bin/fsck_msdos(   77): 	number of FATs:...............2
I//system/bin/fsck_msdos(   77): 	number of sectors are in FAT:.3743 (1871 KB)
I//system/bin/fsck_msdos(   77): 	cluster mask (bit):...........32
I//system/bin/fsck_msdos(   77): 	FAT entries:..................479104
I//system/bin/fsck_msdos(   77): 	first cluster offset..........7502
I//system/bin/fsck_msdos(   77): 	cluster size(bytes):..........4096
I//system/bin/fsck_msdos(   77): 	number of sectors:............3840000
I//system/bin/fsck_msdos(   77): 	hidden sectors:...............0
I//system/bin/fsck_msdos(   77): 	number of clusters:...........479062
I//system/bin/fsck_msdos(   77): 	oem name:.....................android { 0x61 0x6e 0x64 0x72 0x6f 0x69 0x64 0x20}
I//system/bin/fsck_msdos(   77): 	volume serial number:.........1134-07e3
I//system/bin/fsck_msdos(   77): 	volume label:.................NO NAME    { 0x4f 0x20 0x4e 0x41 0x4d 0x45 0x20 0x20 0x20 0x20 0x46}
I//system/bin/fsck_msdos(   77): 	file system string id:........FAT32   { 0x41 0x54 0x33 0x32 0x20 0x20 0x20 0xfa}
I//system/bin/fsck_msdos(   77): ** Phase 1 - Read and Compare FATs
I//system/bin/fsck_msdos(   77): Attempting to allocate 1871 KB for FAT
V/MediaPlayerService(   95): decode(37, 0, 7567)
I/ActivityManager(  251): Start proc app.processName for service hostingNameStr: pid=605 uid=10036 gids={3003}
V/MediaPlayerService(   95): player type = 3
V/MediaPlayerService(   95):  create StagefrightPlayer
V/AwesomePlayer(   95): setDefault
V/AwesomePlayer(   95): constructor
I/Surface (  251): Surface_lockCanvas
I/SearchManagerService(  251): Building list of searchable activities
D/baidu_location_client(  476): baidu location connected ...
V/AwesomePlayer(   95): setDefault
I/AwesomePlayer(   95): reset
I/AwesomePlayer(   95): cancel player events
V/AwesomePlayer(   95): mAudioTrackVector clear
I/AwesomePlayer(   95): --mSystemTimeSourceForSync reset ok
V/AwesomePlayer(   95): setListener
V/StagefrightPlayer(   95): setAudioSink
V/AwesomePlayer(   95): setAudioSink
V/StagefrightPlayer(   95): setDataSource(37, 0, 7567)
V/AwesomePlayer(   95): setDataSource fd
I/AwesomePlayer(   95): cancel player events
V/AwesomePlayer(   95): mAudioTrackVector clear
I/AwesomePlayer(   95): --mSystemTimeSourceForSync reset ok
I/MediaExtractor(   95): Autodetected media content as 'application/ogg' with confidence 0.20
V/AwesomePlayer(   95): track of type 'audio/vorbis' does not publish bitrate
V/AwesomePlayer(   95): mBitrate = -1 bits/sec
V/AwesomePlayer(   95): current audio track (0)
V/AwesomePlayer(   95): current audio track (0) is added to vector[0]
V/AwesomePlayer(   95): setDataSource_l: Audio(1), Video(0)
I/AwesomePlayer(   95): AwesomePlayer::setDataSource_l():: This is not a DRM content
V/MediaPlayerService(   95): prepare
V/StagefrightPlayer(   95): prepareAsync
V/AwesomePlayer(   95): prepareAsync
V/MediaPlayerService(   95): wait for prepare
V/AwesomePlayer(   95): onPrepareAsyncEvent
I/AwesomePlayer(   95): initAudioDecoder start
V/AwesomePlayer(   95): notifyListner_l() msg (5-MEDIA_SET_VIDEO_SIZE), ext1 (0), ext2 (0)
V/AudioCache(   95): notify(0x1807758, 5, 0, 0)
V/AudioCache(   95): ignored
V/AwesomePlayer(   95): notifyListner_l() msg (1-MEDIA_PREPARED), ext1 (0), ext2 (0)
V/AudioCache(   95): notify(0x1807758, 1, 0, 0)
V/AudioCache(   95): prepared
V/AudioCache(   95): wait - success
V/MediaPlayerService(   95): start
V/StagefrightPlayer(   95): start
V/AwesomePlayer(   95): play
I/AwesomePlayer(   95): AwesomePlayer::play_l():: this is not widevine!! 
I/AwesomePlayer(   95): AwesomePlayer::play_l():: This is not a DRM content
V/AudioCache(   95): open(44100, 2, 1, 4)
V/AudioCache(   95): write(0x1803280, 4096)
V/AudioCache(   95): memcpy(0x42a3b000, 0x1803280, 4096)
V/AudioCache(   95): write(0x1803280, 4096)
V/AudioCache(   95): memcpy(0x42a3c000, 0x1803280, 4096)
V/AudioCache(   95): write(0x1803280, 4096)
V/AudioCache(   95): memcpy(0x42a3d000, 0x1803280, 4096)
V/AudioCache(   95): write(0x1803280, 4096)
V/AudioCache(   95): memcpy(0x42a3e000, 0x1803280, 4096)
V/AudioCache(   95): write(0x1803280, 4096)
V/AudioCache(   95): memcpy(0x42a3f000, 0x1803280, 4096)
I/ActivityThread(  515): Pub telephony: com.android.providers.telephony.TelephonyProvider
V/AudioCache(   95): write(0x1803280, 4096)
V/AudioCache(   95): memcpy(0x42a40000, 0x1803280, 4096)
V/AudioCache(   95): write(0x1803280, 4096)
V/AudioCache(   95): memcpy(0x42a41000, 0x1803280, 4096)
V/AudioCache(   95): write(0x1803280, 4096)
V/AudioCache(   95): memcpy(0x42a42000, 0x1803280, 4096)
E/OMXCodec(   95): [OMX.google.vorbis.decoder] err = -1011
E/WifiHW  (  251): Cannot open "/data/.cid.info": No such file or directory
I/WifiHW  (  251): ==========[WIFI] Station firmware load ===========
V/MediaPlayerService(   95): wait for playback complete
I/Surface (  251): Surface_lockCanvas
V/AudioFlinger(   95): setParameters(): io 0, keyvalue ril_connected=1, tid 209, calling tid 251
V/AudioFlinger(   95): setParameters::  string = ril_connected=1 / ioHandle = 0 
V/AudioFlinger(   95): setParameters:: send AudioHAL 
D/AudioHardwareALSA(   95): LVVE AudioHardwareALSA::setParameters() ril_connected=1
D/AudioHardwareALSA(   95): AudioHardwareALSA::setParameters() ril_connected=1
I/AudioHardwareALSA(   95): connect RILD ok
D/dalvikvm(  570): Trying to load lib /data/data/com.baidu.map.location/lib/liblocSDK_2.5OEM.so 0x418f62a0
D/dalvikvm(  570): Added shared lib /data/data/com.baidu.map.location/lib/liblocSDK_2.5OEM.so 0x418f62a0
D/dalvikvm(  570): No JNI_OnLoad found in /data/data/com.baidu.map.location/lib/liblocSDK_2.5OEM.so 0x418f62a0, skipping init
V/AudioCache(   95): write(0x1803280, 4096)
V/AudioCache(   95): memcpy(0x42a43000, 0x1803280, 4096)
V/AudioCache(   95): write(0x1803280, 4096)
V/AudioCache(   95): memcpy(0x42a44000, 0x1803280, 4096)
V/AwesomePlayer(   95): MEDIA_PLAYBACK_COMPLETE
V/AwesomePlayer(   95): notifyListner_l() msg (2-MEDIA_PLAYBACK_COMPLETE), ext1 (0), ext2 (0)
V/AudioCache(   95): notify(0x1807758, 2, 0, 0)
V/AudioCache(   95): playback complete - thread will wake up later
V/AudioCache(   95): write(0x1803280, 384)
V/AudioCache(   95): memcpy(0x42a45000, 0x1803280, 384)
V/AudioCache(   95): wait - success
V/StagefrightPlayer(   95): reset
I/AwesomePlayer(   95): reset
I/AwesomePlayer(   95): cancel player events
V/AwesomePlayer(   95): mAudioTrackVector clear
I/OMXCodec(   95): [OMX.google.vorbis.decoder] stop() sendCommand(0x4, OMX_CommandStateSet, OMX_StateIdle)
I/OMXCodec(   95): [OMX.google.vorbis.decoder] stopped in state 1
I/AwesomePlayer(   95): --mSystemTimeSourceForSync reset ok
V/StagefrightPlayer(   95): ~StagefrightPlayer
V/StagefrightPlayer(   95): reset
I/AwesomePlayer(   95): reset
I/AwesomePlayer(   95): cancel player events
V/AwesomePlayer(   95): mAudioTrackVector clear
I/AwesomePlayer(   95): --mSystemTimeSourceForSync reset ok
V/AwesomePlayer(   95): destructor
I/AwesomePlayer(   95): reset
I/AwesomePlayer(   95): cancel player events
V/AwesomePlayer(   95): mAudioTrackVector clear
I/AwesomePlayer(   95): --mSystemTimeSourceForSync reset ok
V/AwesomePlayer(   95): ~AwesomePlayer()
V/MediaPlayer(  251): decode(306, 0, 4412)
V/MediaPlayerService(   95): decode(37, 0, 4412)
V/MediaPlayerService(   95): player type = 3
V/MediaPlayerService(   95):  create StagefrightPlayer
V/AwesomePlayer(   95): setDefault
V/AwesomePlayer(   95): constructor
V/AwesomePlayer(   95): setDefault
I/AwesomePlayer(   95): reset
I/AwesomePlayer(   95): cancel player events
V/AwesomePlayer(   95): mAudioTrackVector clear
I/AwesomePlayer(   95): --mSystemTimeSourceForSync reset ok
V/AwesomePlayer(   95): setListener
V/StagefrightPlayer(   95): setAudioSink
V/AwesomePlayer(   95): setAudioSink
V/StagefrightPlayer(   95): setDataSource(37, 0, 4412)
V/AwesomePlayer(   95): setDataSource fd
I/AwesomePlayer(   95): cancel player events
V/AwesomePlayer(   95): mAudioTrackVector clear
I/AwesomePlayer(   95): --mSystemTimeSourceForSync reset ok
I/MediaExtractor(   95): Autodetected media content as 'application/ogg' with confidence 0.20
V/AwesomePlayer(   95): track of type 'audio/vorbis' does not publish bitrate
V/AwesomePlayer(   95): mBitrate = -1 bits/sec
V/AwesomePlayer(   95): current audio track (0)
V/AwesomePlayer(   95): current audio track (0) is added to vector[0]
V/AwesomePlayer(   95): setDataSource_l: Audio(1), Video(0)
I/AwesomePlayer(   95): AwesomePlayer::setDataSource_l():: This is not a DRM content
V/MediaPlayerService(   95): prepare
V/StagefrightPlayer(   95): prepareAsync
V/AwesomePlayer(   95): prepareAsync
V/MediaPlayerService(   95): wait for prepare
V/AwesomePlayer(   95): onPrepareAsyncEvent
I/AwesomePlayer(   95): initAudioDecoder start
V/AwesomePlayer(   95): notifyListner_l() msg (5-MEDIA_SET_VIDEO_SIZE), ext1 (0), ext2 (0)
V/AudioCache(   95): notify(0x1807758, 5, 0, 0)
V/AudioCache(   95): ignored
V/AwesomePlayer(   95): notifyListner_l() msg (1-MEDIA_PREPARED), ext1 (0), ext2 (0)
V/AudioCache(   95): notify(0x1807758, 1, 0, 0)
V/AudioCache(   95): prepared
V/AudioCache(   95): wait - success
V/MediaPlayerService(   95): start
V/StagefrightPlayer(   95): start
V/AwesomePlayer(   95): play
I/AwesomePlayer(   95): AwesomePlayer::play_l():: this is not widevine!! 
I/AwesomePlayer(   95): AwesomePlayer::play_l():: This is not a DRM content
V/AudioCache(   95): open(44100, 1, 1, 4)
V/AudioCache(   95): write(0x1808cb0, 2048)
V/AudioCache(   95): memcpy(0x42b3b000, 0x1808cb0, 2048)
V/AudioCache(   95): write(0x1808cb0, 2048)
V/AudioCache(   95): memcpy(0x42b3b800, 0x1808cb0, 2048)
E/OMXCodec(   95): [OMX.google.vorbis.decoder] err = -1011
V/AudioPolicyManagerBase(   95): getNewDevice() selected device 0
V/AudioPolicyManagerBase(   95): getDeviceForStrategy() from cache strategy 0, device 2
D/KeyguardViewMediator(  251): Not factory mode
V/MediaPlayerService(   95): wait for playback complete
V/AudioCache(   95): write(0x1808cb0, 2048)
V/AudioCache(   95): memcpy(0x42b3c000, 0x1808cb0, 2048)
V/AwesomePlayer(   95): MEDIA_PLAYBACK_COMPLETE
V/AwesomePlayer(   95): notifyListner_l() msg (2-MEDIA_PLAYBACK_COMPLETE), ext1 (0), ext2 (0)
V/AudioCache(   95): notify(0x1807758, 2, 0, 0)
V/AudioCache(   95): playback complete - thread will wake up later
V/AudioCache(   95): write(0x1808cb0, 1382)
V/AudioCache(   95): memcpy(0x42b3c800, 0x1808cb0, 1382)
V/AudioCache(   95): wait - success
V/StagefrightPlayer(   95): reset
I/AwesomePlayer(   95): reset
I/AwesomePlayer(   95): cancel player events
V/AwesomePlayer(   95): mAudioTrackVector clear
I/OMXCodec(   95): [OMX.google.vorbis.decoder] stop() sendCommand(0x5, OMX_CommandStateSet, OMX_StateIdle)
I/OMXCodec(   95): [OMX.google.vorbis.decoder] stopped in state 1
I/AwesomePlayer(   95): --mSystemTimeSourceForSync reset ok
V/StagefrightPlayer(   95): ~StagefrightPlayer
V/StagefrightPlayer(   95): reset
I/AwesomePlayer(   95): reset
I/AwesomePlayer(   95): cancel player events
V/AwesomePlayer(   95): mAudioTrackVector clear
I/AwesomePlayer(   95): --mSystemTimeSourceForSync reset ok
V/AwesomePlayer(   95): destructor
I/AwesomePlayer(   95): reset
I/AwesomePlayer(   95): cancel player events
V/AwesomePlayer(   95): mAudioTrackVector clear
I/AwesomePlayer(   95): --mSystemTimeSourceForSync reset ok
V/AwesomePlayer(   95): ~AwesomePlayer()
I/System.out(  570): DefaultRequestDirector http execute enter loop 
I/System.out(  570): DefaultRequestDirect http execute return 2exception!Unable to resolve host "loc.map.baidu.com": No address associated with hostname
I/System.out(  570): DefaultRequestDirector http execute enter loop 
I/System.out(  570): DefaultRequestDirect http execute return 2exception!Unable to resolve host "loc.map.baidu.com": No address associated with hostname
V/MediaPlayer(  251): decode(307, 0, 9678)
V/MediaPlayerService(   95): decode(37, 0, 9678)
V/MediaPlayerService(   95): player type = 3
V/MediaPlayerService(   95):  create StagefrightPlayer
V/AwesomePlayer(   95): setDefault
V/AwesomePlayer(   95): constructor
V/AwesomePlayer(   95): setDefault
I/AwesomePlayer(   95): reset
