D/MainService( 2241): [MSF End]RegPrxySvc.PbGetGroupMsg,cost=0ms.
D/MainService( 2241): [MSF End]RegPrxySvc.PbGetGroupMsg,cost=1ms.
D/MainService( 2241): [MSF End]RegPrxySvc.PbGetDiscussMsg,cost=0ms.
D/MainService( 2241): [MSF End]RegPrxySvc.PbGetDiscussMsg,cost=0ms.
I/Surface (  599): Surface_lockCanvas
I/Surface (  599): Surface_lockCanvas
D/dalvikvm( 2229): GC_CONCURRENT freed 305K, 8% free 12266K/13191K, paused 3ms+44ms
I/Surface (  599): Surface_lockCanvas
D/MainService( 2241): [MSF End]RegPrxySvc.NoticeEnd,cost=72ms.
I/Surface (  599): Surface_lockCanvas
I/Surface (  599): Surface_lockCanvas
I/Surface (  599): Surface_lockCanvas
I/Surface (  599): Surface_lockCanvas
I/Surface (  599): Surface_lockCanvas
I/Surface (  599): Surface_lockCanvas
I/Surface (  599): Surface_lockCanvas
I/Surface (  599): Surface_lockCanvas
I/Surface (  599): Surface_lockCanvas
I/Surface (  599): Surface_lockCanvas
I/Surface (  599): Surface_lockCanvas
I/Surface (  599): Surface_lockCanvas
I/Surface (  599): Surface_lockCanvas
I/Surface (  599): Surface_lockCanvas
I/Surface (  599): Surface_lockCanvas
I/Surface (  599): Surface_lockCanvas
I/Surface (  599): Surface_lockCanvas
I/Surface (  599): Surface_lockCanvas
I/Surface (  599): Surface_lockCanvas
V/AlarmManager(  290): waitForAlarm result :1
V/AlarmManager(  290): trigger WAKEUP Alarm{42066f40 type 0 XXX.XXXXXXX.XXXXXXXX}
I/Surface (  599): Surface_lockCanvas
I/Surface (  599): Surface_lockCanvas
I/Surface (  599): Surface_lockCanvas
I/Surface (  599): Surface_lockCanvas
I/Surface (  599): Surface_lockCanvas
I/Surface (  599): Surface_lockCanvas
I/Surface (  599): Surface_lockCanvas
I/Surface (  599): Surface_lockCanvas
D/dalvikvm(  838): GC_FOR_ALLOC freed 148K, 15% free 18244K/21319K, paused 433ms
I/Surface (  599): Surface_lockCanvas
I/Surface (  599): Surface_lockCanvas
I/Surface (  599): Surface_lockCanvas
D/MainService( 2241): [MSF End]QQServiceDiscussSvc.ReqGetDiscussInfo,cost=505ms.
I/Surface (  599): Surface_lockCanvas
I/Surface (  599): Surface_lockCanvas
I/Surface (  599): Surface_lockCanvas
I/Surface (  599): Surface_lockCanvas
I/Surface (  599): Surface_lockCanvas
I/Surface (  599): Surface_lockCanvas
I/Surface (  599): Surface_lockCanvas
I/Surface (  599): Surface_lockCanvas
V/SimCardSyncer( 2166): registerSimCard: ticket=micloud.45jD5dZPP6MlRzcpAAXlNQ==, savedTicket=micloud.45jD5dZPP6MlRzcpAAXlNQ==, savedBindId=2432930817245824
I/Surface (  599): Surface_lockCanvas
D/dalvikvm(  838): GC_FOR_ALLOC freed 39K, 14% free 18351K/21319K, paused 193ms
I/Surface (  599): Surface_lockCanvas
I/Surface (  599): Surface_lockCanvas
I/Surface (  599): Surface_lockCanvas
I/Surface (  599): Surface_lockCanvas
I/Surface (  599): Surface_lockCanvas
I/Surface (  599): Surface_lockCanvas
D/ContactsSyncAdapter( 2166): start clear no sourceId rawcontacts syncTag
D/dalvikvm( 2241): GC_CONCURRENT freed 618K, 8% free 15885K/17095K, paused 4ms+5ms
D/Q.msg.TroopMsgProxy( 2241): [E]insertToList MessageRecord=friendUin:7552senderuin:9214,istroop:1,msgType:-1000,time:1408327799,shmsgseq:165082
I/SqliteDatabaseCpp( 2241): sqlite returned: error code = 1, msg = no such table: mr_friend_D005CE7AEEF46BD18515F783FB8E87FA_New, db=/data/data/com_tencent_mobileqq/databases/1263972314_db
D/Q.msg.TroopMsgProxy( 2241): [E]insertToList MessageRecord=friendUin:7421senderuin:5111,istroop:1,msgType:-1000,time:1408327588,shmsgseq:635035
D/Q.msg.MsgProxy( 2241): [E]insertToList MessageRecord=friendUin:1432senderuin:1432,istroop:0,msgType:-1000,time:1408327474,shmsgseq:3780
D/Q.msg.TroopMsgProxy( 2241): [E]insertToList MessageRecord=friendUin:1474senderuin:7368,istroop:1,msgType:-1000,time:1408327582,shmsgseq:88273
D/Q.msg.TroopMsgProxy( 2241): [E]insertToList MessageRecord=friendUin:1474senderuin:3203,istroop:1,msgType:-2000,time:1408327802,shmsgseq:88274
D/Q.msg.MsgProxy( 2241): [E]insertToList MessageRecord=friendUin:1432senderuin:2314,istroop:0,msgType:-1000,time:1408327589,shmsgseq:32076
D/Q.msg.MsgProxy( 2241): [E]insertToList MessageRecord=friendUin:1432senderuin:1432,istroop:0,msgType:-1000,time:1408327601,shmsgseq:3801
D/Q.msg.MsgProxy( 2241): [E]insertToList MessageRecord=friendUin:1432senderuin:2314,istroop:0,msgType:-1000,time:1408327617,shmsgseq:32077
D/Q.msg.MsgProxy( 2241): [E]insertToList MessageRecord=friendUin:1432senderuin:1432,istroop:0,msgType:-1000,time:1408327623,shmsgseq:3818
D/Q.msg.MsgProxy( 2241): [E]insertToList MessageRecord=friendUin:1432senderuin:1432,istroop:0,msgType:-1000,time:1408327742,shmsgseq:3862
D/Q.msg.MsgProxy( 2241): [E]insertToList MessageRecord=friendUin:1432senderuin:1432,istroop:0,msgType:-1000,time:1408327816,shmsgseq:3887
I/Surface (  599): Surface_lockCanvas
I/Surface (  599): Surface_lockCanvas
I/Surface (  599): Surface_lockCanvas
I/Surface (  599): Surface_lockCanvas
I/Surface (  599): Surface_lockCanvas
I/Surface (  599): Surface_lockCanvas
I/Surface (  599): Surface_lockCanvas
I/Surface (  599): Surface_lockCanvas
I/Surface (  599): Surface_lockCanvas
I/Surface (  599): Surface_lockCanvas
D/Q.msg.TroopMsgProxy( 2241): [E]insertToList MessageRecord=friendUin:2750senderuin:6770,istroop:1,msgType:-1000,time:1408327554,shmsgseq:14771
D/Q.msg.TroopMsgProxy( 2241): [E]insertToList MessageRecord=friendUin:2750senderuin:6770,istroop:1,msgType:-1000,time:1408327560,shmsgseq:14772
D/Q.msg.TroopMsgProxy( 2241): [E]insertToList MessageRecord=friendUin:2750senderuin:2172,istroop:1,msgType:-1000,time:1408327571,shmsgseq:14773
D/Q.msg.TroopMsgProxy( 2241): [E]insertToList MessageRecord=friendUin:2750senderuin:6770,istroop:1,msgType:-1000,time:1408327589,shmsgseq:14774
D/Q.msg.TroopMsgProxy( 2241): [E]insertToList MessageRecord=friendUin:2750senderuin:5180,istroop:1,msgType:-1000,time:1408327609,shmsgseq:14775
D/Q.msg.TroopMsgProxy( 2241): [E]insertToList MessageRecord=friendUin:2750senderuin:5180,istroop:1,msgType:-2000,time:1408327615,shmsgseq:14776
D/Q.msg.TroopMsgProxy( 2241): [E]insertToList MessageRecord=friendUin:2750senderuin:6770,istroop:1,msgType:-1000,time:1408327736,shmsgseq:14777
D/Q.msg.TroopMsgProxy( 2241): [E]insertToList MessageRecord=friendUin:2750senderuin:5180,istroop:1,msgType:-1000,time:1408327763,shmsgseq:14778
D/Q.msg.TroopMsgProxy( 2241): [E]insertToList MessageRecord=friendUin:2750senderuin:6770,istroop:1,msgType:-1000,time:1408327769,shmsgseq:14779
D/Q.msg.TroopMsgProxy( 2241): [E]insertToList MessageRecord=friendUin:2750senderuin:6770,istroop:1,msgType:-1000,time:1408327776,shmsgseq:14780
V/SimCardSyncer( 2166): registerSimCard: Register card 13669661??? with bind-id 2432930817245824
I/Surface (  599): Surface_lockCanvas
D/KeyguardViewMediator(  290): Not factory mode
I/Surface (  599): Surface_lockCanvas
D/Q.msg.TroopMsgProxy( 2241): [E]insertToList MessageRecord=friendUin:9468senderuin:4061,istroop:1,msgType:-2000,time:1408327471,shmsgseq:785721
D/Q.msg.TroopMsgProxy( 2241): [E]insertToList MessageRecord=friendUin:9468senderuin:3043,istroop:1,msgType:-1000,time:1408327490,shmsgseq:785722
D/Q.msg.TroopMsgProxy( 2241): [E]insertToList MessageRecord=friendUin:9468senderuin:9427,istroop:1,msgType:-2000,time:1408327496,shmsgseq:785723
D/Q.msg.TroopMsgProxy( 2241): [E]insertToList MessageRecord=friendUin:9468senderuin:9427,istroop:1,msgType:-2000,time:1408327497,shmsgseq:785724
D/Q.msg.TroopMsgProxy( 2241): [E]insertToList MessageRecord=friendUin:9468senderuin:9427,istroop:1,msgType:-1000,time:1408327524,shmsgseq:785725
D/Q.msg.TroopMsgProxy( 2241): [E]insertToList MessageRecord=friendUin:9468senderuin:5161,istroop:1,msgType:-2000,time:1408327660,shmsgseq:785726
D/Q.msg.TroopMsgProxy( 2241): [E]insertToList MessageRecord=friendUin:9468senderuin:9427,istroop:1,msgType:-1000,time:1408327813,shmsgseq:785727
D/Q.msg.TroopMsgProxy( 2241): [E]insertToList MessageRecord=friendUin:9468senderuin:6308,istroop:1,msgType:-1000,time:1408327845,shmsgseq:785728
I/Surface (  599): Surface_lockCanvas
I/Surface (  599): Surface_lockCanvas
I/Surface (  599): Surface_lockCanvas
I/Surface (  599): Surface_lockCanvas
I/Surface (  599): Surface_lockCanvas
I/Surface (  599): Surface_lockCanvas
I/Surface (  599): Surface_lockCanvas
I/Surface (  599): Surface_lockCanvas
I/Surface (  599): Surface_lockCanvas
I/Surface (  599): Surface_lockCanvas
I/Surface (  599): Surface_lockCanvas
I/Surface (  599): Surface_lockCanvas
I/Surface (  599): Surface_lockCanvas
I/Surface (  599): Surface_lockCanvas
I/SqliteDatabaseCpp( 2241): sqlite returned: error code = 1, msg = no such table: mr_friend_1299C1B7A9E0C2BF41AF69C449464A49_New, db=/data/data/com_tencent_mobileqq/databases/1263972314_db
I/Surface (  599): Surface_lockCanvas
I/Surface (  599): Surface_lockCanvas
I/Surface (  599): Surface_lockCanvas
D/InputReader(  290): Input event: value=1
D/KeyguardViewMediator(  290): Not factory mode
I/Surface (  599): Surface_lockCanvas
I/Surface (  599): Surface_lockCanvas
D/KeyguardViewMediator(  290): Not factory mode
I/Surface (  599): Surface_lockCanvas
I/Surface (  599): Surface_lockCanvas
I/Surface (  599): Surface_lockCanvas
D/KeyguardViewMediator(  290): Not factory mode
D/RestrictionPolicy(  290): isHomeKeyEnabled :true
I/Surface (  599): Surface_lockCanvas
I/Surface (  599): Surface_lockCanvas
I/Surface (  599): Surface_lockCanvas
V/SmsSyncer( 2166): uploadSms: Start uploading...
I/Surface (  599): Surface_lockCanvas
D/KeyguardViewMediator(  290): Not factory mode
D/RestrictionPolicy(  290): isHomeKeyEnabled :true
I/Surface (  599): Surface_lockCanvas
I/Surface (  599): Surface_lockCanvas
D/ContactsSyncAdapter( 2166): end clear sync tag
I/Surface (  599): Surface_lockCanvas
I/Surface (  599): Surface_lockCanvas
I/Surface (  599): Surface_lockCanvas
I/Surface (  599): Surface_lockCanvas
D/dalvikvm( 2241): GC_CONCURRENT freed 1467K, 12% free 15872K/17927K, paused 5ms+15ms
I/Surface (  599): Surface_lockCanvas
I/Surface (  599): Surface_lockCanvas
D/dalvikvm( 2166): GC_CONCURRENT freed 675K, 10% free 11895K/13127K, paused 3ms+2ms
W/SignalStrength(  290): getGsmLevel=2
W/SignalStrength(  290): getLevel=2 (SignalStrength: 9 -1 -1 -1 -1 -1 -1 -1 -1 -1 -1 -1 gsm|lte 2)
W/SignalStrength(  290): getGsmDbm=-95
W/SignalStrength(  290): getDbm=-95
W/SignalStrength(  290): getGsmAsuLevel=9
W/SignalStrength(  290): getAsuLevel=9
I/Surface (  599): Surface_lockCanvas
D/KeyguardViewMediator(  290): Not factory mode
W/SignalStrength(  599): getGsmAsuLevel=9
W/SignalStrength(  599): getCdmaAsuLevel=16
W/SignalStrength(  599): getGsmLevel=2
W/SignalStrength(  599): getLevel=2 (SignalStrength: 9 -1 -1 -1 -1 -1 -1 -1 -1 -1 -1 -1 gsm|lte 2)
I/Surface (  599): Surface_lockCanvas
I/Surface (  599): Surface_lockCanvas
I/Surface (  599): Surface_lockCanvas
D/StatusBar.NetworkController(  599): updateTelephonySignalStrength: mSignalStrength == 9(GSM) 16(CDMA)
I/Surface (  599): Surface_lockCanvas
I/Surface (  599): Surface_lockCanvas
I/Surface (  599): Surface_lockCanvas
I/Surface (  599): Surface_lockCanvas
I/Surface (  599): Surface_lockCanvas
I/Surface (  599): Surface_lockCanvas
D/KeyguardViewMediator(  290): Not factory mode
D/RestrictionPolicy(  290): isHomeKeyEnabled :true
D/WindowManager(  290): Home long press behavior, keyguardOn = false
D/KeyguardViewMediator(  290): Not factory mode
D/RestrictionPolicy(  290): isHomeKeyEnabled :true
I/Surface (  599): Surface_lockCanvas
D/KeyguardViewMediator(  290): Not factory mode
W/WindowManager(  290): interceptKeyBeforeDispatching with IVoIPInterface 
D/KeyguardViewMediator(  290): setHidden false
D/VoIPInterfaceManager(  290): isVoIPRinging()...
D/VoIPInterfaceManager(  290):     Not exist call session
D/VibratorService(  290): JNI vibratorOff()
D/KeyguardViewMediator(  290): setHidden false
D/DEFERED_APP_VISIBILITY(  290): tweaking closing app
D/VibratorService(  290): JNI vibratorOn() : 1
D/KeyguardViewMediator(  290): Not factory mode
D/RestrictionPolicy(  290): isHomeKeyEnabled :true
D/OpenGLRenderer(  838): Flushing caches (mode 0)
I/Surface (  599): Surface_lockCanvas
D/KeyguardViewMediator(  290): Not factory mode
D/RestrictionPolicy(  290): isHomeKeyEnabled :true
I/Surface (  599): Surface_lockCanvas
D/KeyguardViewMediator(  290): setHidden false
D/KeyguardViewMediator(  290): setHidden false
D/VibratorService(  290): JNI vibratorOn() : 21
D/KeyguardViewMediator(  290): setHidden false
D/KeyguardViewMediator(  290): setHidden false
D/KeyguardViewMediator(  290): Not factory mode
D/RestrictionPolicy(  290): isHomeKeyEnabled :true
D/KeyguardViewMediator(  290): setHidden false
D/KeyguardViewMediator(  290): setHidden false
V/SmsSyncer( 2166): uploadSms: Got 0 dirty messages from database
V/SmsSyncer( 2166): uploadSms: No more dirty messages. Normal exit.
D/KeyguardViewMediator(  290): setHidden false
D/KeyguardViewMediator(  290): Not factory mode
D/RestrictionPolicy(  290): isHomeKeyEnabled :true
D/KeyguardViewMediator(  290): Not factory mode
D/RestrictionPolicy(  290): isHomeKeyEnabled :true
D/KeyguardViewMediator(  290): setHidden false
D/KeyguardViewMediator(  290): setHidden false
D/KeyguardViewMediator(  290): setHidden false
D/KeyguardViewMediator(  290): Not factory mode
D/RestrictionPolicy(  290): isHomeKeyEnabled :true
D/KeyguardViewMediator(  290): setHidden false
D/InputReader(  290): Input event: value=0
D/dalvikvm(  599): GC_CONCURRENT freed 1996K, 18% free 15995K/19463K, paused 2ms+5ms
D/KeyguardViewMediator(  290): setHidden false
D/KeyguardViewMediator(  290): Not factory mode
D/KeyguardViewMediator(  290): setHidden false
D/KeyguardViewMediator(  290): Not factory mode
D/KeyguardViewMediator(  290): setHidden false
D/KeyguardViewMediator(  290): Not factory mode
D/RestrictionPolicy(  290): isHomeKeyEnabled :true
D/KeyguardViewMediator(  290): setHidden false
D/KeyguardViewMediator(  290): Not factory mode
D/RestrictionPolicy(  290): isHomeKeyEnabled :true
D/KeyguardViewMediator(  290): setHidden false
D/KeyguardViewMediator(  290): setHidden false
D/KeyguardViewMediator(  290): setHidden false
D/KeyguardViewMediator(  290): setHidden false
D/Q.msg.TroopMsgProxy( 2241): [E]insertToList MessageRecord=friendUin:4556senderuin:4849,istroop:3000,msgType:-1000,time:1408327619,shmsgseq:8065
D/KeyguardViewMediator(  290): setHidden false
D/KeyguardViewMediator(  290): Not factory mode
D/KeyguardViewMediator(  290): setHidden false
D/KeyguardViewMediator(  290): setHidden false
D/Q.msg.TroopMsgProxy( 2241): [E]insertToList MessageRecord=friendUin:4556senderuin:2314,istroop:3000,msgType:-1000,time:1408327629,shmsgseq:8066
D/Q.msg.TroopMsgProxy( 2241): [E]insertToList MessageRecord=friendUin:4556senderuin:2314,istroop:3000,msgType:-1000,time:1408327635,shmsgseq:8067
D/KeyguardViewMediator(  290): setHidden false
D/Q.msg.TroopMsgProxy( 2241): [E]insertToList MessageRecord=friendUin:4556senderuin:4849,istroop:3000,msgType:-1000,time:1408327658,shmsgseq:8068
D/KeyguardViewMediator(  290): setHidden false
D/IconHelper(  599): Generate customized icon for com.android.phone.PrivilegedOutgoingCallBroadcaster.png
D/KeyguardViewMediator(  290): setHidden false
D/Q.msg.TroopMsgProxy( 2241): [E]insertToList MessageRecord=friendUin:4556senderuin:2314,istroop:3000,msgType:-1000,time:1408327658,shmsgseq:8069
D/KeyguardViewMediator(  290): setHidden false
D/Q.msg.TroopMsgProxy( 2241): [E]insertToList MessageRecord=friendUin:4556senderuin:4849,istroop:3000,msgType:-1000,time:1408327663,shmsgseq:8070
D/Q.msg.TroopMsgProxy( 2241): [E]insertToList MessageRecord=friendUin:4556senderuin:4849,istroop:3000,msgType:-1000,time:1408327667,shmsgseq:8071
D/Q.msg.TroopMsgProxy( 2241): [E]insertToList MessageRecord=friendUin:4556senderuin:4849,istroop:3000,msgType:-1000,time:1408327671,shmsgseq:8072
D/Q.msg.TroopMsgProxy( 2241): [E]insertToList MessageRecord=friendUin:4556senderuin:2314,istroop:3000,msgType:-1000,time:1408327677,shmsgseq:8073
D/Q.msg.TroopMsgProxy( 2241): [E]insertToList MessageRecord=friendUin:4556senderuin:2314,istroop:3000,msgType:-1000,time:1408327687,shmsgseq:8074
D/KeyguardViewMediator(  290): setHidden false
D/KeyguardViewMediator(  290): setHidden false
D/KeyguardViewMediator(  290): setHidden false
D/KeyguardViewMediator(  290): setHidden false
D/KeyguardViewMediator(  290): setHidden false
I/SurfaceFlinger(   92): id=22 Removed TwelveKeyDiales idx=1 Map Size=3
I/SurfaceFlinger(   92): id=22 Removed TwelveKeyDiales idx=-2 Map Size=3
D/dalvikvm( 2241): GC_CONCURRENT freed 1380K, 12% free 15913K/17927K, paused 6ms+35ms
I/Surface (  599): Surface_lockCanvas
I/SurfaceFlinger(   92): id=23(4) createSurface 0xd1e0e4 (480x800),1 flag=0, RecentsPanem
D/KeyguardViewMediator(  290): setHidden false
D/STATUSBAR-StatusBarManagerService(  290): setSystemUiVisibility(0x0)
D/STATUSBAR-StatusBarManagerService(  290): manageDisableList what=0x0 pkg=WindowManager.LayoutParams
D/GlRenderer(  599): initialize
D/GlRenderer(  599): initializeEgl
I/libEGL  (  599): eglCreateWindowSurface
I/Surface (  599): Surface_lockCanvas
D/MSF.C.NetConnTag( 1759): [E]netSend ssoSeq:23725 uin:*2314 cmd:-607473955 23977
D/MSF.C.NetConnTag( 1759): [E]netRecv ssoSeq:23725 uin:*2314 cmd:-607473955 24021
D/MainService( 2241): [MSF End]ImgStore.GroupPicDown,cost=52ms.
D/MSF.C.NetConnTag( 1759): [E]netSend ssoSeq:23727 uin:*2314 cmd:-607473955 23979
V/MmsSyncer( 2166): uploadMms: Start uploading...
D/MSF.C.NetConnTag( 1759): [E]netRecv ssoSeq:23727 uin:*2314 cmd:-607473955 24023
W/ResourceType(  290): Invalid package identifier when getting bag for resource number 0x7f0e0008
D/KeyguardViewMediator(  290): setHidden false
I/Surface (  599): Surface_lockCanvas
I/Surface (  599): Surface_lockCanvas
D/MainService( 2241): [MSF End]ImgStore.GroupPicDown,cost=55ms.
D/Posix   ( 2241): ## MMS_TRACE: ##: getsockoptInt(): option = 4, result = 0.
D/Posix   ( 2241): ## MMS_TRACE: ##: getsockoptInt(): option = 4, result = 0.
I/dalvikvm( 2241): Jit: resizing JitTable from 4096 to 8192
I/Surface (  599): Surface_lockCanvas
I/Surface (  599): Surface_lockCanvas
I/AutoMonitor( 2241): ActionLoginT, cost=19692, actLoginType=4, userLoginCostTime=0, userGuideCostTime=0, userPhoneNumCostTime=0, userVerifyCodeCostTime=0
D/MSF.C.NetConnTag( 1759): [E]netSend ssoSeq:23731 uin:*2314 cmd:-607473955 23983
D/MSF.C.NetConnTag( 1759): [E]netRecv ssoSeq:23731 uin:*2314 cmd:-607473955 24027
I/Surface (  599): Surface_lockCanvas
I/Surface (  599): Surface_lockCanvas
I/Surface (  599): Surface_lockCanvas
I/Surface (  599): Surface_lockCanvas
I/Surface (  599): Surface_lockCanvas
W/PowerManagerService(  290): Timer 0x3->0x3|0x0
I/Surface (  599): Surface_lockCanvas
I/Surface (  599): Surface_lockCanvas
I/Surface (  599): Surface_lockCanvas
D/MainService( 2241): [MSF End]ImgStore.GroupPicDown,cost=61ms.
D/MainService( 2241): [MSF End]App_GetDataCount,cost=0ms.
I/Surface (  599): Surface_lockCanvas
V/MmsSyncer( 2166): uploadMms: Got 0 dirty messages from database
V/MmsSyncer( 2166): uploadMms: No more dirty messages. Normal exit.
I/Surface (  599): Surface_lockCanvas
I/Surface (  599): Surface_lockCanvas
V/MmsSmsManager( 2166): download: Start downloading...
I/Surface (  599): Surface_lockCanvas
I/Surface (  599): Surface_lockCanvas
I/Surface (  599): Surface_lockCanvas
I/Surface (  599): Surface_lockCanvas
I/Surface (  599): Surface_lockCanvas
I/Surface (  599): Surface_lockCanvas
D/MSF.C.NetConnTag( 1759): [E]netSend ssoSeq:23737 uin:*2314 cmd:-607473955 23989
I/Surface (  599): Surface_lockCanvas
I/AutoMonitor( 2241): SyncData, cost=18782
I/Surface (  599): Surface_lockCanvas
D/MSF.C.NetConnTag( 1759): [E]netRecv ssoSeq:23737 uin:*2314 cmd:-607473955 24033
I/Surface (  599): Surface_lockCanvas
D/MainService( 2241): [MSF End]ImgStore.GroupPicDown,cost=21ms.
I/Surface (  599): Surface_lockCanvas
W/SignalStrength(  290): getGsmLevel=2
W/SignalStrength(  290): getLevel=2 (SignalStrength: 10 -1 -1 -1 -1 -1 -1 -1 -1 -1 -1 -1 gsm|lte 2)
W/SignalStrength(  290): getGsmDbm=-93
W/SignalStrength(  290): getDbm=-93
W/SignalStrength(  290): getGsmAsuLevel=10
W/SignalStrength(  290): getAsuLevel=10
V/MmsSmsManager( 2166): download: Downloading messages for SimCard 1: bindId=2432930817245824, slot=1, marker=25973397087325184
V/MmsSmsManager( 2166): download: Syncing from 25973397087325184
W/SignalStrength(  599): getGsmAsuLevel=10
W/SignalStrength(  599): getCdmaAsuLevel=16
W/SignalStrength(  599): getGsmLevel=2
W/SignalStrength(  599): getLevel=2 (SignalStrength: 10 -1 -1 -1 -1 -1 -1 -1 -1 -1 -1 -1 gsm|lte 2)
I/Surface (  599): Surface_lockCanvas
D/StatusBar.NetworkController(  599): updateTelephonySignalStrength: mSignalStrength == 10(GSM) 16(CDMA)
I/Surface (  599): Surface_lockCanvas
I/Surface (  599): Surface_lockCanvas
I/Surface (  599): Surface_lockCanvas
I/Surface (  599): Surface_lockCanvas
I/Surface (  599): Surface_lockCanvas
I/Surface (  599): Surface_lockCanvas
I/Surface (  599): Surface_lockCanvas
I/Surface (  599): Surface_lockCanvas
I/Surface (  599): Surface_lockCanvas
I/Surface (  599): Surface_lockCanvas
I/Surface (  599): Surface_lockCanvas
I/Surface (  599): Surface_lockCanvas
I/System.out( 2166): DefaultRequestDirector http execute enter loop 
D/MSF.C.NetConnTag( 1759): [E]netSend ssoSeq:23741 uin:*2314 cmd:2009612963 24033
I/Surface (  599): Surface_lockCanvas
I/Surface (  599): Surface_lockCanvas
D/ContactsSyncAdapter( 2166): start upload dirty groups
I/Surface (  599): Surface_lockCanvas
I/Surface (  599): Surface_lockCanvas
D/MSF.C.NetConnTag( 1759): [E]netRecv ssoSeq:23741 uin:*2314 cmd:2009612963 23837
D/MainService( 2241): [MSF End]RegPrxySvc.getOffMsg,cost=0ms.
I/Surface (  599): Surface_lockCanvas
D/MSF.C.NetConnTag( 1759): [E]netRecv ssoSeq:-1292593196 uin:*2314 cmd:1416541363 -1292592916
I/Surface (  599): Surface_lockCanvas
D/MSF.C.NetConnTag( 1759): [E]netRecv ssoSeq:-1292593195 uin:*2314 cmd:941118174 -1292592987
D/Posix   ( 2166): ## MMS_TRACE: ##: getsockoptInt(): option = 4, result = 0.
D/Posix   ( 2166): ## MMS_TRACE: ##: setsockoptInt(): option = 1, value = 1.
I/System.out( 2166): ## HttpRequestExecutor::execute() starts. ## 
D/Posix   ( 2166): ## MMS_TRACE: ##: getsockoptInt(): option = 7, result = 16384.
D/Posix   ( 2166): ## MMS_TRACE: ##: getsockoptInt(): option = 8, result = 87380.
I/System.out( 2166): ################ Socket Options ###############
I/System.out( 2166): #### sendBufferSize = 16384.
I/System.out( 2166): #### recvBufferSize = 87380.
I/System.out( 2166): #### sendTimeout = 0.
I/System.out( 2166): #### recvTimeout = 30000.
I/System.out( 2166): ###############################################
I/Surface (  599): Surface_lockCanvas
I/Surface (  599): Surface_lockCanvas
D/MainService( 2241): [MSF End]RegPrxySvc.PullGroupMsgSeq,cost=31ms.
I/Surface (  599): Surface_lockCanvas
I/Surface (  599): Surface_lockCanvas
D/MainService( 2241): [MSF End]RegPrxySvc.NoticeEnd,cost=5ms.
D/MSF.C.NetConnTag( 1759): [E]netSend ssoSeq:23744 uin:*2314 cmd:-194671707 23956
I/Surface (  599): Surface_lockCanvas
I/Surface (  599): Surface_lockCanvas
D/ContactsSyncAdapter( 2166): end upload dirty groups
D/ContactsSyncAdapter( 2166): start upload dirty contacts
D/ContactsSyncAdapter( 2166): Looking for local dirty contacts
D/MSF.C.NetConnTag( 1759): [E]netRecv ssoSeq:23744 uin:*2314 cmd:-194671707 23856
I/Surface (  599): Surface_lockCanvas
I/Surface (  599): Surface_lockCanvas
I/Surface (  599): Surface_lockCanvas
I/Surface (  599): Surface_lockCanvas
D/dalvikvm( 2241): Trying to load lib /data/data/com.tencent.mobileqq/txlib/libwtecdh.so 0x4187fcc0
D/dalvikvm( 2241): Shared lib '/data/data/com.tencent.mobileqq/txlib/libwtecdh.so' already loaded in same CL 0x4187fcc0
I/Surface (  599): Surface_lockCanvas
I/Surface (  599): Surface_lockCanvas
I/Surface (  599): Surface_lockCanvas
I/System.out( 2166): ## HttpRequestExecutor::execute(): doSendRequest() return NULL reponse. ## 
I/System.out( 2166): ## HttpRequestExecutor::doReceiveResponse(). ## 
I/System.out( 2166): DefaultRequestDirect http execute loop END! 
I/System.out( 2166): DefaultRequestDirect http execute loop END, status 200
I/System.out( 2166): DefaultRequestDirect http execute return response! 
I/Surface (  599): Surface_lockCanvas
I/Surface (  599): Surface_lockCanvas
I/Surface (  599): Surface_lockCanvas
I/Surface (  599): Surface_lockCanvas
V/MmsSmsManager( 2166): download: Parsing downloaded messages...
V/MmsSmsManager( 2166): parseDownloadJson: result=ok code=0 description=成功
V/MmsSmsManager( 2166): parseDownloadJson: Integrating 0 messages downloaded.
D/dalvikvm( 2241): GC_FOR_ALLOC freed 1732K, 14% free 15457K/17927K, paused 151ms
D/BatchModeHelper( 1641): Thread 149 entering batch level 1
D/BatchModeHelper( 1641): Thread 149 entered batch level 1
D/BatchModeHelper( 1641): Thread 149 exiting batch level 1
I/Surface (  599): Surface_lockCanvas
I/Surface (  599): Surface_lockCanvas
I/Surface (  599): Surface_lockCanvas
I/Surface (  599): Surface_lockCanvas
I/InputReader(  290): Touch event's action is 0x0 (deviceType=0) [pCnt=1, pending(waiting finished signal)=0, s=0.12 ]
I/InputDispatcher(  290): Delivering touch to current input target: action: 0x0
I/InputDispatcher(  290): Delivering touch to current input target: action: 0x0
I/InputDispatcher(  290): Delivering touch to current input target: action: 0x0
I/InputDispatcher(  290): Delivering touch to current input target: action: 0x0
I/PowerManagerService(  290): Ulight 0x3->0x7|0x0
D/PowerManagerService(  290): setLightBrightness : mButtonLight : 20
D/BatchModeHelper( 1641): Thread 149 exited batch level 1
V/SmsSyncer( 2166): writeDownloadedSms: Sms integration complete: {}
I/Surface (  599): Surface_lockCanvas
I/InputReader(  290): Touch event's action is 0x1 (deviceType=0) [pCnt=1, pending(waiting finished signal)=0, s=]
I/InputDispatcher(  290): Delivering touch to current input target: action: 0x1
I/InputDispatcher(  290): Delivering touch to current input target: action: 0x1
I/InputDispatcher(  290): Delivering touch to current input target: action: 0x1
I/InputDispatcher(  290): Delivering touch to current input target: action: 0x1
D/ContactsSyncAdapter( 2166): end upload dirty contacts
D/ContactsSyncAdapter( 2166): start sync contacts
D/MainService( 2241): [MSF End]AvatarUpdate.checkUpdate,cost=446ms.
D/MainService( 2241): [MSF End]App_GetDataCount,cost=0ms.
D/BatchModeHelper( 1641): Thread 155 entering batch level 1
D/BatchModeHelper( 1641): Thread 155 entered batch level 1
D/BatchModeHelper( 1641): Thread 155 exiting batch level 1
D/BatchModeHelper( 1641): Thread 155 exited batch level 1
I/Surface (  599): Surface_lockCanvas
V/MmsSyncer( 2166): writeDownloadedMms: Mms integration complete: {}
I/Surface (  599): Surface_lockCanvas
I/Surface (  599): Surface_lockCanvas
D/ContactsSyncAdapter( 2166): last sync water marker is : 4029788576
D/ContactsSyncAdapter( 2166): The filterTag is :
I/Surface (  599): Surface_lockCanvas
I/Surface (  599): Surface_lockCanvas
I/Surface (  599): Surface_lockCanvas
I/Surface (  599): Surface_lockCanvas
I/Surface (  599): Surface_lockCanvas
V/MmsSmsManager( 2166): download: Synced SimCard 1 from marker: 25973397087325184 to 25973397087325184
I/Surface (  599): Surface_lockCanvas
I/Surface (  599): Surface_lockCanvas
I/Surface (  599): Surface_lockCanvas
I/Surface (  599): Surface_lockCanvas
I/Surface (  599): Surface_lockCanvas
I/Surface (  599): Surface_lockCanvas
I/Surface (  599): Surface_lockCanvas
I/Surface (  599): Surface_lockCanvas
D/OpenGLRenderer(  599): Flushing caches (mode 0)
D/dalvikvm( 2241): GC_FOR_ALLOC freed 368K, 14% free 15487K/17927K, paused 206ms
I/System.out( 2166): DefaultRequestDirector http execute enter loop 
I/SurfaceFlinger(   92): id=23 Removed RecentsPanem idx=3 Map Size=3
D/KeyguardViewMediator(  290): setHidden false
I/Surface (  599): Surface_lockCanvas
I/SurfaceFlinger(   92): id=23 Removed RecentsPanem idx=-2 Map Size=3
I/Surface (  599): Surface_lockCanvas
I/Surface (  599): Surface_lockCanvas
D/MSF.C.NetConnTag( 1759): [E]netSend ssoSeq:23747 uin:*2314 cmd:-607473955 23999
I/Surface (  599): Surface_lockCanvas
I/Surface (  599): Surface_lockCanvas
I/Surface (  599): Surface_lockCanvas
D/MSF.C.NetConnTag( 1759): [E]netRecv ssoSeq:23747 uin:*2314 cmd:-607473955 24043
I/Surface (  599): Surface_lockCanvas
I/Surface (  599): Surface_lockCanvas
I/Surface (  599): Surface_lockCanvas
I/Surface (  599): Surface_lockCanvas
D/MainService( 2241): [MSF End]ImgStore.GroupPicDown,cost=46ms.
I/Surface (  599): Surface_lockCanvas
I/Surface (  599): Surface_lockCanvas
I/Surface (  599): Surface_lockCanvas
D/Posix   ( 2166): ## MMS_TRACE: ##: getsockoptInt(): option = 4, result = 0.
D/Posix   ( 2166): ## MMS_TRACE: ##: setsockoptInt(): option = 1, value = 1.
I/Surface (  599): Surface_lockCanvas
I/Surface (  599): Surface_lockCanvas
I/Surface (  599): Surface_lockCanvas
I/Surface (  599): Surface_lockCanvas
D/dalvikvm( 1759): GC_CONCURRENT freed 490K, 10% free 13406K/14791K, paused 5ms+19ms
I/System.out( 2166): ## HttpRequestExecutor::execute() starts. ## 
D/Posix   ( 2166): ## MMS_TRACE: ##: getsockoptInt(): option = 7, result = 16384.
D/Posix   ( 2166): ## MMS_TRACE: ##: getsockoptInt(): option = 8, result = 87380.
I/System.out( 2166): ################ Socket Options ###############
I/System.out( 2166): #### sendBufferSize = 16384.
I/System.out( 2166): #### recvBufferSize = 87380.
I/System.out( 2166): #### sendTimeout = 0.
I/System.out( 2166): #### recvTimeout = 30000.
I/System.out( 2166): ###############################################
I/Surface (  599): Surface_lockCanvas
I/Surface (  599): Surface_lockCanvas
I/Surface (  599): Surface_lockCanvas
D/STATUSBAR-NotificationService(  290): cancelNotification - pkg:android, id:1554674205
I/Surface (  599): Surface_lockCanvas
I/System.out( 2166): ## HttpRequestExecutor::execute(): doSendRequest() return NULL reponse. ## 
I/System.out( 2166): ## HttpRequestExecutor::doReceiveResponse(). ## 
I/System.out( 2166): DefaultRequestDirect http execute loop END! 
I/System.out( 2166): DefaultRequestDirect http execute loop END, status 200
I/System.out( 2166): DefaultRequestDirect http execute return response! 
I/Surface (  599): Surface_lockCanvas
I/Surface (  599): Surface_lockCanvas
I/Surface (  599): Surface_lockCanvas
I/Surface (  599): Surface_lockCanvas
I/Surface (  599): Surface_lockCanvas
I/Surface (  599): Surface_lockCanvas
D/dalvikvm( 2241): GC_FOR_ALLOC freed 257K, 14% free 15533K/17927K, paused 122ms
I/Surface (  599): Surface_lockCanvas
I/Surface (  599): Surface_lockCanvas
I/Surface (  599): Surface_lockCanvas
I/Surface (  599): Surface_lockCanvas
D/ContactsSyncAdapter( 2166): Is the last page: true
I/Surface (  599): Surface_lockCanvas
I/Surface (  599): Surface_lockCanvas
I/Surface (  599): Surface_lockCanvas
I/Surface (  599): Surface_lockCanvas
I/Surface (  599): Surface_lockCanvas
I/Surface (  599): Surface_lockCanvas
I/Surface (  599): Surface_lockCanvas
I/Surface (  599): Surface_lockCanvas
I/Surface (  599): Surface_lockCanvas
I/Surface (  599): Surface_lockCanvas
D/MainService( 2241): [MSF End]App_GetDataCount,cost=0ms.
I/Surface (  599): Surface_lockCanvas
I/Surface (  599): Surface_lockCanvas
D/ContactsSyncAdapter( 2166): SyncKey set to 4029788576 in ContactsProvider
D/ContactsSyncAdapter( 2166): end sync contacts
D/ContactsSyncAdapter( 2166): start sync photos
I/Surface (  599): Surface_lockCanvas
I/Surface (  599): Surface_lockCanvas
I/Surface (  599): Surface_lockCanvas
I/Surface (  599): Surface_lockCanvas
I/Surface (  599): Surface_lockCanvas
I/Surface (  599): Surface_lockCanvas
I/Surface (  599): Surface_lockCanvas
I/Surface (  599): Surface_lockCanvas
W/ActivityManager(  290): Launch timeout has expired, giving up wake lock!
I/Surface (  599): Surface_lockCanvas
D/dalvikvm( 2241): GC_FOR_ALLOC freed 211K, 14% free 15533K/17927K, paused 118ms
I/Surface (  599): Surface_lockCanvas
W/PowerManagerService(  290): Timer 0x7->0x3|0x0
I/PowerManagerService(  290): Ulight 0x7->0x3|0x0
D/PowerManagerService(  290): setLightBrightness : mButtonLight : 0
I/Surface (  599): Surface_lockCanvas
I/Surface (  599): Surface_lockCanvas
I/Surface (  599): Surface_lockCanvas
I/Surface (  599): Surface_lockCanvas
I/Surface (  599): Surface_lockCanvas
I/Surface (  599): Surface_lockCanvas
I/Surface (  599): Surface_lockCanvas
W/SignalStrength(  290): getGsmLevel=3
W/SignalStrength(  290): getLevel=3 (SignalStrength: 10 -1 -1 -1 -1 -1 -1 -1 -1 -1 -1 -1 gsm|lte 3)
W/SignalStrength(  290): getGsmDbm=-93
W/SignalStrength(  290): getDbm=-93
W/SignalStrength(  290): getGsmAsuLevel=10
W/SignalStrength(  290): getAsuLevel=10
I/Surface (  599): Surface_lockCanvas
W/SignalStrength(  599): getGsmAsuLevel=10
W/SignalStrength(  599): getCdmaAsuLevel=16
W/SignalStrength(  599): getGsmLevel=3
W/SignalStrength(  599): getLevel=3 (SignalStrength: 10 -1 -1 -1 -1 -1 -1 -1 -1 -1 -1 -1 gsm|lte 3)
D/StatusBar.NetworkController(  599): updateTelephonySignalStrength: mSignalStrength == 10(GSM) 16(CDMA)
I/Surface (  599): Surface_lockCanvas
D/ContactsSyncAdapter( 2166): no photo sync, end sync photos
I/Surface (  599): Surface_lockCanvas
I/Surface (  599): Surface_lockCanvas
I/Surface (  599): Surface_lockCanvas
I/Surface (  599): Surface_lockCanvas
I/Surface (  599): Surface_lockCanvas
I/InputReader(  290): Touch event's action is 0x0 (deviceType=0) [pCnt=1, pending(waiting finished signal)=0, s=0.13 ]
I/Surface (  599): Surface_lockCanvas
I/PowerManagerService(  290): Ulight 0x3->0x7|0x0
D/PowerManagerService(  290): setLightBrightness : mButtonLight : 20
I/Surface (  599): Surface_lockCanvas
I/Surface (  599): Surface_lockCanvas
D/MSF.C.NetConnTag( 1759): [E]netSend ssoSeq:23752 uin:*2314 cmd:-607473955 24004
I/Surface (  599): Surface_lockCanvas
I/Surface (  599): Surface_lockCanvas
D/OpenGLRenderer(  838): Flushing caches (mode 2)
I/Surface (  599): Surface_lockCanvas
D/MSF.C.NetConnTag( 1759): [E]netRecv ssoSeq:23752 uin:*2314 cmd:-607473955 24048
I/Surface (  599): Surface_lockCanvas
I/Surface (  599): Surface_lockCanvas
D/MainService( 2241): [MSF End]ImgStore.GroupPicDown,cost=35ms.
I/Surface (  599): Surface_lockCanvas
I/Surface (  599): Surface_lockCanvas
I/Surface (  599): Surface_lockCanvas
I/Surface (  599): Surface_lockCanvas
I/Surface (  599): Surface_lockCanvas
I/Surface (  599): Surface_lockCanvas
I/Surface (  599): Surface_lockCanvas
D/STATUSBAR-NotificationService(  290): cancelNotification - pkg:android, id:-1858825477
I/Surface (  599): Surface_lockCanvas
I/Surface (  599): Surface_lockCanvas
I/Surface (  599): Surface_lockCanvas
I/Surface (  599): Surface_lockCanvas
I/Surface (  599): Surface_lockCanvas
I/InputReader(  290): Touch event's action is 0x1 (deviceType=0) [pCnt=1, pending(waiting finished signal)=0, s=]
I/Surface (  599): Surface_lockCanvas
I/Surface (  599): Surface_lockCanvas
I/Surface (  599): Surface_lockCanvas
I/Surface (  599): Surface_lockCanvas
I/Surface (  599): Surface_lockCanvas
V/AlarmManager(  290): waitForAlarm result :8
D/KeyguardUpdateMonitor(  290): handleTimeUpdate
I/Surface (  599): Surface_lockCanvas
V/AlarmManager(  290): ClockReceiver onReceive() ACTION_TIME_TICK
W/AlarmManager(  290): FACTORY_ON= 0
I/Surface (  599): Surface_lockCanvas
I/Surface (  599): Surface_lockCanvas
D/dalvikvm( 1759): GC_CONCURRENT freed 453K, 10% free 13438K/14791K, paused 3ms+2ms
I/Surface (  599): Surface_lockCanvas
I/Surface (  599): Surface_lockCanvas
I/Surface (  599): Surface_lockCanvas
I/Surface (  599): Surface_lockCanvas
I/Surface (  599): Surface_lockCanvas
I/Surface (  599): Surface_lockCanvas
I/Surface (  599): Surface_lockCanvas
I/Surface (  599): Surface_lockCanvas
I/Surface (  599): Surface_lockCanvas
I/Surface (  599): Surface_lockCanvas
I/Surface (  599): Surface_lockCanvas
I/Surface (  599): Surface_lockCanvas
I/Surface (  599): Surface_lockCanvas
I/Surface (  599): Surface_lockCanvas
I/Surface (  599): Surface_lockCanvas
I/Surface (  599): Surface_lockCanvas
I/Surface (  599): Surface_lockCanvas
I/Surface (  599): Surface_lockCanvas
I/Surface (  599): Surface_lockCanvas
I/Surface (  599): Surface_lockCanvas
I/Surface (  599): Surface_lockCanvas
I/Surface (  599): Surface_lockCanvas
I/Surface (  599): Surface_lockCanvas
I/Surface (  599): Surface_lockCanvas
I/Surface (  599): Surface_lockCanvas
I/Surface (  599): Surface_lockCanvas
I/Surface (  599): Surface_lockCanvas
I/Surface (  599): Surface_lockCanvas
I/Surface (  599): Surface_lockCanvas
I/Surface (  599): Surface_lockCanvas
I/Surface (  599): Surface_lockCanvas
I/Surface (  599): Surface_lockCanvas
I/Surface (  599): Surface_lockCanvas
E/Watchdog(  290): !@Sync 5
I/Surface (  599): Surface_lockCanvas
I/Surface (  599): Surface_lockCanvas
I/Surface (  599): Surface_lockCanvas
I/Surface (  599): Surface_lockCanvas
I/Surface (  599): Surface_lockCanvas
I/Surface (  599): Surface_lockCanvas
I/Surface (  599): Surface_lockCanvas
D/dalvikvm(  805): GC_CONCURRENT freed 158K, 4% free 19903K/20679K, paused 2ms+9ms
I/Surface (  599): Surface_lockCanvas
I/Surface (  599): Surface_lockCanvas
I/Surface (  599): Surface_lockCanvas
I/Surface (  599): Surface_lockCanvas
I/Surface (  599): Surface_lockCanvas
I/Surface (  599): Surface_lockCanvas
I/Surface (  599): Surface_lockCanvas
I/Surface (  599): Surface_lockCanvas
I/Surface (  599): Surface_lockCanvas
I/Surface (  599): Surface_lockCanvas
I/DEBUG   (  414): !@dumpstate -k -t -n -z -d -o /data/log/dumpstate_app_native -m 746
I/BootReceiver(  290): Copying /data/tombstones/tombstone_04 to DropBox (SYSTEM_TOMBSTONE)
I/Surface (  599): Surface_lockCanvas
I/Surface (  599): Surface_lockCanvas
I/Surface (  599): Surface_lockCanvas
I/Surface (  599): Surface_lockCanvas
I/dumpstate( 2405): begin
I/Surface (  599): Surface_lockCanvas
I/Surface (  599): Surface_lockCanvas
I/Surface (  599): Surface_lockCanvas
I/Surface (  599): Surface_lockCanvas
I/Surface (  599): Surface_lockCanvas
I/Surface (  599): Surface_lockCanvas
D/dalvikvm(  290): GC_CONCURRENT freed 1879K, 66% free 11296K/33223K, paused 5ms+10ms
W/PowerManagerService(  290): Timer 0x7->0x3|0x0
I/PowerManagerService(  290): Ulight 0x7->0x3|0x0
D/PowerManagerService(  290): setLightBrightness : mButtonLight : 0
I/Surface (  599): Surface_lockCanvas
I/Surface (  599): Surface_lockCanvas
I/Surface (  599): Surface_lockCanvas
I/Surface (  599): Surface_lockCanvas
I/Surface (  599): Surface_lockCanvas
I/Surface (  599): Surface_lockCanvas
I/Surface (  599): Surface_lockCanvas
I/Surface (  599): Surface_lockCanvas
I/Surface (  599): Surface_lockCanvas
I/Surface (  599): Surface_lockCanvas
I/Surface (  599): Surface_lockCanvas
I/Surface (  599): Surface_lockCanvas
I/Surface (  599): Surface_lockCanvas
I/Surface (  599): Surface_lockCanvas
I/Surface (  599): Surface_lockCanvas
I/Surface (  599): Surface_lockCanvas
I/Surface (  599): Surface_lockCanvas
I/Surface (  599): Surface_lockCanvas
I/Surface (  599): Surface_lockCanvas
I/Surface (  599): Surface_lockCanvas
I/Surface (  599): Surface_lockCanvas
I/Surface (  599): Surface_lockCanvas
I/Surface (  599): Surface_lockCanvas
I/Surface (  599): Surface_lockCanvas
I/Surface (  599): Surface_lockCanvas
I/Surface (  599): Surface_lockCanvas
I/Surface (  599): Surface_lockCanvas
I/Surface (  599): Surface_lockCanvas
I/Surface (  599): Surface_lockCanvas
I/Surface (  599): Surface_lockCanvas
I/Surface (  599): Surface_lockCanvas
I/Surface (  599): Surface_lockCanvas
I/Surface (  599): Surface_lockCanvas
I/Surface (  599): Surface_lockCanvas
I/Surface (  599): Surface_lockCanvas
I/Surface (  599): Surface_lockCanvas
I/Surface (  599): Surface_lockCanvas
I/Surface (  599): Surface_lockCanvas
I/Surface (  599): Surface_lockCanvas
I/Surface (  599): Surface_lockCanvas
I/Surface (  599): Surface_lockCanvas
I/Surface (  599): Surface_lockCanvas
I/Surface (  599): Surface_lockCanvas
I/Surface (  599): Surface_lockCanvas
I/Surface (  599): Surface_lockCanvas
D/dalvikvm(  805): GC_CONCURRENT freed 100K, 4% free 21834K/22535K, paused 3ms+9ms
I/Surface (  599): Surface_lockCanvas
I/Surface (  599): Surface_lockCanvas
I/Surface (  599): Surface_lockCanvas
I/Surface (  599): Surface_lockCanvas
I/Surface (  599): Surface_lockCanvas
I/Surface (  599): Surface_lockCanvas
I/Surface (  599): Surface_lockCanvas
I/Surface (  599): Surface_lockCanvas
I/Surface (  599): Surface_lockCanvas
I/Surface (  599): Surface_lockCanvas
I/Surface (  599): Surface_lockCanvas
I/Surface (  599): Surface_lockCanvas
I/Surface (  599): Surface_lockCanvas
I/Surface (  599): Surface_lockCanvas
I/Surface (  599): Surface_lockCanvas
I/Surface (  599): Surface_lockCanvas
I/Surface (  599): Surface_lockCanvas
I/Surface (  599): Surface_lockCanvas
I/Surface (  599): Surface_lockCanvas
V/MediaScanner(  805): processDirectory :  /mnt/sdcard
D/MediaScanner(  805): Skipping: /mnt/sdcard/DioDict3B/
I/Surface (  599): Surface_lockCanvas
I/Surface (  599): Surface_lockCanvas
I/Surface (  599): Surface_lockCanvas
I/Surface (  599): Surface_lockCanvas
I/Surface (  599): Surface_lockCanvas
I/Surface (  599): Surface_lockCanvas
I/Surface (  599): Surface_lockCanvas
I/Surface (  599): Surface_lockCanvas
I/Surface (  599): Surface_lockCanvas
I/Surface (  599): Surface_lockCanvas
I/Surface (  599): Surface_lockCanvas
I/Surface (  599): Surface_lockCanvas
I/Surface (  599): Surface_lockCanvas
I/Surface (  599): Surface_lockCanvas
I/Surface (  599): Surface_lockCanvas
I/Surface (  599): Surface_lockCanvas
I/Surface (  599): Surface_lockCanvas
I/Surface (  599): Surface_lockCanvas
I/Surface (  599): Surface_lockCanvas
I/Sur