E/SMD     (   87): Wrote 1 chars to SMD PORT fd=11 ch = 49
E/DataRouter(   85): After the usb select 
E/DataRouter(   85): read usb data[len:1]
E/DataRouter(   85): read usb data message:
E/DataRouter(   85): Before the usb select 
E/SMD     (   87): ***Received data notification[DR->SMD]***
E/SMD     (   87): Message:
E/SMD     (   87): Sending data to SMD: Len = [1]
E/SMD     (   87):  buffer = []
D/SPRDENG (  144): eng_server2modem: use SIM1 /dev/CHNPTY13
D/SPRDENG (  144): AT > AT+CIMI
D/PHONESERVER(  140): Send thread's TID [275] CHNMNG:findNextEOL:
D/PHONESERVER(  140): Send thread's TID [275] CHNMNG:end findNextEOL:
D/PHONESERVER(  140): Send thread's TID [275] CHNMNG:findNextEOL:
D/PHONESERVER(  140): Send thread's TID [275] CHNMNG:end findNextEOL:
D/PHONESERVER(  140): Send thread's TID [275] PS_PTY : /dev/CHNPTY13 Received 8 bytes command[AT+CIMI]
D/PHONESERVER(  140): Send thread TID [275] CHNMNG enter channel_manager_get_cmux 
D/PHONESERVER(  140): Before add wait array pty=0x37964
D/PHONESERVER(  140): Before add wait array
D/PHONESERVER(  140): 
D/PHONESERVER(  140): After add wait array
D/PHONESERVER(  140): [0]:275 
D/PHONESERVER(  140): 
D/PHONESERVER(  140): TYPE: GSM
D/PHONESERVER(  140): Send thread TID [275] CHNMNG Leave channel_manager_get_cmux:/dev/ts0710mux5 
D/PHONESERVER(  140): PS_CMUX cmux_regist_cmd_callback cmux:/dev/ts0710mux5
D/PHONESERVER(  140): PS_CMUX :/dev/ts0710mux5 cmux_write:AT+CIMI:len=8
D/PHONESERVER(  140): Receive thread's TID [264] CHMNG:  receive data thread :mux=/dev/ts0710mux5:input:460007721566748
D/PHONESERVER(  140): pty_write get lock
D/PHONESERVER(  140): PS_PTY:/dev/CHNPTY13   write :
D/PHONESERVER(  140): 460007721566748
D/PHONESERVER(  140): 
D/SPRDENG (  144): eng_modem2server: use SIM1 /dev/CHNPTY13
D/PHONESERVER(  140): pty_write free lock
D/PHONESERVER(  140): Receive thread's TID [264] MUX :/dev/ts0710mux5 Waiting for resp  
D/PHONESERVER(  140): Receive thread's TID [264] CHMNG:  receive data thread :mux=/dev/ts0710mux5:input:OK
D/PHONESERVER(  140): PS_CMUX cmux_deregist_cmd_callback cmux:/dev/ts0710mux5
D/PHONESERVER(  140): pty_write get lock
D/PHONESERVER(  140): PS_PTY:/dev/CHNPTY13   write :
D/PHONESERVER(  140): OK
D/PHONESERVER(  140): 
E/SMD     (   87): Wrote 1 chars to SMD PORT fd=11 ch = d
D/PHONESERVER(  140): pty_write free lock
D/PHONESERVER(  140): [275] before timeout (1408327813)
D/PHONESERVER(  140): CHNMNG enter channel_manager_free_cmux cmux=/dev/ts0710mux5 
D/PHONESERVER(  140): CHNMNG enter channel_manager_free_cmux pty=0x37964 
D/PHONESERVER(  140): [264] Before remove wait array
D/PHONESERVER(  140): [0]:275 
D/PHONESERVER(  140): 
D/PHONESERVER(  140): [264] After remove wait array
D/PHONESERVER(  140): 
D/PHONESERVER(  140): Enter select_send_thread_run
D/PHONESERVER(  140): Leave select_send_thread_run
D/PHONESERVER(  140): CHNMNG Leave channel_manager_free_cmux cmux=/dev/ts0710mux5 
D/PHONESERVER(  140): [264] before signal (1408327813)
D/PHONESERVER(  140): [264] after signal (1408327813)
D/PHONESERVER(  140): Receive thread's TID [264] MUX :/dev/ts0710mux5 Waiting for resp  
D/PHONESERVER(  140): [275] after timeout (1408327813)
D/PHONESERVER(  140): phoneserver mux adapt: generic cmd AT+CIMI
D/SPRDENG (  144): AT < 
D/SPRDENG (  144): 460007721566748
D/SPRDENG (  144): 
D/SPRDENG (  144): OK
D/SPRDENG (  144): 
E/SMD     (   87): After the Modem Read select 
E/SMD     (   87): Read 25 chars from SMD Modem file fd = 11
E/SMD     (   87):  Message: 
E/SMD     (   87): 460007721566748
E/SMD     (   87): 
E/SMD     (   87): OK
E/SMD     (   87): 3105103308
E/SMD     (   87): 
E/SMD     (   87): OK
E/SMD     (   87): 
E/SMD     (   87): _R1.5.6
E/SMD     (   87): 
E/SMD     (   87): 
E/SMD     (   87): S7568ZMMH2
E/SMD     (   87): 
E/SMD     (   87): 
E/SMD     (   87): GT-S7568
E/SMD     (   87): 
E/SMD     (   87): 
E/SMD     (   87): CP_HW_VER
E/SMD     (   87): 
E/SMD     (   87): 
E/SMD     (   87): 08-28-2013 12:11:48
E/SMD     (   87): 
E/SMD     (   87): OK
E/SMD     (   87): 
E/SMD     (   87): Before the Modem Read select 
E/DataRouter(   85): [socket:17]******* Received data notification *******
E/DataRouter(   85): [socket:17]read socket data[len:25]
E/DataRouter(   85): [socket:17]read socket data[message:
E/DataRouter(   85): 460007721566748
E/DataRouter(   85): 
E/DataRouter(   85): OK
E/DataRouter(   85): 
E/DataRouter(   85): write [25] bytes of data to USB fd[13]
E/DataRouter(   85): [socket:17]dr_usb_write
E/DataRouter(   85): After the usb select 
E/DataRouter(   85): read usb data[len:1]
E/DataRouter(   85): read usb data message:A
E/DataRouter(   85): Before the usb select 
E/SMD     (   87): ***Received data notification[DR->SMD]***
E/SMD     (   87): Message:A
E/SMD     (   87): Sending data to SMD: Len = [1]
E/SMD     (   87):  buffer = [A]
E/SMD     (   87): Wrote 1 chars to SMD PORT fd=11 ch = 41
E/DataRouter(   85): After the usb select 
E/DataRouter(   85): read usb data[len:1]
E/DataRouter(   85): read usb data message:T
E/DataRouter(   85): Before the usb select 
E/SMD     (   87): ***Received data notification[DR->SMD]***
E/SMD     (   87): Message:T
E/SMD     (   87): Sending data to SMD: Len = [1]
E/SMD     (   87):  buffer = [T]
E/SMD     (   87): Wrote 1 chars to SMD PORT fd=11 ch = 54
E/DataRouter(   85): After the usb select 
E/DataRouter(   85): read usb data[len:1]
E/DataRouter(   85): read usb data message:+
E/DataRouter(   85): Before the usb select 
E/SMD     (   87): ***Received data notification[DR->SMD]***
E/SMD     (   87): Message:+
E/SMD     (   87): Sending data to SMD: Len = [1]
E/SMD     (   87):  buffer = [+]
E/SMD     (   87): Wrote 1 chars to SMD PORT fd=11 ch = 2b
E/DataRouter(   85): After the usb select 
E/DataRouter(   85): read usb data[len:1]
E/DataRouter(   85): read usb data message:C
E/DataRouter(   85): Before the usb select 
E/SMD     (   87): ***Received data notification[DR->SMD]***
E/SMD     (   87): Message:C
E/SMD     (   87): Sending data to SMD: Len = [1]
E/SMD     (   87):  buffer = [C]
E/SMD     (   87): Wrote 1 chars to SMD PORT fd=11 ch = 43
E/DataRouter(   85): After the usb select 
E/DataRouter(   85): read usb data[len:2]
E/DataRouter(   85): read usb data message:RS
E/DataRouter(   85): Before the usb select 
E/SMD     (   87): ***Received data notification[DR->SMD]***
E/SMD     (   87): Path set is DATA_PATH_DR_SMD_MANAGER
E/SMD     (   87): Message:RS
E/SMD     (   87): Sending data to SMD: Len = [2]
E/SMD     (   87):  buffer = [RS]
E/SMD     (   87): Wrote 2 chars to SMD PORT fd=11 ch = 52
E/DataRouter(   85): After the usb select 
E/DataRouter(   85): read usb data[len:1]
E/DataRouter(   85): read usb data message:M
E/DataRouter(   85): Before the usb select 
E/SMD     (   87): ***Received data notification[DR->SMD]***
E/SMD     (   87): Message:M
E/SMD     (   87): Sending data to SMD: Len = [1]
E/SMD     (   87):  buffer = [M]
E/SMD     (   87): Wrote 1 chars to SMD PORT fd=11 ch = 4d
I/Surface (  599): Surface_lockCanvas
E/DataRouter(   85): After the usb select 
E/DataRouter(   85): read usb data[len:1]
E/DataRouter(   85): read usb data message:=
E/DataRouter(   85): Before the usb select 
E/SMD     (   87): ***Received data notification[DR->SMD]***
E/SMD     (   87): Message:=
E/SMD     (   87): Sending data to SMD: Len = [1]
E/SMD     (   87):  buffer = [=]
E/SMD     (   87): Wrote 1 chars to SMD PORT fd=11 ch = 3d
E/DataRouter(   85): After the usb select 
E/DataRouter(   85): read usb data[len:1]
E/DataRouter(   85): read usb data message:1
E/DataRouter(   85): Before the usb select 
E/SMD     (   87): ***Received data notification[DR->SMD]***
E/SMD     (   87): Message:1
E/SMD     (   87): Sending data to SMD: Len = [1]
E/SMD     (   87):  buffer = [1]
E/SMD     (   87): Wrote 1 chars to SMD PORT fd=11 ch = 31
E/DataRouter(   85): After the usb select 
E/DataRouter(   85): read usb data[len:1]
E/DataRouter(   85): read usb data message:7
E/DataRouter(   85): Before the usb select 
E/SMD     (   87): ***Received data notification[DR->SMD]***
E/SMD     (   87): Message:7
E/SMD     (   87): Sending data to SMD: Len = [1]
E/SMD     (   87):  buffer = [7]
E/SMD     (   87): Wrote 1 chars to SMD PORT fd=11 ch = 37
E/DataRouter(   85): After the usb select 
E/DataRouter(   85): read usb data[len:1]
E/DataRouter(   85): read usb data message:6
E/DataRouter(   85): Before the usb select 
E/SMD     (   87): ***Received data notification[DR->SMD]***
E/SMD     (   87): Message:6
E/SMD     (   87): Sending data to SMD: Len = [1]
E/SMD     (   87):  buffer = [6]
E/SMD     (   87): Wrote 1 chars to SMD PORT fd=11 ch = 36
E/DataRouter(   85): After the usb select 
E/DataRouter(   85): read usb data[len:1]
E/DataRouter(   85): read usb data message:,
E/DataRouter(   85): Before the usb select 
E/SMD     (   87): ***Received data notification[DR->SMD]***
E/SMD     (   87): Message:,
E/SMD     (   87): Sending data to SMD: Len = [1]
E/SMD     (   87):  buffer = [,]
E/SMD     (   87): Wrote 1 chars to SMD PORT fd=11 ch = 2c
E/DataRouter(   85): After the usb select 
E/DataRouter(   85): read usb data[len:1]
E/DataRouter(   85): read usb data message:2
E/DataRouter(   85): Before the usb select 
E/SMD     (   87): ***Received data notification[DR->SMD]***
E/SMD     (   87): Message:2
E/SMD     (   87): Sending data to SMD: Len = [1]
E/SMD     (   87):  buffer = [2]
E/SMD     (   87): Wrote 1 chars to SMD PORT fd=11 ch = 32
E/DataRouter(   85): After the usb select 
E/DataRouter(   85): read usb data[len:1]
E/DataRouter(   85): read usb data message:8
E/DataRouter(   85): Before the usb select 
E/SMD     (   87): ***Received data notification[DR->SMD]***
E/SMD     (   87): Message:8
E/SMD     (   87): Sending data to SMD: Len = [1]
E/SMD     (   87):  buffer = [8]
E/SMD     (   87): Wrote 1 chars to SMD PORT fd=11 ch = 38
E/DataRouter(   85): After the usb select 
E/DataRouter(   85): read usb data[len:1]
E/DataRouter(   85): read usb data message:5
E/SMD     (   87): ***Received data notification[DR->SMD]***
E/SMD     (   87): Message:5
E/SMD     (   87): Sending data to SMD: Len = [1]
E/SMD     (   87):  buffer = [5]
E/SMD     (   87): Wrote 1 chars to SMD PORT fd=11 ch = 35
E/DataRouter(   85): Before the usb select 
E/DataRouter(   85): After the usb select 
E/DataRouter(   85): read usb data[len:1]
E/DataRouter(   85): read usb data message:8
E/SMD     (   87): ***Received data notification[DR->SMD]***
E/SMD     (   87): Message:8
E/SMD     (   87): Sending data to SMD: Len = [1]
E/SMD     (   87):  buffer = [8]
E/SMD     (   87): Wrote 1 chars to SMD PORT fd=11 ch = 38
E/DataRouter(   85): Before the usb select 
E/DataRouter(   85): After the usb select 
E/DataRouter(   85): read usb data[len:1]
E/DataRouter(   85): read usb data message:9
E/SMD     (   87): ***Received data notification[DR->SMD]***
E/SMD     (   87): Message:9
E/SMD     (   87): Sending data to SMD: Len = [1]
E/SMD     (   87):  buffer = [9]
E/SMD     (   87): Wrote 1 chars to SMD PORT fd=11 ch = 39
E/DataRouter(   85): Before the usb select 
E/DataRouter(   85): After the usb select 
E/DataRouter(   85): read usb data[len:1]
E/DataRouter(   85): read usb data message:,
E/SMD     (   87): ***Received data notification[DR->SMD]***
E/SMD     (   87): Message:,
E/SMD     (   87): Sending data to SMD: Len = [1]
E/SMD     (   87):  buffer = [,]
E/SMD     (   87): Wrote 1 chars to SMD PORT fd=11 ch = 2c
E/DataRouter(   85): Before the usb select 
E/DataRouter(   85): After the usb select 
E/DataRouter(   85): read usb data[len:1]
E/DataRouter(   85): read usb data message:0
E/SMD     (   87): ***Received data notification[DR->SMD]***
E/SMD     (   87): Message:0
E/SMD     (   87): Sending data to SMD: Len = [1]
E/SMD     (   87):  buffer = [0]
E/SMD     (   87): Wrote 1 chars to SMD PORT fd=11 ch = 30
E/DataRouter(   85): Before the usb select 
E/DataRouter(   85): After the usb select 
E/DataRouter(   85): read usb data[len:1]
E/DataRouter(   85): read usb data message:,
E/SMD     (   87): ***Received data notification[DR->SMD]***
E/SMD     (   87): Message:,
E/SMD     (   87): Sending data to SMD: Len = [1]
E/SMD     (   87):  buffer = [,]
E/SMD     (   87): Wrote 1 chars to SMD PORT fd=11 ch = 2c
E/DataRouter(   85): Before the usb select 
I/Surface (  599): Surface_lockCanvas
E/DataRouter(   85): After the usb select 
E/DataRouter(   85): read usb data[len:3]
E/DataRouter(   85): read usb data message:0,4
E/SMD     (   87): ***Received data notification[DR->SMD]***
E/SMD     (   87): Path set is DATA_PATH_DR_SMD_MANAGER
E/SMD     (   87): Message:0,4
E/SMD     (   87): Sending data to SMD: Len = [3]
E/SMD     (   87):  buffer = [0,4]
E/SMD     (   87): Wrote 3 chars to SMD PORT fd=11 ch = 30
E/DataRouter(   85): Before the usb select 
E/DataRouter(   85): After the usb select 
E/DataRouter(   85): read usb data[len:1]
E/DataRouter(   85): read usb data message:
E/SMD     (   87): ***Received data notification[DR->SMD]***
E/SMD     (   87): Message:
E/SMD     (   87): Sending data to SMD: Len = [1]
E/SMD     (   87):  buffer = []
D/SPRDENG (  144): eng_server2modem: use SIM1 /dev/CHNPTY13
D/SPRDENG (  144): AT > AT+CRSM=176,28589,0,0,4
D/PHONESERVER(  140): Send thread's TID [275] CHNMNG:findNextEOL:
D/PHONESERVER(  140): Send thread's TID [275] CHNMNG:end findNextEOL:
D/PHONESERVER(  140): Send thread's TID [275] CHNMNG:findNextEOL:
D/PHONESERVER(  140): Send thread's TID [275] CHNMNG:end findNextEOL:
D/PHONESERVER(  140): Send thread's TID [275] PS_PTY : /dev/CHNPTY13 Received 24 bytes command[AT+CRSM=176,28589,0,0,4]
D/PHONESERVER(  140): Send thread TID [275] CHNMNG enter channel_manager_get_cmux 
D/PHONESERVER(  140): Before add wait array pty=0x37964
D/PHONESERVER(  140): Before add wait array
D/PHONESERVER(  140): 
D/PHONESERVER(  140): After add wait array
D/PHONESERVER(  140): [0]:275 
D/PHONESERVER(  140): 
D/PHONESERVER(  140): TYPE:SIMM
D/PHONESERVER(  140): Send thread TID [275] CHNMNG Leave channel_manager_get_cmux:/dev/ts0710mux1 
D/PHONESERVER(  140): PS_CMUX cmux_regist_cmd_callback cmux:/dev/ts0710mux1
D/PHONESERVER(  140): PS_CMUX :/dev/ts0710mux1 cmux_write:AT+CRSM=176,28589,0,0,4:len=24
D/SPRDENG (  144): eng_modem2server: use SIM1 /dev/CHNPTY13
E/SMD     (   87): Wrote 1 chars to SMD PORT fd=11 ch = d
D/PHONESERVER(  140): [275] before timeout (1408327813)
E/DataRouter(   85): Before the usb select 
I/Surface (  599): Surface_lockCanvas
I/Surface (  599): Surface_lockCanvas
I/Surface (  599): Surface_lockCanvas
I/Surface (  599): Surface_lockCanvas
I/Surface (  599): Surface_lockCanvas
I/Surface (  599): Surface_lockCanvas
I/Surface (  599): Surface_lockCanvas
I/CscFota ( 1641): size: 0 - loadFotaProfiles
E/CscFota ( 1641): no FOTA profiles in customer
D/CscSimProfile( 1641): Load Previous SimProfile [] []
D/CscSimProfile( 1641): checkNwkInfoProvider()
I/Surface (  599): Surface_lockCanvas
I/Surface (  599): Surface_lockCanvas
D/CscSimProfile( 1641): Show Profile [Operator : 46000 ] [Force : false ] [SimChanged : true ] + [CscUpdated : false ]
D/CscSimProfile( 1641): Unable to Show Sim Profile
D/CscSimProfile( 1641): [Voicemail] setCSCVoicemailnumber :  send broadcast CSC_UPDATE_NETWORK_DONE with [  ]
D/SimContactInitReceiver(  838): sim card status LOADED
E/ActivityThread( 1641): Failed to find provider info for nwkinfo
I/Surface (  599): Surface_lockCanvas
I/Surface (  599): Surface_lockCanvas
I/ActivityManager(  290): Start proc app.processName for broadcast hostingNameStr: pid=1984 uid=1000 gids={3003, 1015, 1023, 3001, 2001, 3002, 1006, 1007, 3006, 3007, 1001}
I/Surface (  599): Surface_lockCanvas
I/Surface (  599): Surface_lockCanvas
I/dalvikvm( 1984): Turning on JNI app bug workarounds for target SDK version 10...
I/Surface (  599): Surface_lockCanvas
W/AlarmManager(  290): FACTORY_ON= 0
I/Surface (  599): Surface_lockCanvas
I/Surface (  599): Surface_lockCanvas
I/Surface (  599): Surface_lockCanvas
I/CalendarProvider2( 1964): Sending notification intent: Intent { act=android.intent.action.PROVIDER_CHANGED dat=content://com.android.calendar }
W/ContentResolver( 1964): Failed to get type for: content://com.android.calendar (Unknown URL content://com.android.calendar)
I/Surface (  599): Surface_lockCanvas
I/ActivityManager(  290): No longer want app.processName (pid 1420): hidden #16
D/dalvikvm(   93): GC_EXPLICIT freed 38K, 7% free 11617K/12419K, paused 9ms+33ms
I/Surface (  599): Surface_lockCanvas
I/Surface (  599): Surface_lockCanvas
I/Surface (  599): Surface_lockCanvas
I/Surface (  599): Surface_lockCanvas
I/Surface (  599): Surface_lockCanvas
I/Surface (  599): Surface_lockCanvas
I/Surface (  599): Surface_lockCanvas
I/Surface (  599): Surface_lockCanvas
I/Surface (  599): Surface_lockCanvas
I/Surface (  599): Surface_lockCanvas
D/dalvikvm(   93): GC_EXPLICIT freed <1K, 7% free 11617K/12419K, paused 11ms+2ms
I/Surface (  599): Surface_lockCanvas
I/Surface (  599): Surface_lockCanvas
I/Surface (  599): Surface_lockCanvas
I/Surface (  599): Surface_lockCanvas
I/Surface (  599): Surface_lockCanvas
I/Surface (  599): Surface_lockCanvas
I/Surface (  599): Surface_lockCanvas
D/dalvikvm(   93): GC_EXPLICIT freed <1K, 7% free 11617K/12419K, paused 2ms+17ms
D/FactoryTestApp( 1984): [Class] FactoryTestBroadcastReceiver , [Method] onReceive , [Message] onReceive action=android.intent.action.SIM_STATE_CHANGED
I/Surface (  599): Surface_lockCanvas
D/FactoryTestApp( 1984): [Class] XMLDataStorage , [Method] parseXML , [Message] is Live Demo : false
D/FactoryTestApp( 1984): [Class] XMLDataStorage , [Method] parseXML , [Message] modelXML=gt-s7568.dat
D/FactoryTestApp( 1984): [Class] XMLDataStorage , [Method] parseXML , [Message] deviceXML=kyletdcmcc.dat
D/FactoryTestApp( 1984): [Class] XMLDataStorage , [Method] parseXML , [Message] nameXML=kyletdzm.dat
I/Surface (  599): Surface_lockCanvas
W/ActivityThread( 1984): ClassLoader.getResources: The class loader returned by Thread.getContextClassLoader() may fail for processes that host multiple applications. You should explicitly specify a context class loader. For example: Thread.setContextClassLoader(getClass().getClassLoader());
I/Surface (  599): Surface_lockCanvas
I/Surface (  599): Surface_lockCanvas
I/FactoryTestApp( 1984): [Class] XMLDataStorage , [Method] parseAsset , [Message] Convert enc file to xml file: gt-s7568.dat
I/Surface (  599): Surface_lockCanvas
I/Surface (  599): Surface_lockCanvas
I/Surface (  599): Surface_lockCanvas
I/Surface (  599): Surface_lockCanvas
I/Surface (  599): Surface_lockCanvas
I/Surface (  599): Surface_lockCanvas
I/Surface (  599): Surface_lockCanvas
I/Surface (  599): Surface_lockCanvas
I/Surface (  599): Surface_lockCanvas
D/FactoryTestApp( 1984): [Class] XMLDataStorage , [Method] parseAsset , [Message] Decode base xml file: factory.dat
I/Surface (  599): Surface_lockCanvas
W/AlarmManager(  290): FACTORY_ON= 0
I/Surface (  599): Surface_lockCanvas
I/Surface (  599): Surface_lockCanvas
I/Surface (  599): Surface_lockCanvas
D/dalvikvm( 1984): GC_CONCURRENT freed 719K, 10% free 11911K/13191K, paused 3ms+6ms
I/Surface (  599): Surface_lockCanvas
I/Surface (  599): Surface_lockCanvas
W/SignalStrength(  290): getGsmLevel=3
W/SignalStrength(  290): getLevel=3 (SignalStrength: 11 -1 -1 -1 -1 -1 -1 -1 -1 -1 -1 -1 gsm|lte 3)
W/SignalStrength(  290): getGsmDbm=-91
W/SignalStrength(  290): getDbm=-91
W/SignalStrength(  290): getGsmAsuLevel=11
W/SignalStrength(  290): getAsuLevel=11
W/SignalStrength(  599): getGsmAsuLevel=11
W/SignalStrength(  599): getCdmaAsuLevel=16
W/SignalStrength(  599): getGsmLevel=3
W/SignalStrength(  599): getLevel=3 (SignalStrength: 11 -1 -1 -1 -1 -1 -1 -1 -1 -1 -1 -1 gsm|lte 3)
I/Surface (  599): Surface_lockCanvas
D/StatusBar.NetworkController(  599): updateTelephonySignalStrength: mSignalStrength == 11(GSM) 16(CDMA)
I/Surface (  599): Surface_lockCanvas
I/Surface (  599): Surface_lockCanvas
I/Surface (  599): Surface_lockCanvas
I/Surface (  599): Surface_lockCanvas
I/Surface (  599): Surface_lockCanvas
I/Surface (  599): Surface_lockCanvas
I/Surface (  599): Surface_lockCanvas
I/Surface (  599): Surface_lockCanvas
D/dalvikvm( 1984): GC_FOR_ALLOC freed 262K, 10% free 11986K/13191K, paused 72ms
I/dalvikvm-heap( 1984): Grow heap (frag case) to 12.378MB for 136370-byte allocation
I/Surface (  599): Surface_lockCanvas
I/Surface (  599): Surface_lockCanvas
D/dalvikvm(  838): GC_CONCURRENT freed 1715K, 12% free 17937K/20231K, paused 6ms+23ms
I/Surface (  599): Surface_lockCanvas
I/Surface (  599): Surface_lockCanvas
D/dalvikvm( 1984): GC_FOR_ALLOC freed 88K, 11% free 12031K/13383K, paused 77ms
I/Surface (  599): Surface_lockCanvas
I/Surface (  599): Surface_lockCanvas
I/Surface (  599): Surface_lockCanvas
I/Surface (  599): Surface_lockCanvas
I/Surface (  599): Surface_lockCanvas
I/Surface (  599): Surface_lockCanvas
I/Surface (  599): Surface_lockCanvas
I/Surface (  599): Surface_lockCanvas
I/Surface (  599): Surface_lockCanvas
I/Surface (  599): Surface_lockCanvas
I/Surface (  599): Surface_lockCanvas
I/Surface (  599): Surface_lockCanvas
I/Surface (  599): Surface_lockCanvas
I/Surface (  599): Surface_lockCanvas
I/Surface (  599): Surface_lockCanvas
I/Surface (  599): Surface_lockCanvas
I/Surface (  599): Surface_lockCanvas
I/Surface (  599): Surface_lockCanvas
W/AlarmManager(  290): FACTORY_ON= 0
I/Surface (  599): Surface_lockCanvas
I/Surface (  599): Surface_lockCanvas
I/Surface (  599): Surface_lockCanvas
I/Surface (  599): Surface_lockCanvas
I/Surface (  599): Surface_lockCanvas
I/System.out( 1759): DefaultRequestDirector http execute enter loop 
I/Surface (  599): Surface_lockCanvas
I/Surface (  599): Surface_lockCanvas
D/Posix   ( 1759): ## MMS_TRACE: ##: getsockoptInt(): option = 4, result = 0.
D/Posix   ( 1759): ## MMS_TRACE: ##: setsockoptInt(): option = 1, value = 1.
I/System.out( 1759): ## HttpRequestExecutor::execute() starts. ## 
D/Posix   ( 1759): ## MMS_TRACE: ##: getsockoptInt(): option = 7, result = 16384.
D/Posix   ( 1759): ## MMS_TRACE: ##: getsockoptInt(): option = 8, result = 87380.
I/System.out( 1759): ################ Socket Options ###############
I/System.out( 1759): #### sendBufferSize = 16384.
I/System.out( 1759): #### recvBufferSize = 87380.
I/System.out( 1759): #### sendTimeout = 0.
I/System.out( 1759): #### recvTimeout = 10000.
I/System.out( 1759): ###############################################
I/System.out( 1759): ## HttpRequestExecutor::execute(): doSendRequest() return NULL reponse. ## 
I/Surface (  599): Surface_lockCanvas
I/System.out( 1759): ## HttpRequestExecutor::doReceiveResponse(). ## 
D/FactoryTestApp( 1984): [Class] XMLDataStorage , [Method] redefinitionById , [Message] id=FACTORY_TEST_APP
D/FactoryTestApp( 1984): [Class] XMLDataStorage , [Method] redefinitionById , [Message] id=FACTORY_TEST_COMMAND
D/FactoryTestApp( 1984): [Class] XMLDataStorage , [Method] redefinitionById , [Message] id=MODEL_NAME
D/FactoryTestApp( 1984): [Class] XMLDataStorage , [Method] redefinitionById , [Message] id=MODEL_NUMBER
I/Surface (  599): Surface_lockCanvas
I/System.out( 1759): DefaultRequestDirect http execute loop END! 
I/System.out( 1759): DefaultRequestDirect http execute loop END, status 200
I/System.out( 1759): DefaultRequestDirect http execute return response! 
I/Surface (  599): Surface_lockCanvas
D/FactoryTestApp( 1984): [Class] XMLDataStorage , [Method] redefinitionById , [Message] id=MODEL_HARDWARE_REVISION
D/FactoryTestApp( 1984): [Class] XMLDataStorage , [Method] redefinitionById , [Message] id=MODEL_COMMUNICATION_MODE
D/FactoryTestApp( 1984): [Class] XMLDataStorage , [Method] redefinitionById , [Message] id=MODEL_WITH_DI
D/FactoryTestApp( 1984): [Class] XMLDataStorage , [Method] redefinitionById , [Message] id=CHIPSET_MANUFACTURE
D/FactoryTestApp( 1984): [Class] XMLDataStorage , [Method] redefinitionById , [Message] id=CHIPSET_NAME
D/FactoryTestApp( 1984): [Class] XMLDataStorage , [Method] redefinitionById , [Message] id=DEVICE_TYPE
D/FactoryTestApp( 1984): [Class] XMLDataStorage , [Method] redefinitionById , [Message] id=PANEL_TYPE
D/FactoryTestApp( 1984): [Class] XMLDataStorage , [Method] redefinitionById , [Message] id=TSP_MANUFACTURE
I/Surface (  599): Surface_lockCanvas
D/FactoryTestApp( 1984): [Class] XMLDataStorage , [Method] redefinitionById , [Message] id=SENSOR_NAME_ACCELEROMETER
D/FactoryTestApp( 1984): [Class] XMLDataStorage , [Method] redefinitionById , [Message] id=SENSOR_NAME_MAGNETIC
D/FactoryTestApp( 1984): [Class] XMLDataStorage , [Method] redefinitionById , [Message] id=SENSOR_NAME_GYROSCOPE
D/FactoryTestApp( 1984): [Class] XMLDataStorage , [Method] redefinitionById , [Message] id=REAR_CAMERA_TYPE
D/FactoryTestApp( 1984): [Class] XMLDataStorage , [Method] redefinitionById , [Message] id=SPEAKER_COUNT
D/FactoryTestApp( 1984): [Class] XMLDataStorage , [Method] redefinitionById , [Message] id=MIC_COUNT
D/FactoryTestApp( 1984): [Class] XMLDataStorage , [Method] redefinitionById , [Message] id=SUPPORT_VIBRATOR
I/Surface (  599): Surface_lockCanvas
I/Surface (  599): Surface_lockCanvas
I/Surface (  599): Surface_lockCanvas
D/FactoryTestApp( 1984): [Class] XMLDataStorage , [Method] redefinitionById , [Message] id=SUPPORT_LTE
D/FactoryTestApp( 1984): [Class] XMLDataStorage , [Method] redefinitionById , [Message] id=SUPPORT_DMB
D/FactoryTestApp( 1984): [Class] XMLDataStorage , [Method] redefinitionById , [Message] id=SUPPORT_QWERTY_KEY
D/FactoryTestApp( 1984): [Class] XMLDataStorage , [Method] redefinitionById , [Message] id=SUPPORT_FRONT_CAMERA
D/FactoryTestApp( 1984): [Class] XMLDataStorage , [Method] redefinitionById , [Message] id=SUPPORT_RCV
D/FactoryTestApp( 1984): [Class] XMLDataStorage , [Method] redefinitionById , [Message] id=FACTORY_TEST_APO
I/Surface (  599): Surface_lockCanvas
D/dalvikvm( 1984): GC_CONCURRENT freed 834K, 11% free 12222K/13639K, paused 3ms+3ms
D/FactoryTestApp( 1984): [Class] XMLDataStorage , [Method] redefinitionById , [Message] id=SUPPORT_BOOST_MEDIASCAN
D/FactoryTestApp( 1984): [Class] XMLDataStorage , [Method] redefinitionById , [Message] id=NEED_PRELOAD_INSTALL
I/Surface (  599): Surface_lockCanvas
I/Surface (  599): Surface_lockCanvas
D/FactoryTestApp( 1984): [Class] XMLDataStorage , [Method] redefinitionById , [Message] id=SLEEPCMD_FOR_JIGCABLE
I/Surface (  599): Surface_lockCanvas
D/FactoryTestApp( 1984): [Class] XMLDataStorage , [Method] redefinitionById , [Message] id=KEY_TEST_VOLUME_UP
D/FactoryTestApp( 1984): [Class] XMLDataStorage , [Method] redefinitionById , [Message] id=KEY_TEST_VOLUME_DOWN
I/Surface (  599): Surface_lockCanvas
I/Surface (  599): Surface_lockCanvas
I/Surface (  599): Surface_lockCanvas
I/Surface (  599): Surface_lockCanvas
D/FactoryTestApp( 1984): [Class] XMLDataStorage , [Method] redefinitionById , [Message] id=KEY_TEST_POWER
I/Surface (  599): Surface_lockCanvas
I/Surface (  599): Surface_lockCanvas
D/FactoryTestApp( 1984): [Class] XMLDataStorage , [Method] redefinitionById , [Message] id=KEY_TEST_MENU
I/Surface (  599): Surface_lockCanvas
I/Surface (  599): Surface_lockCanvas
D/FactoryTestApp( 1984): [Class] XMLDataStorage , [Method] redefinitionById , [Message] id=KEY_TEST_HOME
I/Surface (  599): Surface_lockCanvas
I/Surface (  599): Surface_lockCanvas
I/Surface (  599): Surface_lockCanvas
I/Surface (  599): Surface_lockCanvas
D/FactoryTestApp( 1984): [Class] XMLDataStorage , [Method] redefinitionById , [Message] id=KEY_TEST_BACK
I/Surface (  599): Surface_lockCanvas
I/Surface (  599): Surface_lockCanvas
D/PHONESERVER(  140): Receive thread's TID [260] CHMNG:  receive data thread :mux=/dev/ts0710mux1:input:+CRSM: 103,3
D/PHONESERVER(  140): pty_write get lock
D/PHONESERVER(  140): PS_PTY:/dev/CHNPTY13   write :
D/PHONESERVER(  140): +CRSM: 103,3
D/PHONESERVER(  140): 
D/PHONESERVER(  140): pty_write free lock
D/PHONESERVER(  140): Receive thread's TID [260] MUX :/dev/ts0710mux1 Waiting for resp  
D/PHONESERVER(  140): Receive thread's TID [260] CHMNG:  receive data thread :mux=/dev/ts0710mux1:input:OK
D/PHONESERVER(  140): PS_CMUX cmux_deregist_cmd_callback cmux:/dev/ts0710mux1
D/PHONESERVER(  140): pty_write get lock
D/PHONESERVER(  140): PS_PTY:/dev/CHNPTY13   write :
D/PHONESERVER(  140): OK
D/PHONESERVER(  140): 
D/PHONESERVER(  140): pty_write free lock
D/PHONESERVER(  140): CHNMNG enter channel_manager_free_cmux cmux=/dev/ts0710mux1 
D/PHONESERVER(  140): CHNMNG enter channel_manager_free_cmux pty=0x37964 
D/PHONESERVER(  140): [260] Before remove wait array
D/PHONESERVER(  140): [0]:275 
D/PHONESERVER(  140): 
D/PHONESERVER(  140): [260] After remove wait array
D/PHONESERVER(  140): 
D/PHONESERVER(  140): Enter select_send_thread_run
D/PHONESERVER(  140): Leave select_send_thread_run
D/PHONESERVER(  140): CHNMNG Leave channel_manager_free_cmux cmux=/dev/ts0710mux1 
D/PHONESERVER(  140): [260] before signal (1408327815)
D/PHONESERVER(  140): [260] after signal (1408327815)
D/PHONESERVER(  140): Receive thread's TID [260] MUX :/dev/ts0710mux1 Waiting for resp  
D/PHONESERVER(  140): [275] after timeout (1408327815)
D/PHONESERVER(  140): phoneserver mux adapt: generic cmd AT+CRSM=176,28589,0,0,4
I/Surface (  599): Surface_lockCanvas
D/SPRDENG (  144): AT < 
D/SPRDENG (  144): +CRSM: 103,3
D/SPRDENG (  144): 
D/SPRDENG (  144): OK
D/SPRDENG (  144): 
E/SMD     (   87): After the Modem Read select 
E/SMD     (   87): Read 22 chars from SMD Modem file fd = 11
E/SMD     (   87):  Message: 
E/SMD     (   87): +CRSM: 103,3
E/SMD     (   87): 
E/SMD     (   87): OK
E/SMD     (   87): K
E/SMD     (   87): 3105103308
E/SMD     (   87): 
E/SMD     (   87): OK
E/SMD     (   87): 
E/SMD     (   87): _R1.5.6
E/SMD     (   87): 
E/SMD     (   87): 
E/SMD     (   87): S7568ZMMH2
E/SMD     (   87): 
E/SMD     (   87): 
E/SMD     (   87): GT-S7568
E/SMD     (   87): 
E/SMD     (   87): 
E/SMD     (   87): CP_HW_VER
E/SMD     (   87): 
E/SMD     (   87): 
E/SMD     (   87): 08-28-2013 12:11:48
E/SMD     (   87): 
E/SMD     (   87): OK
E/SMD     (   87): 
E/SMD     (   87): Before the Modem Read select 
E/DataRouter(   85): [socket:17]******* Received data notification *******
E/DataRouter(   85): [socket:17]read socket data[len:22]
E/DataRouter(   85): [socket:17]read socket data[message:
E/DataRouter(   85): +CRSM: 103,3
E/DataRouter(   85): 
E/DataRouter(   85): OK
E/DataRouter(   85): 
E/DataRouter(   85): write [22] bytes of data to USB fd[13]
E/DataRouter(   85): [socket:17]dr_usb_write
E/DataRouter(   85): After the usb select 
E/DataRouter(   85): read usb data[len:1]
E/DataRouter(   85): read usb data message:A
E/DataRouter(   85): Before the usb select 
E/SMD     (   87): ***Received data notification[DR->SMD]***
E/SMD     (   87): Message:A
E/SMD     (   87): Sending data to SMD: Len = [1]
E/SMD     (   87):  buffer = [A]
E/SMD     (   87): Wrote 1 chars to SMD PORT fd=11 ch = 41
E/DataRouter(   85): After the usb select 
E/DataRouter(   85): read usb data[len:1]
E/DataRouter(   85): read usb data message:T
E/DataRouter(   85): Before the usb select 
E/SMD     (   87): ***Received data notification[DR->SMD]***
E/SMD     (   87): Message:T
E/SMD     (   87): Sending data to SMD: Len = [1]
E/SMD     (   87):  buffer = [T]
E/SMD     (   87): Wrote 1 chars to SMD PORT fd=11 ch = 54
E/DataRouter(   85): After the usb select 
E/DataRouter(   85): read usb data[len:1]
E/DataRouter(   85): read usb data message:+
E/DataRouter(   85): Before the usb select 
E/SMD     (   87): ***Received data notification[DR->SMD]***
E/SMD     (   87): Message:+
E/SMD     (   87): Sending data to SMD: Len = [1]
E/SMD     (   87):  buffer = [+]
E/SMD     (   87): Wrote 1 chars to SMD PORT fd=11 ch = 2b
E/DataRouter(   85): After the usb select 
E/DataRouter(   85): read usb data[len:1]
E/DataRouter(   85): read usb data message:C
E/DataRouter(   85): Before the usb select 
E/SMD     (   87): ***Received data notification[DR->SMD]***
E/SMD     (   87): Message:C
E/SMD     (   87): Sending data to SMD: Len = [1]
E/SMD     (   87):  buffer = [C]
E/SMD     (   87): Wrote 1 chars to SMD PORT fd=11 ch = 43
E/DataRouter(   85): After the usb select 
E/DataRouter(   85): read usb data[len:1]
E/DataRouter(   85): read usb data message:R
E/DataRouter(   85): Before the usb select 
E/SMD     (   87): ***Received data notification[DR->SMD]***
E/SMD     (   87): Message:R
E/SMD     (   87): Sending data to SMD: Len = [1]
E/SMD     (   87):  buffer = [R]
E/SMD     (   87): Wrote 1 chars to SMD PORT fd=11 ch = 52
E/DataRouter(   85): After the usb select 
E/DataRouter(   85): read usb data[len:1]
E/DataRouter(   85): read usb data message:S
E/DataRouter(   85): Before the usb select 
E/SMD     (   87): ***Received data notification[DR->SMD]***
E/SMD     (   87): Message:S
E/SMD     (   87): Sending data to SMD: Len = [1]
E/SMD     (   87):  buffer = [S]
E/SMD     (   87): Wrote 1 chars to SMD PORT fd=11 ch = 53
E/DataRouter(   85): After the usb select 
E/DataRouter(   85): read usb data[len:1]
E/DataRouter(   85): read usb data message:M
E/DataRouter(   85): Before the usb select 
E/SMD     (   87): ***Received data notification[DR->SMD]***
E/SMD     (   87): Message:M
E/SMD     (   87): Sending data to SMD: Len = [1]
E/SMD     (   87):  buffer = [M]
E/SMD     (   87): Wrote 1 chars to SMD PORT fd=11 ch = 4d
E/DataRouter(   85): After the usb select 
E/DataRouter(   85): read usb data[len:1]
E/DataRouter(   85): read usb data message:=
E/DataRouter(   85): Before the usb select 
E/SMD     (   87): ***Received data notification[DR->SMD]***
E/SMD     (   87): Message:=
E/SMD     (   87): Sending data to SMD: Len = [1]
E/SMD     (   87):  buffer = [=]
E/SMD     (   87): Wrote 1 chars to SMD PORT fd=11 ch = 3d
E/DataRouter(   85): After the usb select 
E/DataRouter(   85): read usb data[len:1]
E/DataRouter(   85): read usb data message:1
E/DataRouter(   85): Before the usb select 
E/SMD     (   87): ***Received data notification[DR->SMD]***
E/SMD     (   87): Message:1
E/SMD     (   87): Sending data to SMD: Len = [1]
E/SMD     (   87):  buffer = [1]
E/SMD     (   87): Wrote 1 chars to SMD PORT fd=11 ch = 31
E/DataRouter(   85): After the usb select 
E/DataRouter(   85): read usb data[len:1]
E/DataRouter(   85): read usb data message:7
E/DataRouter(   85): Before the usb select 
E/SMD     (   87): ***Received data notification[DR->SMD]***
E/SMD     (   87): Message:7
E/SMD     (   87): Sending data to SMD: Len = [1]
E/SMD     (   87):  buffer = [7]
E/SMD     (   87): Wrote 1 chars to SMD PORT fd=11 ch = 37
E/DataRouter(   85): After the usb select 
E/DataRouter(   85): read usb data[len:1]
E/DataRouter(   85): read usb data message:6
E/SMD     (   87): ***Received data notification[DR->SMD]***
E/SMD     (   87): Message:6
E/SMD     (   87): Sending data to SMD: Len = [1]
E/SMD     (   87):  buffer = [6]
E/SMD     (   87): Wrote 1 chars to SMD PORT fd=11 ch = 36
E/DataRouter(   85): Before the usb select 
E/DataRouter(   85): After the usb select 
E/DataRouter(   85): read usb data[len:1]
E/DataRouter(   85): read usb data message:,
E/SMD     (   87): ***Received data notification[DR->SMD]***
E/SMD     (   87): Message:,
E/SMD     (   87): Sending data to SMD: Len = [1]
E/SMD     (   87):  buffer = [,]
E/SMD     (   87): Wrote 1 chars to SMD PORT fd=11 ch = 2c
E/DataRouter(   85): Before the usb select 
I/Surface (  599): Surface_lockCanvas
E/DataRouter(   85): After the usb select 
E/DataRouter(   85): read usb data[len:3]
E/DataRouter(   85): read usb data message:284
E/SMD     (   87): ***Received data notification[DR->SMD]***
E/SMD     (   87): Path set is DATA_PATH_DR_SMD_MANAGER
E/SMD     (   87): Message:284
E/SMD     (   87): Sending data to SMD: Len = [3]
E/SMD     (   87):  buffer = [284]
E/SMD     (   87): Wrote 3 chars to SMD PORT fd=11 ch = 32
E/DataRouter(   85): Before the usb select 
E/DataRouter(   85): After the usb select 
E/DataRouter(   85): read usb data[len:1]
E/DataRouter(   85): read usb data message:8
E/SMD     (   87): ***Received data notification[DR->SMD]***
E/SMD     (   87): Message:8
E/SMD     (   87): Sending data to SMD: Len = [1]
E/SMD     (   87):  buffer = [8]
E/SMD     (   87): Wrote 1 chars to SMD PORT fd=11 ch = 38
E/DataRouter(   85): Before the usb select 
E/DataRouter(   85): After the usb select 
E/DataRouter(   85): read usb data[len:1]
E/DataRouter(   85): read usb data message:6
E/SMD     (   87): ***Received data notification[DR->SMD]***
E/SMD     (   87): Message:6
E/SMD     (   87): Sending data to SMD: Len = [1]
E/SMD     (   87):  buffer = [6]
E/SMD     (   87): Wrote 1 chars to SMD PORT fd=11 ch = 36
E/DataRouter(   85): Before the usb select 
E/DataRouter(   85): After the usb select 
E/DataRouter(   85): read usb data[len:1]
E/DataRouter(   85): read usb data message:,
E/SMD     (   87): ***Received data notification[DR->SMD]***
E/SMD     (   87): Message:,
E/SMD     (   87): Sending data to SMD: Len = [1]
E/SMD     (   87):  buffer = [,]
E/SMD     (   87): Wrote 1 chars to SMD PORT fd=11 ch = 2c
E/DataRouter(   85): Before the usb select 
E/DataRouter(   85): After the usb select 
E/DataRouter(   85): read usb data[len:1]
E/DataRouter(   85): read usb data message:0
E/SMD     (   87): ***Received data notification[DR->SMD]***
E/SMD     (   87): Message:0
E/SMD     (   87): Sending data to SMD: Len = [1]
E/SMD     (   87):  buffer = [0]
E/SMD     (   87): Wrote 1 chars to SMD PORT fd=11 ch = 30
E/DataRouter(   85): Before the usb select 
E/DataRouter(   85): After the usb select 
E/DataRouter(   85): read usb data[len:1]
E/DataRouter(   85): read usb data message:,
E/SMD     (   87): ***Received data notification[DR->SMD]***
E/SMD     (   87): Message:,
E/SMD     (   87): Sending data to SMD: Len = [1]
E/SMD     (   87):  buffer = [,]
E/SMD     (   87): Wrote 1 chars to SMD PORT fd=11 ch = 2c
E/DataRouter(   85): Before the usb select 
E/DataRouter(   85): After the usb select 
E/DataRouter(   85): read usb data[len:1]
E/DataRouter(   85): read usb data message:0
E/SMD     (   87): ***Received data notification[DR->SMD]***
E/SMD     (   87): Message:0
E/SMD     (   87): Sending data to SMD: Len = [1]
E/SMD     (   87):  buffer = [0]
E/SMD     (   87): Wrote 1 chars to SMD PORT fd=11 ch = 30
E/DataRouter(   85): Before the usb select 
E/DataRouter(   85): After the usb select 
E/DataRouter(   85): read usb data[len:1]
E/DataRouter(   85): read usb data message:,
E/SMD     (   87): ***Received data notification[DR->SMD]***
E/SMD     (   87): Message:,
E/SMD     (   87): Sending data to SMD: Len = [1]
E/SMD     (   87):  buffer = [,]
E/SMD     (   87): Wrote 1 chars to SMD PORT fd=11 ch = 2c
E/DataRouter(   85): Before the usb select 
E/DataRouter(   85): After the usb select 
E/DataRouter(   85): read usb data[len:1]
E/DataRouter(   85): read usb data message:1
E/SMD     (   87): ***Received data notification[DR->SMD]***
E/SMD     (   87): Message:1
E/SMD     (   87): Sending data to SMD: Len = [1]
E/SMD     (   87):  buffer = [1]
E/SMD     (   87): Wrote 1 chars to SMD PORT fd=11 ch = 31
E/DataRouter(   85): Before the usb select 
E/DataRouter(   85): After the usb select 
E/DataRouter(   85): read usb data[len:1]
E/DataRouter(   85): read usb data message:7
E/SMD     (   87): ***Received data notification[DR->SMD]***
E/SMD     (   87): Message:7
E/SMD     (   87): Sending data to SMD: Len = [1]
E/SMD     (   87):  buffer = [7]
E/SMD     (   87): Wrote 1 chars to SMD PORT fd=11 ch = 37
E/DataRouter(   85): Before the usb select 
E/DataRouter(   85): After the usb select 
E/DataRouter(   85): read usb data[len:1]
E/DataRouter(   85): read usb data message:
E/SMD     (   87): ***Received data notification[DR->SMD]***
E/SMD     (   87): Message:
E/SMD     (   87): Sending data to SMD: Len = [1]
E/SMD     (   87):  buffer = []
D/SPRDENG (  144): eng_server2modem: use SIM1 /dev/CHNPTY13
D/SPRDENG (  144): AT > AT+CRSM=176,28486,0,0,17
D/PHONESERVER(  140): Send thread's TID [275] CHNMNG:findNextEOL:
D/PHONESERVER(  140): Send thread's TID [275] CHNMNG:end findNextEOL:
D/PHONESERVER(  140): Send thread's TID [275] CHNMNG:findNextEOL:
D/PHONESERVER(  140): Send thread's TID [275] CHNMNG:end findNextEOL:
D/PHONESERVER(  140): Send thread's TID [275] PS_PTY : /dev/CHNPTY13 Received 25 bytes command[AT+CRSM=176,28486,0,0,17]
D/PHONESERVER(  140): Send thread TID [275] CHNMNG enter channel_manager_get_cmux 
D/PHONESERVER(  140): Before add wait array pty=0x37964
D/PHONESERVER(  140): Before add wait array
D/PHONESERVER(  140): 
D/PHONESERVER(  140): After add wait array
D/PHONESERVER(  140): [0]:275 
D/PHONESERVER(  140): 
D/PHONESERVER(  140): TYPE:SIMM
D/PHONESERVER(  140): Send thread TID [275] CHNMNG Leave channel_manager_get_cmux:/dev/ts0710mux1 
D/PHONESERVER(  140): PS_CMUX cmux_regist_cmd_callback cmux:/dev/ts0710mux1
D/PHONESERVER(  140): PS_CMUX :/dev/ts0710mux1 cmux_write:AT+CRSM=176,28486,0,0,17:len=25
D/SPRDENG (  144): eng_modem2server: use SIM1 /dev/CHNPTY13
D/PHONESERVER(  140): [275] before timeout (1408327815)
E/SMD     (   87): Wrote 1 chars to SMD PORT fd=11 ch = d
I/Surface (  599): Surface_lockCanvas
E/DataRouter(   85): Before the usb select 
D/FactoryTestApp( 1984): [Class] XMLDataStorage , [Method] redefinitionById , [Message] id=KEY_TEST_SEARCH
I/Surface (  599): Surface_lockCanvas
D/PHONESERVER(  140): Receive thread's TID [260] CHMNG:  receive data thread :mux=/dev/ts0710mux1:input:+CRSM: 144,0,00434D4343FFFFFFFFFFFFFFFFFFFFFFFF
D/PHONESERVER(  140): pty_write get lock
D/PHONESERVER(  140): PS_PTY:/dev/CHNPTY13   write :
D/PHONESERVER(  140): +CRSM: 144,0,00434D4343FFFFFFFFFFFFFFFFFFFFFFFF
D/PHONESERVER(  140): 
D/PHONESERVER(  140): pty_write free lock
D/PHONESERVER(  140): Receive thread's TID [260] MUX :/dev/ts0710mux1 Waiting for resp  
D/PHONESERVER(  140): Receive thread's TID [260] CHMNG:  receive data thread :mux=/dev/ts0710mux1:input:OK
D/PHONESERVER(  140): PS_CMUX cmux_deregist_cmd_callback cmux:/dev/ts0710mux1
D/PHONESERVER(  140): pty_write get lock
D/PHONESERVER(  140): PS_PTY:/dev/CHNPTY13   write :
D/PHONESERVER(  140): OK
D/PHONESERVER(  140): 
D/PHONESERVER(  140): pty_write free lock
D/PHONESERVER(  140): CHNMNG enter channel_manager_free_cmux cmux=/dev/ts0710mux1 
D/PHONESERVER(  140): CHNMNG enter channel_manager_free_cmux pty=0x37964 
D/PHONESERVER(  140): [260] Before remove wait array
D/PHONESERVER(  140): [0]:275 
D/PHONESERVER(  140): 
D/PHONESERVER(  140): [260] After remove wait array
D/PHONESERVER(  140): 
D/PHONESERVER(  140): Enter select_send_thread_run
D/PHONESERVER(  140): Leave select_send_thread_run
D/PHONESERVER(  140): CHNMNG Leave channel_manager_free_cmux cmux=/dev/ts0710mux1 
D/PHONESERVER(  140): [260] before signal (1408327815)
D/PHONESERVER(  140): [260] after signal (1408327815)
D/PHONESERVER(  140): Receive thread's TID [260] MUX :/dev/ts0710mux1 Waiting for resp  
D/PHONESERVER(  140): [275] after timeout (1408327815)
D/PHONESERVER(  140): phoneserver mux adapt: generic cmd AT+CRSM=176,28486,0,0,17
D/SPRDENG (  144): AT < 
D/SPRDENG (  144): +CRSM: 144,0,00434D4343FFFFFFFFFFFFFFFFFFFFFFFF
D/SPRDENG (  144): 
D/SPRDENG (  144): OK
D/SPRDENG (  144): 
E/SMD     (   87): After the Modem Read select 
E/SMD     (   87): Read 57 chars from SMD Modem file fd = 11
E/SMD     (   87):  Message: 
E/SMD     (   87): +CRSM: 144,0,00434D4343FFFFFFFFFFFFFFFFFFFFFFFF
E/SMD     (   87): 
E/SMD     (   87): OK
E/SMD     (   87): 568ZMMH2
E/SMD     (   87): 
E/SMD     (   87): 
E/SMD     (   87): GT-S7568
E/SMD     (   87): 
E/SMD     (   87): 
E/SMD     (   87): CP_HW_VER
E/SMD     (   87): 
E/SMD     (   87): 
E/SMD     (   87): 08-28-2013 12:11:48
E/SMD     (   87): 
E/SMD     (   87): OK
E/SMD     (   87): 
E/SMD     (   87): Before the Modem Read select 
E/DataRouter(   85): [socket:17]******* Received data notification *******
E/DataRouter(   85): [socket:17]read socket data[len:57]
E/DataRouter(   85): [socket:17]read socket data[message:
E/DataRouter(   85): +CRSM: 144,0,00434D4343FFFFFFFFFFFFFFFFFFFFFFFF
E/DataRouter(   85): 
E/DataRouter(   85): OK
E/DataRouter(   85): 
E/DataRouter(   85): write [57] bytes of data to USB fd[13]
E/DataRouter(   85): [socket:17]dr_usb_write
E/DataRouter(   85): After the usb select 
E/DataRouter(   85): read usb data[len:1]
E/DataRouter(   85): read usb data message:A
E/DataRouter(   85): Before the usb select 
E/SMD     (   87): ***Received data notification[DR->SMD]***
E/SMD     (   87): Message:A
E/SMD     (   87): Sending data to SMD: Len = [1]
E/SMD     (   87):  buffer = [A]
E/SMD     (   87): Wrote 1 chars to SMD PORT fd=11 ch = 41
E/DataRouter(   85): After the usb select 
E/DataRouter(   85): read usb data[len:1]
E/DataRouter(   85): read usb data message:T
E/DataRouter(   85): Before the usb select 
E/SMD     (   87): ***Received data notification[DR->SMD]***
E/SMD     (   87): Message:T
E/SMD     (   87): Sending data to SMD: Len = [1]
E/SMD     (   87):  buffer = [T]
E/SMD     (   87): Wrote 1 chars to SMD PORT fd=11 ch = 54
E/DataRouter(   85): After the usb select 
E/DataRouter(   85): read usb data[len:1]
E/DataRouter(   85): read usb data message:+
E/DataRouter(   85): Before the usb select 
E/SMD     (   87): ***Received data notification[DR->SMD]***
E/SMD     (   87): Message:+
E/SMD     (   87): Sending data to SMD: Len = [1]
E/SMD     (   87):  buffer = [+]
E/SMD     (   87): Wrote 1 chars to SMD PORT fd=11 ch = 2b
E/DataRouter(   85): After the usb select 
E/DataRouter(   85): read usb data[len:1]
E/DataRouter(   85): read usb data message:C
E/DataRouter(   85): Before the usb select 
E/SMD     (   87): ***Received data notification[DR->SMD]***
E/SMD     (   87): Message:C
E/SMD     (   87): Sending data to SMD: Len = [1]
E/SMD     (   87):  buffer = [C]
E/SMD     (   87): Wrote 1 chars to SMD PORT fd=11 ch = 43
E/DataRouter(   85): After the usb select 
E/DataRouter(   85): read usb data[len:1]
E/DataRouter(   85): read usb data message:N
E/DataRouter(   85): Before the usb select 
E/SMD     (   87): ***Received data notification[DR->SMD]***
E/SMD     (   87): Message:N
E/SMD     (   87): Sending data to SMD: Len = [1]
E/SMD     (   87):  buffer = [N]
E/SMD     (   87): Wrote 1 chars to SMD PORT fd=11 ch = 4e
E/DataRouter(   85): After the usb select 
E/DataRouter(   85): read usb data[len:1]
E/DataRouter(   85): read usb data message:U
E/DataRouter(   85): Before the usb select 
E/SMD     (   87): ***Received data notification[DR->SMD]***
E/SMD     (   87): Message:U
E/SMD     (   87): Sending data to SMD: Len = [1]
E/SMD     (   87):  buffer = [U]
E/SMD     (   87): Wrote 1 chars to SMD PORT fd=11 ch = 55
E/DataRouter(   85): After the usb select 
E/DataRouter(   85): read usb data[len:1]
E/DataRouter(   85): read usb data message:M
E/DataRouter(   85): Before the usb select 
E/SMD     (   87): ***Received data notification[DR->SMD]***
E/SMD     (   87): Message:M
E/SMD     (   87): Sending data to SMD: Len = [1]
E/SMD     (   87):  buffer = [M]
E/SMD     (   87): Wrote 1 chars to SMD PORT fd=11 ch = 4d
E/DataRouter(   85): After the usb select 
E/DataRouter(   85): read usb data[len:1]
E/DataRouter(   85): read usb data message:
E/DataRouter(   85): Before the usb select 
E/SMD     (   87): ***Received data notification[DR->SMD]***
E/SMD     (   87): Message:
E/SMD     (   87): Sending data to SMD: Len = [1]
E/SMD     (   87):  buffer = []
D/SPRDENG (  144): eng_server2modem: use SIM1 /dev/CHNPTY13
D/SPRDENG (  144): AT > AT+CNUM
D/PHONESERVER(  140): Send thread's TID [275] CHNMNG:findNextEOL:
D/PHONESERVER(  140): Send thread's TID [275] CHNMNG:end findNextEOL:
E/SMD     (   87): Wrote 1 chars to SMD PORT fd=11 ch = d
D/PHONESERVER(  140): Send thread's TID [275] CHNMNG:findNextEOL:
D/PHONESERVER(  140): Send thread's TID [275] CHNMNG:end findNextEOL:
D/PHONESERVER(  140): Send thread's TID [275] PS_PTY : /dev/CHNPTY13 Received 8 bytes command[AT+CNUM]
D/PHONESERVER(  140): Send thread TID [275] CHNMNG enter channel_manager_get_cmux 
D/PHONESERVER(  140): Before add wait array pty=0x37964
D/PHONESERVER(  140): Before add wait array
D/PHONESERVER(  140): 
D/PHONESERVER(  140): After add wait array
D/PHONESERVER(  140): [0]:275 
D/PHONESERVER(  140): 
D/PHONESERVER(  140): TYPE: GSM
D/PHONESERVER(  140): Send thread TID [275] CHNMNG Leave channel_manager_get_cmux:/dev/ts0710mux5 
D/PHONESERVER(  140): PS_CMUX cmux_regist_cmd_callback cmux:/dev/ts0710mux5
D/PHONESERVER(  140): PS_CMUX :/dev/ts0710mux5 cmux_write:AT+CNUM:len=8
D/PHONESERVER(  140): Receive thread's TID [264] CHMNG:  receive data thread :mux=/dev/ts0710mux5:input:+CME ERROR: 22
D/PHONESERVER(  140): PS_CMUX cmux_deregist_cmd_callback cmux:/dev/ts0710mux5
D/PHONESERVER(  140): pty_write get lock
D/PHONESERVER(  140): PS_PTY:/dev/CHNPTY13   write :
D/PHONESERVER(  140): +CME ERROR: 22
D/PHONESERVER(  140): 
D/PHONESERVER(  140): pty_write free lock
D/SPRDENG (  144): eng_modem2server: use SIM1 /dev/CHNPTY13
D/SPRDENG (  144): AT < 
D/SPRDENG (  144): +CME ERROR: 22
D/SPRDENG (  144): 
E/SMD     (   87): After the Modem Read select 
E/SMD     (   87): Read 18 chars from SMD Modem file fd = 11
E/SMD     (   87):  Message: 
E/SMD     (   87): +CME ERROR: 22
E/SMD     (   87): 34D4343FFFFFFFFFFFFFFFFFFFFFFFF
E/SMD     (   87): 
E/SMD     (   87): OK
E/SMD     (   87): 568ZMMH2
E/SMD     (   87): 
E/SMD     (   87): 
E/SMD     (   87): GT-S7568
E/SMD     (   87): 
E/SMD     (   87): 
E/SMD     (   87): CP_HW_VER
E/SMD     (   87): 
E/SMD     (   87): 
E/SMD     (   87): 08-28-2013 12:11:48
E/SMD     (   87): 
E/SMD     (   87): OK
E/SMD     (   87): 
E/SMD     (   87): Before the Modem Read select 
E/DataRouter(   85): [socket:17]******* Received data notification *******
E/DataRouter(   85): [socket:17]read socket data[len:18]
E/DataRouter(   85): [socket:17]read socket data[message:
E/DataRouter(   85): +CME ERROR: 22
E/DataRouter(   85): 
