I/ActivityManager(  290): Start proc app.processName for broadcast hostingNameStr: pid=2011 uid=10005 gids={1015, 1023, 3003}
I/Surface (  599): Surface_lockCanvas
I/Surface (  599): Surface_lockCanvas
I/Surface (  599): Surface_lockCanvas
I/Surface (  599): Surface_lockCanvas
I/Surface (  599): Surface_lockCanvas
D/IccProvider( 1641): [IccProvider] adnRecords.size=45
D/IccProvider( 1641): [IccProvider] loadFromEf: return results
I/Surface (  599): Surface_lockCanvas
I/Surface (  599): Surface_lockCanvas
I/Surface (  599): Surface_lockCanvas
I/Surface (  599): Surface_lockCanvas
I/Surface (  599): Surface_lockCanvas
I/Surface (  599): Surface_lockCanvas
I/Surface (  599): Surface_lockCanvas
I/Surface (  599): Surface_lockCanvas
I/Surface (  599): Surface_lockCanvas
I/Surface (  599): Surface_lockCanvas
I/Surface (  599): Surface_lockCanvas
I/Surface (  599): Surface_lockCanvas
I/Surface (  599): Surface_lockCanvas
I/Surface (  599): Surface_lockCanvas
I/Surface (  599): Surface_lockCanvas
I/Surface (  599): Surface_lockCanvas
I/Surface (  599): Surface_lockCanvas
I/Surface (  599): Surface_lockCanvas
I/Surface (  599): Surface_lockCanvas
I/Surface (  599): Surface_lockCanvas
I/Surface (  599): Surface_lockCanvas
I/Surface (  599): Surface_lockCanvas
I/Surface (  599): Surface_lockCanvas
I/Surface (  599): Surface_lockCanvas
I/ActivityManager(  290): No longer want app.processName (pid 1511): hidden #16
I/Surface (  599): Surface_lockCanvas
I/Surface (  599): Surface_lockCanvas
I/Surface (  599): Surface_lockCanvas
I/Surface (  599): Surface_lockCanvas
I/Surface (  599): Surface_lockCanvas
I/Surface (  599): Surface_lockCanvas
I/Surface (  599): Surface_lockCanvas
I/Surface (  599): Surface_lockCanvas
D/STATUSBAR-NotificationService(  290): cancelAllNotifications()
I/Surface (  599): Surface_lockCanvas
E/WifiP2pStateTracker(  290): getNetworkInfo : NetworkInfo: type: wifi_p2p[], state: UNKNOWN/IDLE, reason: (unspecified), extra: (none), roaming: false, failover: false, isAvailable: false
I/Surface (  599): Surface_lockCanvas
I/ActivityManager(  290): Start proc app.processName for broadcast hostingNameStr: pid=2028 uid=10030 gids={3003, 1015, 1023}
I/Surface (  599): Surface_lockCanvas
I/Surface (  599): Surface_lockCanvas
E/WifiP2pStateTracker(  290): getNetworkInfo : NetworkInfo: type: wifi_p2p[], state: UNKNOWN/IDLE, reason: (unspecified), extra: (none), roaming: false, failover: false, isAvailable: false
I/Surface (  599): Surface_lockCanvas
I/Surface (  599): Surface_lockCanvas
I/Surface (  599): Surface_lockCanvas
W/SignalStrength(  290): getGsmLevel=3
W/SignalStrength(  290): getLevel=3 (SignalStrength: 10 -1 -1 -1 -1 -1 -1 -1 -1 -1 -1 -1 gsm|lte 3)
W/SignalStrength(  290): getGsmDbm=-93
W/SignalStrength(  290): getDbm=-93
W/SignalStrength(  290): getGsmAsuLevel=10
W/SignalStrength(  290): getAsuLevel=10
I/Surface (  599): Surface_lockCanvas
W/SignalStrength(  599): getGsmAsuLevel=10
W/SignalStrength(  599): getCdmaAsuLevel=16
W/SignalStrength(  599): getGsmLevel=3
W/SignalStrength(  599): getLevel=3 (SignalStrength: 10 -1 -1 -1 -1 -1 -1 -1 -1 -1 -1 -1 gsm|lte 3)
I/Surface (  599): Surface_lockCanvas
D/StatusBar.NetworkController(  599): updateTelephonySignalStrength: mSignalStrength == 10(GSM) 16(CDMA)
I/Surface (  599): Surface_lockCanvas
I/Surface (  599): Surface_lockCanvas
I/Surface (  599): Surface_lockCanvas
I/Surface (  599): Surface_lockCanvas
I/Surface (  599): Surface_lockCanvas
D/        (  865): *****Starting mtp_io()
D/        (  865): [mtp_start_io] source_thread Creation 
D/        (  865): [mtp_start_io] sink_thread Creation 
D/        (  865): [mtp_start_io:386] sink thread created so set th_sink
W/MTPRx   (  865): notification from stack 3
W/MTPRx   (  865): notification from stack 14
E/MTPRx   (  865): Open session has come  remove the  Messagetrue
W/MTPRx   (  865): notification from stack 3
I/Surface (  599): Surface_lockCanvas
W/MTPRx   (  865): notification from stack 3
I/Surface (  599): Surface_lockCanvas
I/Surface (  599): Surface_lockCanvas
I/Surface (  599): Surface_lockCanvas
I/Surface (  599): Surface_lockCanvas
I/Surface (  599): Surface_lockCanvas
I/Surface (  599): Surface_lockCanvas
I/Surface (  599): Surface_lockCanvas
I/Surface (  599): Surface_lockCanvas
I/Surface (  599): Surface_lockCanvas
I/Surface (  599): Surface_lockCanvas
I/Surface (  599): Surface_lockCanvas
I/ActivityThread( 2028): Pub com.android.fileexplorer.kssdata: cn.kuaipan.android.kss.KssProvider
I/Surface (  599): Surface_lockCanvas
I/Surface (  599): Surface_lockCanvas
I/Surface (  599): Surface_lockCanvas
I/Surface (  599): Surface_lockCanvas
I/Surface (  599): Surface_lockCanvas
I/Surface (  599): Surface_lockCanvas
I/Surface (  599): Surface_lockCanvas
I/Surface (  599): Surface_lockCanvas
I/Surface (  599): Surface_lockCanvas
I/Surface (  599): Surface_lockCanvas
I/Surface (  599): Surface_lockCanvas
I/Surface (  599): Surface_lockCanvas
D/dalvikvm( 2028): GC_CONCURRENT freed 805K, 11% free 11829K/13191K, paused 2ms+2ms
I/Surface (  599): Surface_lockCanvas
I/Surface (  599): Surface_lockCanvas
I/Surface (  599): Surface_lockCanvas
I/Surface (  599): Surface_lockCanvas
I/Surface (  599): Surface_lockCanvas
I/Surface (  599): Surface_lockCanvas
I/Surface (  599): Surface_lockCanvas
I/ActivityManager(  290): Start proc app.processName for broadcast hostingNameStr: pid=2050 uid=10017 gids={3003, 1007, 2001, 3006}
I/Surface (  599): Surface_lockCanvas
I/Surface (  599): Surface_lockCanvas
I/Surface (  599): Surface_lockCanvas
I/Surface (  599): Surface_lockCanvas
I/Surface (  599): Surface_lockCanvas
I/KssTransService( 2028): onNetChange
I/Surface (  599): Surface_lockCanvas
I/Surface (  599): Surface_lockCanvas
I/Surface (  599): Surface_lockCanvas
I/Surface (  599): Surface_lockCanvas
I/Surface (  599): Surface_lockCanvas
I/Surface (  599): Surface_lockCanvas
I/Surface (  599): Surface_lockCanvas
I/Surface (  599): Surface_lockCanvas
I/Surface (  599): Surface_lockCanvas
W/dalvikvm( 1811): threadid=2: spin on suspend #1 threadid=26 (pcf=0)
D/dalvikvm( 1811): Temporarily moving tid 1898 to fg (was 0)
D/dalvikvm( 1811): Temporarily raised priority on tid 1898 (19 -> 0)
I/Surface (  599): Surface_lockCanvas
I/Surface (  599): Surface_lockCanvas
W/AlarmManager(  290): FACTORY_ON= 0
I/Surface (  599): Surface_lockCanvas
I/Surface (  599): Surface_lockCanvas
I/Surface (  599): Surface_lockCanvas
D/dalvikvm(  838): GC_CONCURRENT freed 1630K, 11% free 18293K/20487K, paused 2ms+19ms
I/Surface (  599): Surface_lockCanvas
I/ActivityThread( 2050): Pub com.google.settings: com.google.android.gsf.settings.GoogleSettingsProvider
I/Surface (  599): Surface_lockCanvas
I/Surface (  599): Surface_lockCanvas
I/ActivityThread( 2050): Pub subscribedfeeds: com.google.android.gsf.subscribedfeeds.SubscribedFeedsProvider
I/Surface (  599): Surface_lockCanvas
I/Surface (  599): Surface_lockCanvas
D/HanziToPinyinHelper(  838): Read
D/HanziToPinyinHelper(  838): [7]ms to load data file
I/Surface (  599): Surface_lockCanvas
I/ActivityThread( 2050): Pub com.google.contacts.gal.provider: com.google.android.syncadapters.contacts.GalProvider
I/Surface (  599): Surface_lockCanvas
I/Surface (  599): Surface_lockCanvas
I/Surface (  599): Surface_lockCanvas
I/ActivityThread( 2050): Pub com.google.android.gsf.gservices: com.google.android.gsf.gservices.GservicesProvider
D/dalvikvm(  805): GC_CONCURRENT freed 47K, 5% free 13363K/14023K, paused 3ms+3ms
I/Surface (  599): Surface_lockCanvas
I/GservicesProvider( 2050): Gservices pushing to system: true; secure: true
I/ActivityThread( 2050): Pub com.google.android.providers.talk: com.google.android.gsf.talk.TalkProvider
I/Surface (  599): Surface_lockCanvas
I/Surface (  599): Surface_lockCanvas
I/Surface (  599): Surface_lockCanvas
W/dalvikvm( 1811): threadid=2: spin on suspend resolved in 1322 msec
D/dalvikvm( 1811): Restored policy of 1898 to 0
D/dalvikvm( 1811): Restored priority on 1898 to 19
I/Surface (  599): Surface_lockCanvas
D/dalvikvm( 1811): GC_CONCURRENT freed 538K, 8% free 12927K/14023K, paused 14ms+3ms
I/Surface (  599): Surface_lockCanvas
I/Surface (  599): Surface_lockCanvas
I/Surface (  599): Surface_lockCanvas
I/Surface (  599): Surface_lockCanvas
I/Surface (  599): Surface_lockCanvas
I/Surface (  599): Surface_lockCanvas
D/STATUSBAR-NotificationService(  290): cancelNotification - pkg:XXX.XXXXXXX.XXXXXXXXX.XXXXXXXXX, id:1799462192
I/Surface (  599): Surface_lockCanvas
D/STATUSBAR-NotificationService(  290): cancelNotification - pkg:XXX.XXXXXXX.XXXXXXXXX.XXXXXXXXX, id:-612834190
I/Surface (  599): Surface_lockCanvas
I/Surface (  599): Surface_lockCanvas
I/Surface (  599): Surface_lockCanvas
I/Surface (  599): Surface_lockCanvas
I/Surface (  599): Surface_lockCanvas
I/Surface (  599): Surface_lockCanvas
I/Surface (  599): Surface_lockCanvas
I/Surface (  599): Surface_lockCanvas
I/Surface (  599): Surface_lockCanvas
D/MSF.C.NetConnTag( 1759): [E]netRecv ssoSeq:16373553 uin:*2314 cmd:1563966628 16373777
I/Surface (  599): Surface_lockCanvas
I/Surface (  599): Surface_lockCanvas
I/Surface (  599): Surface_lockCanvas
I/Surface (  599): Surface_lockCanvas
I/Surface (  599): Surface_lockCanvas
I/CheckinService( 2050): Preparing to send checkin request
I/Surface (  599): Surface_lockCanvas
I/Surface (  599): Surface_lockCanvas
I/Surface (  599): Surface_lockCanvas
I/Surface (  599): Surface_lockCanvas
I/Surface (  599): Surface_lockCanvas
I/Surface (  599): Surface_lockCanvas
I/Surface (  599): Surface_lockCanvas
I/Surface (  599): Surface_lockCanvas
I/Surface (  599): Surface_lockCanvas
I/Surface (  599): Surface_lockCanvas
I/EventLogService( 2050): Accumulating logs since 1408327763368
I/Surface (  599): Surface_lockCanvas
I/StringUtils( 1701): NewVersion: MIUI-fullota.art-chen.20140817.151636, oldVersion: MIUI-fullota.art-chen.20140817.151636
I/Surface (  599): Surface_lockCanvas
I/Surface (  599): Surface_lockCanvas
I/Surface (  599): Surface_lockCanvas
I/Surface (  599): Surface_lockCanvas
I/Surface (  599): Surface_lockCanvas
I/Surface (  599): Surface_lockCanvas
I/Surface (  599): Surface_lockCanvas
I/Surface (  599): Surface_lockCanvas
I/ActivityManager(  290): Start proc app.processName for broadcast hostingNameStr: pid=2077 uid=10071 gids={3003, 1015, 1023, 1007, 1006}
I/Surface (  599): Surface_lockCanvas
I/Surface (  599): Surface_lockCanvas
I/Surface (  599): Surface_lockCanvas
I/Surface (  599): Surface_lockCanvas
I/GTalkService/c( 2050): [AndroidEndpoint@1100025592] connect: acct=1000000, state=CONNECTING
I/Surface (  599): Surface_lockCanvas
I/Surface (  599): Surface_lockCanvas
I/Surface (  599): Surface_lockCanvas
I/Surface (  599): Surface_lockCanvas
I/Surface (  599): Surface_lockCanvas
I/Surface (  599): Surface_lockCanvas
I/Surface (  599): Surface_lockCanvas
I/Surface (  599): Surface_lockCanvas
I/Surface (  599): Surface_lockCanvas
I/Surface (  599): Surface_lockCanvas
I/Surface (  599): Surface_lockCanvas
I/Surface (  599): Surface_lockCanvas
D/dalvikvm( 2050): GC_CONCURRENT freed 652K, 10% free 11958K/13191K, paused 4ms+3ms
I/System.out( 1811): DefaultRequestDirector http execute enter loop 
I/Surface (  599): Surface_lockCanvas
I/Surface (  599): Surface_lockCanvas
I/Surface (  599): Surface_lockCanvas
I/Surface (  599): Surface_lockCanvas
I/Surface (  599): Surface_lockCanvas
I/Surface (  599): Surface_lockCanvas
I/Surface (  599): Surface_lockCanvas
D/ActivityThread( 1811): Loading provider com.baidu.netdisk.account: com.baidu.netdisk.account.AccountProvider
I/Surface (  599): Surface_lockCanvas
I/Surface (  599): Surface_lockCanvas
I/Surface (  599): Surface_lockCanvas
I/Surface (  599): Surface_lockCanvas
I/Surface (  599): Surface_lockCanvas
I/Surface (  599): Surface_lockCanvas
I/Surface (  599): Surface_lockCanvas
D/Posix   ( 1811): ## MMS_TRACE: ##: getsockoptInt(): option = 4, result = 0.
D/Posix   ( 1811): ## MMS_TRACE: ##: setsockoptInt(): option = 1, value = 1.
I/System.out( 1811): ## HttpRequestExecutor::execute() starts. ## 
D/Posix   ( 1811): ## MMS_TRACE: ##: getsockoptInt(): option = 7, result = 16384.
D/Posix   ( 1811): ## MMS_TRACE: ##: getsockoptInt(): option = 8, result = 87380.
I/System.out( 1811): ################ Socket Options ###############
I/System.out( 1811): #### sendBufferSize = 16384.
I/System.out( 1811): #### recvBufferSize = 87380.
I/System.out( 1811): #### sendTimeout = 0.
I/System.out( 1811): #### recvTimeout = 60000.
I/System.out( 1811): ###############################################
I/Surface (  599): Surface_lockCanvas
I/Surface (  599): Surface_lockCanvas
D/dalvikvm(  805): GC_CONCURRENT freed 53K, 5% free 13825K/14471K, paused 11ms+3ms
I/Surface (  599): Surface_lockCanvas
I/Surface (  599): Surface_lockCanvas
I/Surface (  599): Surface_lockCanvas
I/Surface (  599): Surface_lockCanvas
I/Surface (  599): Surface_lockCanvas
I/Surface (  599): Surface_lockCanvas
I/Surface (  599): Surface_lockCanvas
I/Surface (  599): Surface_lockCanvas
I/Surface (  599): Surface_lockCanvas
I/Surface (  599): Surface_lockCanvas
I/Surface (  599): Surface_lockCanvas
I/Surface (  599): Surface_lockCanvas
D/dalvikvm( 2077): GC_CONCURRENT freed 602K, 9% free 12021K/13191K, paused 5ms+2ms
I/Surface (  599): Surface_lockCanvas
I/Surface (  599): Surface_lockCanvas
I/Surface (  599): Surface_lockCanvas
I/Surface (  599): Surface_lockCanvas
I/Surface (  599): Surface_lockCanvas
I/Surface (  599): Surface_lockCanvas
I/System.out( 2077): DefaultRequestDirector http execute enter loop 
I/Surface (  599): Surface_lockCanvas
I/Surface (  599): Surface_lockCanvas
I/Surface (  599): Surface_lockCanvas
D/Posix   ( 2077): ## MMS_TRACE: ##: getsockoptInt(): option = 4, result = 0.
D/Posix   ( 2077): ## MMS_TRACE: ##: setsockoptInt(): option = 1, value = 1.
I/Surface (  599): Surface_lockCanvas
I/System.out( 2077): ## HttpRequestExecutor::execute() starts. ## 
D/Posix   ( 2077): ## MMS_TRACE: ##: getsockoptInt(): option = 7, result = 16384.
D/Posix   ( 2077): ## MMS_TRACE: ##: getsockoptInt(): option = 8, result = 87380.
I/System.out( 2077): ################ Socket Options ###############
I/System.out( 2077): #### sendBufferSize = 16384.
I/System.out( 2077): #### recvBufferSize = 87380.
I/System.out( 2077): #### sendTimeout = 0.
I/System.out( 2077): #### recvTimeout = 30000.
I/System.out( 2077): ###############################################
I/Process ( 2077): Sending signal. PID: 2077 SIG: 9
I/Surface (  599): Surface_lockCanvas
I/Surface (  599): Surface_lockCanvas
I/Surface (  599): Surface_lockCanvas
I/ActivityManager(  290): Process com.baidu.input:bdservice_v1 (pid 2077) has died.
I/Surface (  599): Surface_lockCanvas
D/MSF.C.NetConnInfoCenter( 1759): [E]currentAPN:null. received networkInfo: CONNECTED :NetworkInfo: type: WIFI[], state: CONNECTED/CONNECTED, reason: (unspecified), extra: (none), roaming: false, failover: false, isAvailable: true. extra NetworkInfo: NetworkInfo: type: WIFI[], state: CONNECTED/CONNECTED, reason: (unspecified), extra: (none), roaming: false, failover: false, isAvailable: true
I/Surface (  599): Surface_lockCanvas
I/Surface (  599): Surface_lockCanvas
I/PushServiceReceiver( 1775): start PushSerevice for ACTION_BOOT_COMPLETED or CONNECTIVITY_ACTION
D/Constants( 1775): start service: com.baidu.android.pushservice.PushService
D/PushService( 1775): -- onStartCommand -- Intent { act=com.baidu.pushservice.action.START cmp=xxxx }
D/PushSDK ( 1775): handleOnStart intent action = com.baidu.pushservice.action.START
I/PushSDK ( 1775): -- handleOnStart -- Intent { act=com.baidu.pushservice.action.START cmp=xxxx }
D/RegistrationService( 1775): RegistrationSerice handleIntent : Intent { act=com.baidu.pushservice.action.START cmp=xxxx }
D/PushSDK ( 1775): tryConnect networkConnected :true
I/Surface (  599): Surface_lockCanvas
I/Surface (  599): Surface_lockCanvas
I/Surface (  599): Surface_lockCanvas
I/Surface (  599): Surface_lockCanvas
I/Surface (  599): Surface_lockCanvas
I/Surface (  599): Surface_lockCanvas
I/Surface (  599): Surface_lockCanvas
I/Surface (  599): Surface_lockCanvas
I/Surface (  599): Surface_lockCanvas
I/Surface (  599): Surface_lockCanvas
I/Surface (  599): Surface_lockCanvas
I/Surface (  599): Surface_lockCanvas
I/Surface (  599): Surface_lockCanvas
I/ActivityManager(  290): Start proc app.processName for broadcast hostingNameStr: pid=2101 uid=10058 gids={}
I/Surface (  599): Surface_lockCanvas
I/Surface (  599): Surface_lockCanvas
I/Surface (  599): Surface_lockCanvas
I/Surface (  599): Surface_lockCanvas
I/Surface (  599): Surface_lockCanvas
I/Surface (  599): Surface_lockCanvas
I/Surface (  599): Surface_lockCanvas
I/Surface (  599): Surface_lockCanvas
D/dalvikvm(  838): GC_CONCURRENT freed 1970K, 13% free 18320K/20871K, paused 6ms+36ms
I/Surface (  599): Surface_lockCanvas
I/Surface (  599): Surface_lockCanvas
I/Surface (  599): Surface_lockCanvas
I/Surface (  599): Surface_lockCanvas
I/Surface (  599): Surface_lockCanvas
I/Surface (  599): Surface_lockCanvas
I/Surface (  599): Surface_lockCanvas
I/Surface (  599): Surface_lockCanvas
I/Surface (  599): Surface_lockCanvas
I/Surface (  599): Surface_lockCanvas
I/Surface (  599): Surface_lockCanvas
I/Surface (  599): Surface_lockCanvas
I/Surface (  599): Surface_lockCanvas
I/Surface (  599): Surface_lockCanvas
W/AlarmManager(  290): FACTORY_ON= 0
I/Surface (  599): Surface_lockCanvas
I/Surface (  599): Surface_lockCanvas
I/Surface (  599): Surface_lockCanvas
D/CalendarAppWidgetProvider( 2101): onReceive.isWidgetInstanceCreated: false, getAppWidgetIds length: 0
I/Process ( 2101): Sending signal. PID: 2101 SIG: 9
I/Surface (  599): Surface_lockCanvas
I/Surface (  599): Surface_lockCanvas
I/ActivityManager(  290): Process com.sec.android.widgetapp.SPlannerAppWidget (pid 2101) has died.
I/Surface (  599): Surface_lockCanvas
I/Surface (  599): Surface_lockCanvas
I/Surface (  599): Surface_lockCanvas
I/Surface (  599): Surface_lockCanvas
I/Surface (  599): Surface_lockCanvas
I/Surface (  599): Surface_lockCanvas
I/System.out( 1811): ## HttpRequestExecutor::execute(): doSendRequest() return NULL reponse. ## 
I/System.out( 1811): ## HttpRequestExecutor::doReceiveResponse(). ## 
I/Surface (  599): Surface_lockCanvas
I/ActivityManager(  290): Start proc app.processName for broadcast hostingNameStr: pid=2117 uid=10058 gids={}
I/Surface (  599): Surface_lockCanvas
I/Surface (  599): Surface_lockCanvas
I/Surface (  599): Surface_lockCanvas
I/Surface (  599): Surface_lockCanvas
I/Surface (  599): Surface_lockCanvas
I/Surface (  599): Surface_lockCanvas
I/Surface (  599): Surface_lockCanvas
I/Surface (  599): Surface_lockCanvas
I/Surface (  599): Surface_lockCanvas
I/Surface (  599): Surface_lockCanvas
I/Surface (  599): Surface_lockCanvas
I/Surface (  599): Surface_lockCanvas
I/Surface (  599): Surface_lockCanvas
I/Surface (  599): Surface_lockCanvas
I/Surface (  599): Surface_lockCanvas
I/Surface (  599): Surface_lockCanvas
I/Surface (  599): Surface_lockCanvas
D/CalendarWidget( 2117): isWidgetInstanceCreated: false, AppWidgetIds length: 0
I/Process ( 2117): Sending signal. PID: 2117 SIG: 9
I/ActivityManager(  290): Process com.sec.android.widgetapp.SPlannerAppWidget (pid 2117) has died.
I/Surface (  599): Surface_lockCanvas
I/Surface (  599): Surface_lockCanvas
D/StatusChecker( 1470): onReceive : android.intent.action.SERVICE_STATE
D/StatusChecker( 1470): Service state changed : 1
I/Surface (  599): Surface_lockCanvas
V/AlarmManager(  290): ClockReceiver onReceive() ACTION_TIME_TICK
W/AlarmManager(  290): FACTORY_ON= 0
D/KeyguardUpdateMonitor(  290): handleTimeUpdate
I/Surface (  599): Surface_lockCanvas
D/ConnectivityService(  290): handleInetConditionHoldEnd: net=1, condition=0, published condition=0
W/SignalStrength(  599): getGsmAsuLevel=10
W/SignalStrength(  599): getCdmaAsuLevel=16
W/SignalStrength(  599): getGsmLevel=3
W/SignalStrength(  599): getLevel=3 (SignalStrength: 10 -1 -1 -1 -1 -1 -1 -1 -1 -1 -1 -1 gsm|lte 3)
D/StatusBar.NetworkController(  599): updateTelephonySignalStrength: mSignalStrength == 10(GSM) 16(CDMA)
I/Surface (  599): Surface_lockCanvas
D/StatusChecker( 1470): onReceive : android.intent.action.SERVICE_STATE
D/StatusChecker( 1470): Service state changed : 2
I/Surface (  599): Surface_lockCanvas
I/Surface (  599): Surface_lockCanvas
D/dalvikvm( 2050): GC_CONCURRENT freed 213K, 9% free 12132K/13191K, paused 4ms+61ms
I/Surface (  599): Surface_lockCanvas
I/Surface (  599): Surface_lockCanvas
I/Surface (  599): Surface_lockCanvas
D/dalvikvm( 1171): GC_CONCURRENT freed 382K, 9% free 12008K/13191K, paused 4ms+2ms
I/Surface (  599): Surface_lockCanvas
I/Surface (  599): Surface_lockCanvas
I/Surface (  599): Surface_lockCanvas
D/StatusChecker( 1470): onReceive : android.intent.action.SERVICE_STATE
D/StatusChecker( 1470): Service state changed : 0
I/Surface (  599): Surface_lockCanvas
I/Surface (  599): Surface_lockCanvas
I/Surface (  599): Surface_lockCanvas
I/Surface (  599): Surface_lockCanvas
W/AlarmManager(  290): FACTORY_ON= 0
I/Surface (  599): Surface_lockCanvas
I/Surface (  599): Surface_lockCanvas
D/StatusChecker( 1470): onReceive : android.intent.action.SERVICE_STATE
D/StatusChecker( 1470): Service state changed : 3
I/Surface (  599): Surface_lockCanvas
I/Surface (  599): Surface_lockCanvas
W/AlarmManager(  290): FACTORY_ON= 0
V/SipBroadcastReceiver( 1641): start auto registration
I/Surface (  599): Surface_lockCanvas
I/Surface (  599): Surface_lockCanvas
I/Surface (  599): Surface_lockCanvas
I/Surface (  599): Surface_lockCanvas
I/Surface (  599): Surface_lockCanvas
E/CscReceiver( 1641): onReceive android.intent.action.MEDIA_SCANNER_FINISHED
D/CscReceiver( 1641): Media DB Scanner finished.
I/Surface (  599): Surface_lockCanvas
D/CscReceiver( 1641): start service to Set Ringtone
V/SmsReceiverService( 1439): onStart: #1 mResultCode: -1 = Activity.RESULT_OK
I/Surface (  599): Surface_lockCanvas
D/CscReceiver( 1641): start service to Set Notification
W/TextToSpeech( 1439): shutdown failed: not bound to TTS engine
D/CscReceiver( 1641): start service to Set Alarmtone
I/Surface (  599): Surface_lockCanvas
D/CscUpdateService( 1641): onStart
D/CscUpdateService( 1641): only ringtone update
E/ResourceType( 2050): getSupportListinCSC: cannot open file 
E/ResourceType( 2050): The locale in CSC is empty.
I/Surface (  599): Surface_lockCanvas
D/FactoryTestApp( 1984): [Class] FactoryTestBroadcastReceiver , [Method] onReceive , [Message] onReceive action=android.intent.action.MEDIA_SCANNER_FINISHED
I/FactoryTestApp( 1984): [Class] FactoryTestBroadcastReceiver , [Method] onReceive , [Message] Intent.ACTION_MEDIA_SCANNER_FINISHED
I/Surface (  599): Surface_lockCanvas
I/FactoryTestApp( 1984): [Class] XMLDataStorage , [Method] parsingXML , [Message] FtClient => XML data parsing was completed.
D/FactoryTestApp( 1984): [Class] FactoryTestBroadcastReceiver , [Method] onReceive , [Message] ACTION_MEDIA_SCANNER_FINISHED => XML data parsing was failed.
D/CscUpdateService( 1641): onStart
D/CscUpdateService( 1641): only notification update
E/CscParser( 1641): update(): xml file exist
I/Surface (  599): Surface_lockCanvas
I/Surface (  599): Surface_lockCanvas
D/CscUpdateService( 1641): onStart
D/CscUpdateService( 1641): only alarmtone update
E/CscParser( 1641): update(): xml file exist
I/Surface (  599): Surface_lockCanvas
I/Surface (  599): Surface_lockCanvas
E/CscParser( 1641): update(): xml file exist
I/Surface (  599): Surface_lockCanvas
V/AlarmManager(  290): waitForAlarm result :1
I/Surface (  599): Surface_lockCanvas
I/Surface (  599): Surface_lockCanvas
I/Surface (  599): Surface_lockCanvas
V/AlarmManager(  290): trigger WAKEUP Alarm{41a77f18 type 0 XXX.XXXXXXX.XXXXXXXX}
D/StatusChecker( 1470): onReceive : android.provider.Telephony.GET_SMSC
I/Surface (  599): Surface_lockCanvas
W/ActivityManager(  290): Permission Denial: receiving Intent { act=android.intent.action.NEW_OUTGOING_CALL flg=0x10 (has extras) } to com.baidu.netdisk requires android.permission.PROCESS_OUTGOING_CALLS due to sender com.android.phone (uid 1001)
D/StatusChecker( 1470): onReceive : android.intent.action.SERVICE_STATE
D/StatusChecker( 1470): Service state changed : 0
I/Surface (  599): Surface_lockCanvas
I/Surface (  599): Surface_lockCanvas
I/Surface (  599): Surface_lockCanvas
I/Surface (  599): Surface_lockCanvas
D/dalvikvm( 1641): GC_CONCURRENT freed 177K, 6% free 12837K/13575K, paused 11ms+15ms
W/CSCSettings( 1641): Setting Ringtones (type) : 1
D/CscParser( 1641): RingTone: null
W/CSCSettings( 1641): 1. Tag_Str: null
W/CSCSettings( 1641): Setting Ringtones (type) : 2
D/CscParser( 1641): MessageTone: null
W/CSCSettings( 1641): 1. Tag_Str: null
W/CSCSettings( 1641): Setting Ringtones (type) : 4
D/CscParser( 1641): AlarmTone: null
W/CSCSettings( 1641): 1. Tag_Str: null
I/ActivityManager(  290): Start proc app.processName for broadcast hostingNameStr: pid=2140 uid=10071 gids={3003, 1015, 1023, 1007, 1006}
E/JavaBinder( 1641): *** Uncaught remote exception!  (Exceptions are not yet supported across processes.)
E/JavaBinder( 1641): java.lang.RuntimeException: android.os.DeadObjectException
E/JavaBinder( 1641): 	at android.os.Parcel.writeException(Parcel.java:1228)
E/JavaBinder( 1641): 	at android.os.Binder.execTransact(Binder.java:340)
E/JavaBinder( 1641): 	at dalvik.system.NativeStart.run(Native Method)
E/JavaBinder( 1641): Caused by: android.os.DeadObjectException
E/JavaBinder( 1641): 	at android.os.BinderProxy.transact(Native Method)
E/JavaBinder( 1641): 	at android.content.IIntentReceiver$Stub$Proxy.performReceive(IIntentReceiver.java:121)
E/JavaBinder( 1641): 	at android.app.ActivityThread$ApplicationThread.scheduleRegisteredReceiver(ActivityThread.java:762)
E/JavaBinder( 1641): 	at android.app.ApplicationThreadNative.onTransact(ApplicationThreadNative.java:365)
E/JavaBinder( 1641): 	at android.os.Binder.execTransact(Binder.java:338)
E/JavaBinder( 1641): 	... 1 more
I/Surface (  599): Surface_lockCanvas
I/Surface (  599): Surface_lockCanvas
I/Surface (  599): Surface_lockCanvas
I/Surface (  599): Surface_lockCanvas
I/Surface (  599): Surface_lockCanvas
I/Surface (  599): Surface_lockCanvas
I/Surface (  599): Surface_lockCanvas
I/Surface (  599): Surface_lockCanvas
I/Surface (  599): Surface_lockCanvas
I/Surface (  599): Surface_lockCanvas
I/Surface (  599): Surface_lockCanvas
I/Surface (  599): Surface_lockCanvas
I/Surface (  599): Surface_lockCanvas
D/dalvikvm(  290): GC_CONCURRENT freed 1806K, 67% free 10973K/33223K, paused 4ms+34ms
I/Surface (  599): Surface_lockCanvas
I/Surface (  599): Surface_lockCanvas
I/Surface (  599): Surface_lockCanvas
I/Surface (  599): Surface_lockCanvas
I/Surface (  599): Surface_lockCanvas
I/Surface (  599): Surface_lockCanvas
I/Surface (  599): Surface_lockCanvas
I/Surface (  599): Surface_lockCanvas
I/Surface (  599): Surface_lockCanvas
I/Surface (  599): Surface_lockCanvas
I/Surface (  599): Surface_lockCanvas
I/Surface (  599): Surface_lockCanvas
I/Surface (  599): Surface_lockCanvas
I/Surface (  599): Surface_lockCanvas
I/Surface (  599): Surface_lockCanvas
I/System.out( 1811): DefaultRequestDirect http execute loop END! 
I/System.out( 1811): DefaultRequestDirect http execute loop END, status 200
I/System.out( 1811): DefaultRequestDirect http execute return response! 
I/Surface (  599): Surface_lockCanvas
I/Surface (  599): Surface_lockCanvas
D/dalvikvm( 2140): GC_CONCURRENT freed 608K, 9% free 12025K/13191K, paused 3ms+2ms
I/Surface (  599): Surface_lockCanvas
I/Surface (  599): Surface_lockCanvas
I/Surface (  599): Surface_lockCanvas
I/Surface (  599): Surface_lockCanvas
I/System.out( 2140): DefaultRequestDirector http execute enter loop 
I/Surface (  599): Surface_lockCanvas
I/Surface (  599): Surface_lockCanvas
I/Surface (  599): Surface_lockCanvas
I/Surface (  599): Surface_lockCanvas
D/Posix   ( 2140): ## MMS_TRACE: ##: getsockoptInt(): option = 4, result = 0.
D/dalvikvm( 2140): GC_FOR_ALLOC freed 317K, 9% free 12055K/13191K, paused 36ms
I/dalvikvm-heap( 2140): Grow heap (frag case) to 12.617MB for 316712-byte allocation
I/Surface (  599): Surface_lockCanvas
I/Surface (  599): Surface_lockCanvas
I/Surface (  599): Surface_lockCanvas
D/dalvikvm( 2140): GC_FOR_ALLOC freed 1K, 9% free 12362K/13511K, paused 35ms
D/Posix   ( 2140): ## MMS_TRACE: ##: setsockoptInt(): option = 1, value = 1.
I/System.out( 2140): ## HttpRequestExecutor::execute() starts. ## 
I/Surface (  599): Surface_lockCanvas
D/Posix   ( 2140): ## MMS_TRACE: ##: getsockoptInt(): option = 7, result = 16384.
D/Posix   ( 2140): ## MMS_TRACE: ##: getsockoptInt(): option = 8, result = 87380.
I/System.out( 2140): ################ Socket Options ###############
I/System.out( 2140): #### sendBufferSize = 16384.
I/System.out( 2140): #### recvBufferSize = 87380.
I/System.out( 2140): #### sendTimeout = 0.
I/System.out( 2140): #### recvTimeout = 30000.
I/System.out( 2140): ###############################################
I/System.out( 2140): ## HttpRequestExecutor::execute(): doSendRequest() return NULL reponse. ## 
I/System.out( 2140): ## HttpRequestExecutor::doReceiveResponse(). ## 
I/Surface (  599): Surface_lockCanvas
I/System.out( 2140): DefaultRequestDirect http execute loop END! 
I/System.out( 2140): DefaultRequestDirect http execute loop END, status 200
I/System.out( 2140): DefaultRequestDirect http execute return response! 
I/Surface (  599): Surface_lockCanvas
I/Surface (  599): Surface_lockCanvas
I/Surface (  599): Surface_lockCanvas
I/Surface (  599): Surface_lockCanvas
D/dalvikvm( 2140): GC_FOR_ALLOC freed 83K, 9% free 12597K/13767K, paused 47ms
I/Process ( 2140): Sending signal. PID: 2140 SIG: 9
I/Surface (  599): Surface_lockCanvas
I/CheckinTask( 2050): Sending checkin request (3127 bytes)
I/Surface (  599): Surface_lockCanvas
I/Surface (  599): Surface_lockCanvas
I/ActivityManager(  290): Process com.baidu.input:bdservice_v1 (pid 2140) has died.
I/Surface (  599): Surface_lockCanvas
I/Surface (  599): Surface_lockCanvas
I/Surface (  599): Surface_lockCanvas
I/Surface (  599): Surface_lockCanvas
I/Surface (  599): Surface_lockCanvas
I/Surface (  599): Surface_lockCanvas
I/Surface (  599): Surface_lockCanvas
V/SipBroadcastReceiver( 1641): start auto registration
I/Surface (  599): Surface_lockCanvas
D/StatusChecker( 1470): onReceive : android.intent.action.SERVICE_STATE
D/StatusChecker( 1470): Service state changed : 0
I/Surface (  599): Surface_lockCanvas
D/StatusChecker( 1470): onReceive : android.intent.action.SERVICE_STATE
D/StatusChecker( 1470): Service state changed : 3
I/Surface (  599): Surface_lockCanvas
D/StatusChecker( 1470): onReceive : android.provider.Telephony.GET_SMSC
I/Surface (  599): Surface_lockCanvas
D/dalvikvm( 1811): Trying to load lib /data/data/com.baidu.netdisk/lib/libjni-pinyin.so 0x41884ea0
D/StatusChecker( 1470): onReceive : android.intent.action.SERVICE_STATE
D/StatusChecker( 1470): Service state changed : 2
I/Surface (  599): Surface_lockCanvas
D/StatusChecker( 1470): onReceive : android.intent.action.SERVICE_STATE
D/StatusChecker( 1470): Service state changed : 0
I/Surface (  599): Surface_lockCanvas
I/Surface (  599): Surface_lockCanvas
D/StatusChecker( 1470): onReceive : android.intent.action.SERVICE_STATE
D/StatusChecker( 1470): Service state changed : 1
I/Surface (  599): Surface_lockCanvas
D/StatusChecker( 1470): onReceive : android.intent.action.SERVICE_STATE
D/StatusChecker( 1470): Service state changed : 2
I/Surface (  599): Surface_lockCanvas
I/Surface (  599): Surface_lockCanvas
I/Surface (  599): Surface_lockCanvas
I/ActivityManager(  290): Start proc app.processName for broadcast hostingNameStr: pid=2166 uid=10019 gids={3003}
I/Surface (  599): Surface_lockCanvas
I/Surface (  599): Surface_lockCanvas
I/Surface (  599): Surface_lockCanvas
I/Surface (  599): Surface_lockCanvas
I/Surface (  599): Surface_lockCanvas
I/Surface (  599): Surface_lockCanvas
D/dalvikvm( 2050): GC_CONCURRENT freed 401K, 8% free 12191K/13191K, paused 6ms+2ms
I/Surface (  599): Surface_lockCanvas
I/Surface (  599): Surface_lockCanvas
I/Surface (  599): Surface_lockCanvas
I/System.out( 2050): DefaultRequestDirector http execute enter loop 
I/Surface (  599): Surface_lockCanvas
I/Surface (  599): Surface_lockCanvas
I/ActivityThread( 2166): Pub com.miui.cloudservice: com.miui.cloudservice.MicloudPushProviderImpl
I/Surface (  599): Surface_lockCanvas
I/Surface (  599): Surface_lockCanvas
D/MxPushMessageReceiver( 1439): receive broadcast, action:com.xiaomi.push.service_started
D/MxPushMessageReceiver( 1439): push service started, need open channel
I/Surface (  599): Surface_lockCanvas
I/Surface (  599): Surface_lockCanvas
I/Surface (  599): Surface_lockCanvas
I/Surface (  599): Surface_lockCanvas
D/MicloudPushService( 2166): push service action : com.xiaomi.push.service_started
I/Surface (  599): Surface_lockCanvas
I/Surface (  599): Surface_lockCanvas
I/Surface (  599): Surface_lockCanvas
D/MxActivateService( 1439): receive action:com.xiaomi.mms.action.ACTIVATE_MX
I/MxActivateService( 1439): mi message is enabled
I/Surface (  599): Surface_lockCanvas
I/Surface (  599): Surface_lockCanvas
I/SMACK   (  718): 10:10:26 enter touch time
I/Surface (  599): Surface_lockCanvas
D/CloudManager( 1439): onServiceConnected, component:ComponentInfo{com.xiaomi.xmsf/com.xiaomi.xmsf.account.ActivateService}
D/STATUSBAR-NotificationService(  290): cancelNotification - pkg:XXX.XXXXXXX.XXX, id:124
D/CloudManager( 1439): service unbinded
I/Surface (  599): Surface_lockCanvas
I/MxActivateService( 1439): no need to re-open channel, current status: CONNECTING
I/Surface (  599): Surface_lockCanvas
D/FactoryTestApp( 1984): [Class] FactoryTestBroadcastReceiver , [Method] onReceive , [Message] onReceive action=android.intent.action.PACKAGE_CHANGED
I/FactoryTestApp( 1984): [Class] XMLDataStorage , [Method] parsingXML , [Message] FtClient => XML data parsing was completed.
D/FactoryTestApp( 1984): [Class] FactoryTestBroadcastReceiver , [Method] onReceive , [Message] PACKAGE_CHANGED => XML data parsing was failed.
I/Surface (  599): Surface_lockCanvas
I/Surface (  599): Surface_lockCanvas
D/dalvikvm( 1811): Added shared lib /data/data/com.baidu.netdisk/lib/libjni-pinyin.so 0x41884ea0
D/dalvikvm( 1811): No JNI_OnLoad found in /data/data/com.baidu.netdisk/lib/libjni-pinyin.so 0x41884ea0, skipping init
I/ActivityManager(  290): Start proc app.processName for broadcast hostingNameStr: pid=2182 uid=10036 gids={1015, 1023}
I/Surface (  599): Surface_lockCanvas
I/Surface (  599): Surface_lockCanvas
D/dalvikvm(  805): GC_CONCURRENT freed 49K, 5% free 14505K/15175K, paused 2ms+2ms
I/Surface (  599): Surface_lockCanvas
I/Surface (  599): Surface_lockCanvas
I/Surface (  599): Surface_lockCanvas
I/ActivityManager(  290): Start proc app.processName for content provider hostingNameStr: pid=2193 uid=10040 gids={3003, 1015, 1023}
I/Surface (  599): Surface_lockCanvas
I/Surface (  599): Surface_lockCanvas
I/Surface (  599): Surface_lockCanvas
I/Surface (  599): Surface_lockCanvas
I/Surface (  599): Surface_lockCanvas
I/Surface (  599): Surface_lockCanvas
W/AlarmManager(  290): FACTORY_ON= 0
I/Surface (  599): Surface_lockCanvas
I/Surface (  599): Surface_lockCanvas
I/Surface (  599): Surface_lockCanvas
I/Surface (  599): Surface_lockCanvas
I/Surface (  599): Surface_lockCanvas
I/Surface (  599): Surface_lockCanvas
I/Surface (  599): Surface_lockCanvas
I/Surface (  599): Surface_lockCanvas
I/Surface (  599): Surface_lockCanvas
I/Surface (  599): Surface_lockCanvas
I/Surface (  599): Surface_lockCanvas
I/Surface (  599): Surface_lockCanvas
D/StatusChecker( 1470): onReceive : android.intent.action.SERVICE_STATE
D/StatusChecker( 1470): Service state changed : 0
I/Surface (  599): Surface_lockCanvas
I/Surface (  599): Surface_lockCanvas
I/Surface (  599): Surface_lockCanvas
D/MxPushMessageReceiver( 1439): receive broadcast, action:com.xiaomi.push.channel_opened
D/MxPushMessageReceiver( 1439): push channel opened successfully
I/Surface (  599): Surface_lockCanvas
I/Surface (  599): Surface_lockCanvas
I/Surface (  599): Surface_lockCanvas
I/Surface (  599): Surface_lockCanvas
D/MxTaskService( 1439): receive action:com.xiaomi.mms.mx.ACTION_QUERY_PENDING_PRESENCE
I/ActivityThread( 2193): Pub com.miui.gallery.cloud.provider: com.miui.gallery.provider.GalleryCloudProvider
I/Surface (  599): Surface_lockCanvas
I/Surface (  599): Surface_lockCanvas
I/ActivityManager(  290): Start proc app.processName for broadcast hostingNameStr: pid=2210 uid=10057 gids={3003}
I/Surface (  599): Surface_lockCanvas
I/MxResendService( 1439): dropped msg resent, count:0
I/Surface (  599): Surface_lockCanvas
I/Surface (  599): Surface_lockCanvas
I/MxResendService( 1439): resend dropped mms, count: 0
I/Surface (  599): Surface_lockCanvas
I/ActivityThread( 2193): Pub com.miui.gallery.provider: com.miui.gallery.provider.GalleryProvider
I/Surface (  599): Surface_lockCanvas
I/Surface (  599): Surface_lockCanvas
I/Surface (  599): Surface_lockCanvas
I/Surface (  599): Surface_lockCanvas
D/dalvikvm(   93): GC_EXPLICIT freed 36K, 7% free 11617K/12419K, paused 3ms+3ms
I/Surface (  599): Surface_lockCanvas
I/Surface (  599): Surface_lockCanvas
I/ActivityManager(  290): No longer want app.processName (pid 1531): hidden #16
I/Surface (  599): Surface_lockCanvas
I/Surface (  599): Surface_lockCanvas
D/GalleryAppImpl( 2193): test GalleryAppImpl.onCreate() start
D/        ( 2193): file: /data/sdcard
I/Surface (  599): Surface_lockCanvas
I/Surface (  599): Surface_lockCanvas
D/MicloudPushService( 2166): micloudPushType=MicloudPushType {packageName=com.miui.cloudservice, contentAuthority=com.miui.cloudservice, pushType=cmd, pushName=micloud.find.cmd, watermarkType=p, watermark=0}
D/MicloudPushService( 2166): micloudPushType=MicloudPushType {packageName=com.miui.cloudservice, contentAuthority=com.miui.cloudservice, pushType=watermark, pushName=micloud.contact.sync, watermarkType=p, watermark=4029788576}
D/MicloudPushService( 2166): micloudPushType=MicloudPushType {packageName=com.miui.cloudservice, contentAuthority=com.miui.cloudservice, pushType=watermark, pushName=micloud.sms.sync, watermarkType=p, watermark=0}
D/MicloudPushService( 2166): micloudPushType=MicloudPushType {packageName=com.miui.cloudservice, contentAuthority=com.miui.cloudservice, pushType=watermark, pushName=micloud.gallery.sync, watermarkType=p, watermark=1764109739688640}
D/MicloudPushService( 2166): micloudPushType=MicloudPushType {packageName=com.miui.cloudservice, contentAuthority=com.miui.cloudservice, pushType=watermark, pushName=micloud.wifi.sync, watermarkType=p, watermark=-2122076732}
D/MicloudPushService( 2166): micloudPushType=MicloudPushType {packageName=com.android.thememanager, contentAuthority=com.android.thememanager, pushType=cmd, pushName=micloud.theme.cmd, watermarkType=p, watermark=0}
I/Surface (  599): Surface_lockCanvas
I/Surface (  599): Surface_lockCanvas
D/GalleryAppImpl( 2193): test GalleryAppImpl.onCreate(): AlbumUtils.addDefaultAlbums
I/Surface (  599): Surface_lockCanvas
I/Surface (  599): Surface_lockCanvas
D/ConnectivityService(  290): handleInetConditionHoldEnd: net=1, condition=100, published condition=0
W/SignalStrength(  599): getGsmAsuLevel=10
W/SignalStrength(  599): getCdmaAsuLevel=16
W/SignalStrength(  599): getGsmLevel=3
W/SignalStrength(  599): getLevel=3 (SignalStrength: 10 -1 -1 -1 -1 -1 -1 -1 -1 -1 -1 -1 gsm|lte 3)
I/Surface (  599): Surface_lockCanvas
D/MicloudPushService( 2166): current capability={mic.wsms,theme.payment}
D/MicloudPushService( 2166): previous capability={mic.wsms,theme.payment}
D/StatusBar.NetworkController(  599): updateTelephonySignalStrength: mSignalStrength == 10(GSM) 16(CDMA)
I/Surface (  599): Surface_lockCanvas
I/Surface (  599): Surface_lockCanvas
I/Surface (  599): Surface_lockCanvas
I/Surface (  599): Surface_lockCanvas
I/ActivityManager(  290): No longer want app.processName (pid 1602): hidden #16
I/Surface (  599): Surface_lockCanvas
I/Surface (  599): Surface_lockCanvas
I/Surface (  599): Surface_lockCanvas
I/Surface (  599): Surface_lockCanvas
D/dalvikvm(   93): GC_EXPLICIT freed <1K, 7% free 11617K/12419K, paused 2ms+26ms
I/Surface (  599): Surface_lockCanvas
I/SMACK   (  718): 10:10:27 enter touch time
D/dalvikvm( 2193): GC_CONCURRENT freed 723K, 10% free 11909K/13191K, paused 3ms+2ms
I/Surface (  599): Surface_lockCanvas
I/Surface (  599): Surface_lockCanvas
I/Surface (  599): Surface_lockCanvas
I/Surface (  599): Surface_lockCanvas
I/Surface (  599): Surface_lockCanvas
I/Surface (  599): Surface_lockCanvas
D/GalleryAppImpl( 2193): test GalleryAppImpl.onCreate(): AlbumUtils.addDefaultAlbums end
I/Surface (  599): Surface_lockCanvas
D/dalvikvm(   93): GC_EXPLICIT freed <1K, 7% free 11617K/12419K, paused 3ms+17ms
I/Surface (  599): Surface_lockCanvas
I/ActivityThread( 2210): Pub com.android.quicksearchbox.google: com.android.quicksearchbox.google.GoogleSuggestionProvider
I/Surface (  599): Surface_lockCanvas
D/dalvikvm( 2193): GC_CONCURRENT freed 491K, 10% free 11929K/13191K, paused 3ms+21ms
I/Surface (  599): Surface_lockCanvas
I/Surface (  599): Surface_lockCanvas
I/Surface (  599): Surface_lockCanvas
I/ActivityThread( 2210): Pub com.android.quicksearchbox.shortcuts: com.android.quicksearchbox.ShortcutsProvider
D/GalleryAppImpl( 2193): test GalleryAppImpl.onCreate() end
I/ActivityManager(  290): No longer want app.processName (pid 1720): hidden #16
I/Surface (  599): Surface_lockCanvas
I/Surface (  599): Surface_lockCanvas
I/Surface (  599): Surface_lockCanvas
I/Surface (  599): Surface_lockCanvas
I/Surface (  599): Surface_lockCanvas
I/Surface (  599): Surface_lockCanvas
I/FUSIONSOFT( 1906): DeviceSecurityReceiver - onReceive
I/FUSIONSOFT( 1906): android.intent.action.OMADM_LAWMO_IS_LOCK_RESULT
I/Surface (  599): Surface_lockCanvas
I/Surface (  599): Surface_lockCanvas
I/FUSIONSOFT( 1906): DeviceSecurityReceiver - onReceive
I/FUSIONSOFT( 1906): android.intent.action.OMADM_LAWMO_IS_LOCK_RESULT
I/Surface (  599): Surface_lockCanvas
I/Surface (  599): Surface_lockCanvas
I/Surface (  599): Surface_lockCanvas
I/Surface (  599): Surface_lockCanvas
I/Surface (  599): Surface_lockCanvas
I/Surface (  599): Surface_lockCanvas
I/Surface (  599): Surface_lockCanvas
I/Surface (  599): Surface_lockCanvas
I/Surface (  599): Surface_lockCanvas
I/Surface (  599): Surface_lockCanvas
D/dalvikvm(  290): GC_EXPLICIT freed 607K, 68% free 10909K/33223K, paused 7ms+10ms
I/Surface (  599): Surface_lockCanvas
E/MTPRx   (  865): In MtpReceiverandroid.hardware.usb.action.USB_STATE
E/MTPRx   (  865):  value of dev_boot_completed is1
E/MTPRx   (  865):  booting is completed
E/MTPRx   (  865):  check value of boot_completed is1
E/MTPRx   (  865):  check booting is completed
I/Surface (  599): Surface_lockCanvas
E/MTPRx   (  865): Sd-Card path/mnt/extSdCard
E/MTPRx   (  865): Status for mount/Unmount :mounted
E/MTPRx   (  865): SDcard is  available
E/MTPRx   (  865): The value of first_boot is  1
E/MTPRx   (  865): [ 662] The value of first_boot is  1NORMAL SEQUENCE 
W/MTPRx   (  865): value of connected istrue
W/MTPRx   (  865): value of mtpEnabled istrue
W/MTPRx   (  865): value of ptpEnabled isfalse
E/MTPRx   (  865): Received USB_STATE with sdCardLaunch = 0
E/MTPRx   (  865): mtpEnabled is coming again so return
I/Surface (  599): Surface_lockCanvas
I/Surface (  599): Surface_lockCanvas
I/ActivityManager(  290): Start proc app.processName for service hostingNameStr: pid=2229 uid=10073 gids={3003, 1015, 1023, 1006}
I/Surface (  599): Surface_lockCanvas
I/Surface (  599): Surface_lockCanvas
I/Surface (  599): Surface_lockCanvas
I/Surface (  599): Surface_lockCanvas
I/ActivityManager(  290): Start proc app.processName for broadcast hostingNameStr: pid=2241 uid=10072 gids={3003, 1006, 1007, 3002, 3001, 1015, 1023}
D/Launcher.Model(  746): Got action android.intent.action.PACKAGE_CHANGED
D/AccountTypeManager(  838): Registering external account type=com.tencent.mobileqq.account, packageName=com.tencent.mobileqq
D/AccountTypeManager(  934): Registering external account type=com.tencent.mobileqq.account, packageName=com.tencent.mobileqq
I/Surface (  599): Surface_lockCanvas
I/Surface (  599): Surface_lockCanvas
I/Surface (  599): Surface_lockCanvas
I/Surface (  599): Surface_lockCanvas
I/Surface (  599): Surface_lockCanvas
W/ResourceType(  934): getEntry failing because entryIndex 1984 is beyond type entryCount 262
W/ResourceType(  934): Failure getting entry for 0x7f0207c0 (t=1 e=1984) in package 0 (error -2147483647)
W/ResourceType(  934): getEntry failing because entryIndex 1983 is beyond type entryCount 262
W/ResourceType(  934): Failure getting entry for 0x7f0207bf (t=1 e=1983) in package 0 (error -2147483647)
I/Surface (  599): Surface_lockCanvas
D/LauncherSettings(  746): Updating home screen for package com.android.stk
D/ScreenUtils(  746): Updating home screen for package com.android.stk with [17]
D/ScreenUtils(  746): Updating home screen item 17
D/AccountTypeManager(  934): Registering 1 extension packages
I/Surface (  599): Surface_lockCanvas
W/ResourceType(  838): getEntry failing because entryIndex 1984 is beyond type entryCount 262
W/ResourceType(  838): Failure getting entry for 0x7f0207c0 (t=1 e=1984) in package 0 (error -2147483647)
W/ResourceType(  838): getEntry failing because entryIndex 1983 is beyond type entryCount 262
W/ResourceType(  838): Failure getting entry for 0x7f0207bf (t=1 e=1983) in package 0 (error -2147483647)
I/Surface (  599): Surface_lockCanvas
I/Surface (  599): Surface_lockCanvas
I/AccountTypeManager(  934): Loaded meta-data for 5 account types, 2 accounts in 160ms(wall) 12ms(cpu)
I/dalvikvm( 2241): Turning on JNI app bug workarounds for target SDK version 7...
I/Surface (  599): Surface_lockCanvas
I/Surface (  599): Surface_lockCanvas
D/AccountTypeManager(  838): Registering 1 extension packages
I/Surface (  599): Surface_lockCanvas
D/PackageManager(  290): generateServicesMap(XXXXXXX.XXXXXXXX.XXXXXXXXXXXXXXXXXXXX): 6 services unchanged
I/Surface (  599): Surface_lockCanvas
I/AccountTypeManager(  838): Loaded meta-data for 5 account types, 2 accounts in 222ms(wall) 20ms(cpu)
I/Surface (  599): Surface_lockCanvas
I/Surface (  599): Surface_lockCanvas
I/Surface (  599): Surface_lockCanvas
D/AllAppsList(  746): Loaded application 动感地带SIM卡 at (0, 0) of screen 0 under container 1
I/Surface (  599): Surface_lockCanvas
I/Surface (  599): Surface_lockCanvas
I/Surface (  599): Surface_lockCanvas
I/Surface (  599): Surface_lockCanvas
I/Surface (  599): Surface_lockCanvas
I/Surface (  599): Surface_lockCanvas
I/Surface (  599): Surface_lockCanvas
I/Surface (  599): Surface_lockCanvas
D/PackageManager(  290): generateServicesMap(XXXXXXX.XXXXXXX.XXXXXXXXXXX): 13 services unchanged
I/Surface (  599): Surface_lockCanvas
I/Surface (  599): Surface_lockCanvas
I/Surface (  599): Surface_lockCanvas
I/Surface (  599): Surface_lockCanvas
I/Surface (  599): Surface_lockCanvas
I/Surface (  599): Surface_lockCanvas
I/Surface (  599): Surface_lockCanvas
I/Surface (  599): Surface_lockCanvas
I/Surface (  599): Surface_lockCanvas
I/Surface (  599): Surface_lockCanvas
I/Surface (  599): Surface_lockCanvas
I/Surface (  599): Surface_lockCanvas
I/Surface (  599): Surface_lockCanvas
I/Surface (  599): Surface_lockCanvas
I/Surface (  599): Surface_lockCanvas
I/Surface (  599): Surface_lockCanvas
I/Surface (  599): Surface_lockCanvas
I/Surface (  599): Surface_lockCanvas
I/Surface (  599): Surface_lockCanvas
I/Surface (  599): Surface_lockCanvas
I/Surface (  599): Surface_lockCanvas
I/Surface (  599): Surface_lockCanvas
I/Surface (  599): Surface_lockCanvas
I/Surface (  599): Surface_lockCanvas
I/Surface (  599): Surface_lockCanvas
I/Surface (  599): Surface_lockCanvas
I/Surface (  599): Surface_lockCanvas
D/dalvikvm( 1666): GC_CONCURRENT freed 504K, 11% free 12840K/14407K, paused 2ms+3ms
I/Surface (  599): Surface_lockCanvas
I/Surface (  599): Surface_lockCanvas
I/Surface (  599): Surface_lockCanvas
I/Surface (  599): Surface_lockCanvas
I/Surface (  599): Surface_lockCanvas
I/Surface (  599): Surface_lockCanvas
I/Surface (  599): Surface_lockCanvas
I/Surface (  599): Surface_lockCanvas
I/Surface (  599): Surface_lockCanvas
I/Surface (  599): Surface_lockCanvas
I/Surface (  599): Surface_lockCanvas
I/Surface (  599): Surface_lockCanvas
I/Surface (  599): Surface_lockCanvas
I/Surface (  599): Surface_lockCanvas
I/Surface (  599): Surface_lockCanvas
I/Surface (  599): Surface_lockCanvas
I/Surface (  599): Surface_lockCanvas
I/Surface (  599): Surface_lockCanvas
I/Surface (  599): Surface_lockCanvas
I/Surface (  599): Surface_lockCanvas
I/Surface (  599): Surface_lockCanvas
I/Surface (  599): Surface_lockCanvas
I/Surface (  599): Surface_lockCanvas
I/Surface (  599): Surface_lockCanvas
I/Surface (  599): Surface_lockCanvas
I/Surface (  599): Surface_lockCanvas
I/Surface (  599): Surface_lockCanvas
D/dalvikvm( 2241): GC_CONCURRENT freed 405K, 8% free 12230K/13191K, paused 2ms+2ms
I/Surface (  599): Surface_lockCanvas
I/Surface (  599): Surface_lockCanvas
I/Surface (  599): Surface_lockCanvas
I/Surface (  599): Surface_lockCanvas
D/dalvikvm( 1666): GC_CONCURRENT freed 497K, 11% free 12840K/14407K, paused 2ms+3ms
I/Surface (  599): Surface_lockCanvas
I/Surface (  599): Surface_lockCanvas
D/dalvikvm( 2229): GC_CONCURRENT freed 501K, 9% free 12132K/13191K, paused 15ms+3ms
I/Surface (  599): Surface_lockCanvas
I/Surface (  599): Surface_lockCanvas
I/Surface (  599): Surface_lockCanvas
I/Surface (  599): Surface_lockCanvas
I/Surface (  599): Surface_lockCanvas
I/Surface (  599): Surface_lockCanvas
I/Surface (  599): Surface_lockCanvas
I/System.out( 2229): DefaultRequestDirector http execute enter loop 
I/Surface (  599): Surface_lockCanvas
I/System.out( 2229): DefaultRequestDirect http execute return 3exception!null
I/Surface (  599): Surface_lockCanvas
I/Surface (  599): Surface_lockCanvas
I/Surface (  599): Surface_lockCanvas
I/Surface (  599): Surface_lockCanvas
I/Surface (  599): Surface_lockCanvas
I/Surface (  599): Surface_lockCanvas
