D/STATUSBAR-NotificationService(  290): cancelNotification - pkg:XXX.XXXXXXX.XXXXX, id:7
D/STATUSBAR-NotificationService(  290): cancelNotification - pkg:XXX.XXXXXXX.XXXXX, id:7
D/STATUSBAR-NotificationService(  290): cancelNotification - pkg:XXX.XXXXXXX.XXXXX, id:7
D/STATUSBAR-NotificationService(  290): cancelNotification - pkg:XXX.XXXXXXX.XXXXX, id:7
D/STATUSBAR-NotificationService(  290): cancelNotification - pkg:XXX.XXXXXXX.XXXXX, id:7
D/STATUSBAR-NotificationService(  290): cancelNotification - pkg:XXX.XXXXXXX.XXXXX, id:7
D/STATUSBAR-NotificationService(  290): cancelNotification - pkg:XXX.XXXXXXX.XXXXX, id:7
D/STATUSBAR-NotificationService(  290): cancelNotification - pkg:XXX.XXXXXXX.XXXXX, id:7
D/STATUSBAR-NotificationService(  290): cancelNotification - pkg:XXX.XXXXXXX.XXXXX, id:7
D/STATUSBAR-NotificationService(  290): cancelNotification - pkg:XXX.XXXXXXX.XXXXX, id:7
W/AlarmManager(  290): FACTORY_ON= 0
V/AlarmManager(  290): waitForAlarm result :4
V/AlarmManager(  290): trigger WAKEUP Alarm{4206a810 type 2 XXX.XXXXXX.XXXX}
D/StatusBar.NetworkController(  599): updateTelephonySignalStrength: mSignalStrength == 13(GSM) 16(CDMA)
V/AlarmManager(  290): waitForAlarm result :8
D/STATUSBAR-NotificationService(  290): cancelNotification - pkg:XXX.XXXXXXX.XXXXX, id:7
D/STATUSBAR-NotificationService(  290): cancelNotification - pkg:XXX.XXXXXXX.XXXXX, id:7
D/STATUSBAR-NotificationService(  290): cancelNotification - pkg:XXX.XXXXXXX.XXXXX, id:7
D/STATUSBAR-NotificationService(  290): cancelNotification - pkg:XXX.XXXXXXX.XXXXX, id:7
D/STATUSBAR-NotificationService(  290): cancelNotification - pkg:XXX.XXXXXXX.XXXXX, id:7
D/STATUSBAR-NotificationService(  290): cancelNotification - pkg:XXX.XXXXXXX.XXXXX, id:7
D/STATUSBAR-NotificationService(  290): cancelNotification - pkg:XXX.XXXXXXX.XXXXX, id:7
D/STATUSBAR-NotificationService(  290): cancelNotification - pkg:XXX.XXXXXXX.XXXXX, id:7
D/STATUSBAR-NotificationService(  290): cancelNotification - pkg:XXX.XXXXXXX.XXXXX, id:7
D/STATUSBAR-NotificationService(  290): cancelNotification - pkg:XXX.XXXXXXX.XXXXX, id:7
D/STATUSBAR-NotificationService(  290): cancelNotification - pkg:XXX.XXXXXXX.XXXXX, id:7
D/STATUSBAR-NotificationService(  290): cancelNotification - pkg:XXX.XXXXXXX.XXXXX, id:7
D/STATUSBAR-NotificationService(  290): cancelNotification - pkg:XXX.XXXXXXX.XXXXX, id:7
D/STATUSBAR-NotificationService(  290): cancelNotification - pkg:XXX.XXXXXXX.XXXXX, id:7
D/STATUSBAR-NotificationService(  290): cancelNotification - pkg:XXX.XXXXXXX.XXXXX, id:7
D/STATUSBAR-NotificationService(  290): cancelNotification - pkg:XXX.XXXXXXX.XXXXX, id:7
D/STATUSBAR-NotificationService(  290): cancelNotification - pkg:XXX.XXXXXXX.XXXXX, id:7
D/STATUSBAR-NotificationService(  290): cancelNotification - pkg:XXX.XXXXXXX.XXXXX, id:7
D/STATUSBAR-NotificationService(  290): cancelNotification - pkg:XXX.XXXXXXX.XXXXX, id:7
D/STATUSBAR-NotificationService(  290): cancelNotification - pkg:XXX.XXXXXXX.XXXXX, id:7
D/StatusBar.NetworkController(  599): updateTelephonySignalStrength: mSignalStrength == 12(GSM) 16(CDMA)
I/ActivityManager(  290): Start proc app.processName for content provider hostingNameStr: pid=1811 uid=10073 gids={3003, 1015, 1023, 1006}
D/ActivityThread( 1811): Loading provider com.baidu.netdisk.account: com.baidu.netdisk.account.AccountProvider
D/StatusBar.NetworkController(  599): updateTelephonySignalStrength: mSignalStrength == 12(GSM) 16(CDMA)
W/AlarmManager(  290): FACTORY_ON= 0
D/STATUSBAR-NotificationService(  290): cancelNotification - pkg:XXX.XXXXX.XXXXXXX, id:1000
D/STATUSBAR-NotificationService(  290): cancelNotification - pkg:XXX.XXXXX.XXXXXXX, id:1001
D/STATUSBAR-NotificationService(  290): cancelNotification - pkg:XXX.XXXXX.XXXXXXX, id:1004
D/STATUSBAR-NotificationService(  290): cancelNotification - pkg:XXX.XXXXX.XXXXXXX, id:1005
D/STATUSBAR-NotificationService(  290): cancelNotification - pkg:XXX.XXXXX.XXXXXXX, id:1003
D/STATUSBAR-NotificationService(  290): cancelNotification - pkg:XXX.XXXXX.XXXXXXX, id:2000
D/STATUSBAR-NotificationService(  290): cancelNotification - pkg:XXX.XXXXX.XXXXXXX, id:2001
D/STATUSBAR-NotificationService(  290): cancelNotification - pkg:XXX.XXXXX.XXXXXXX, id:2002
D/STATUSBAR-NotificationService(  290): cancelNotification - pkg:XXX.XXXXX.XXXXXXX, id:2003
D/STATUSBAR-NotificationService(  290): cancelNotification - pkg:XXX.XXXXX.XXXXXXX, id:2004
D/STATUSBAR-NotificationService(  290): cancelNotification - pkg:XXX.XXXXX.XXXXXXX, id:2005
D/STATUSBAR-NotificationService(  290): cancelNotification - pkg:XXX.XXXXX.XXXXXXX, id:3001
D/STATUSBAR-NotificationService(  290): cancelNotification - pkg:XXX.XXXXX.XXXXXXX, id:1007
D/STATUSBAR-NotificationService(  290): cancelNotification - pkg:XXX.XXXXX.XXXXXXX, id:5000
D/STATUSBAR-NotificationService(  290): cancelNotification - pkg:XXX.XXXXX.XXXXXXX, id:7001
D/STATUSBAR-NotificationService(  290): cancelNotification - pkg:XXX.XXXXX.XXXXXXX, id:8000
I/ActivityManager(  290): No longer want app.processName (pid 1252): hidden #16
D/STATUSBAR-NotificationService(  290): enqueueNotificationInternal - pkg:XXX.XXXXXXX.XXXXXXXX, id:9527
E/NotificationService(  290): Ignoring notification with icon==0: Notification(contentView=null vibrate=null,sound=null,defaults=0x0,flags=0x62)
D/STATUSBAR-NotificationService(  290): Noti Alert - mSystemReady:true, AlertEnabled:true
W/ThrottleService(  290): unable to find stats for iface rmnet0
W/AlarmManager(  290): FACTORY_ON= 0
W/AlarmManager(  290): FACTORY_ON= 0
W/AlarmManager(  290): FACTORY_ON= 0
W/AlarmManager(  290): FACTORY_ON= 0
D/PowerManagerService(  290): setScreenOffTimeouts mKeylightDelay=1500 mDimDelay=51500 mScreenOffDelay=7000 mDimScreen=true
D/PowerManagerService(  290): setScreenOffTimeouts mKeylightDelay=1500 mDimDelay=51500 mScreenOffDelay=7000 mDimScreen=true
I/ActivityManager(  290): Start proc app.processName for broadcast hostingNameStr: pid=1906 uid=10024 gids={1015, 1023}
D/STATUSBAR-NotificationService(  290): enqueueNotificationInternal - pkg:XXX.XXXXXXX.XXXXXXXXXXXXXX, id:11112
E/NotificationService(  290): Ignoring notification with icon==0: Notification(contentView=null vibrate=null,sound=null,defaults=0x0,flags=0x62)
D/STATUSBAR-NotificationService(  290): Noti Alert - mSystemReady:true, AlertEnabled:true
D/STATUSBAR-NotificationService(  290): enqueueNotificationInternal - pkg:XXX.XXXXXXX.XXXXXXXXXXXXXX, id:11112
E/NotificationService(  290): Ignoring notification with icon==0: Notification(contentView=null vibrate=null,sound=null,defaults=0x0,flags=0x62)
D/STATUSBAR-NotificationService(  290): Noti Alert - mSystemReady:true, AlertEnabled:true
D/STATUSBAR-NotificationService(  290): cancelAllNotifications()
E/WifiP2pStateTracker(  290): getNetworkInfo : NetworkInfo: type: wifi_p2p[], state: UNKNOWN/IDLE, reason: (unspecified), extra: (none), roaming: false, failover: false, isAvailable: false
E/WifiP2pStateTracker(  290): getNetworkInfo : NetworkInfo: type: wifi_p2p[], state: UNKNOWN/IDLE, reason: (unspecified), extra: (none), roaming: false, failover: false, isAvailable: false
I/ActivityManager(  290): Start proc app.processName for broadcast hostingNameStr: pid=1923 uid=10045 gids={3003, 1015, 1023}
D/UsbDeviceManager(  290): USB UEVENT: {USB_STATE=DISCONNECTED, SUBSYSTEM=android_usb, DEVPATH=/devices/virtual/android_usb/android0, SEQNUM=1256, ACTION=change}
I/ActivityManager(  290): No longer want app.processName (pid 1228): hidden #16
D/STATUSBAR-NotificationService(  290): cancelNotification - pkg:XXX.XXXXXXX.XXXXXXXXX.XXXXXXXXX, id:1799462192
D/STATUSBAR-NotificationService(  290): cancelNotification - pkg:XXX.XXXXXXX.XXXXXXXXX.XXXXXXXXX, id:-612834190
E/WifiP2pStateTracker(  290): getNetworkInfo : NetworkInfo: type: wifi_p2p[], state: UNKNOWN/IDLE, reason: (unspecified), extra: (none), roaming: false, failover: false, isAvailable: false
E/WifiP2pStateTracker(  290): getNetworkInfo : NetworkInfo: type: wifi_p2p[], state: UNKNOWN/IDLE, reason: (unspecified), extra: (none), roaming: false, failover: false, isAvailable: false
D/STATUSBAR-NotificationService(  290): cancelNotification - pkg:XXX.XXXXXXX.XXXXXXXXX.XXXXXXXXX, id:1799462192
D/STATUSBAR-NotificationService(  290): cancelNotification - pkg:XXX.XXXXXXX.XXXXXXXXX.XXXXXXXXX, id:-612834190
D/UsbDeviceManager(  290): USB UEVENT: {USB_STATE=CONNECTED, SUBSYSTEM=android_usb, DEVPATH=/devices/virtual/android_usb/android0, SEQNUM=1257, ACTION=change}
D/UsbDeviceManager(  290): handleMessage -> MSG_UPDATE_STATE connected = 1,configured = 0
D/UsbDeviceManager(  290): updateUsbNotification : mConnected = true, mConfigured = false, mCurrentFunctions = mtp,adb
D/UsbDeviceManager(  290): updateAdbNotification : mAdbEnabled = true, mConnected = true, mAdbNotificationShown = false
D/UsbDeviceManager(  290): don't notify adb
D/UsbDeviceManager(  290): sending intent : ACTION_USB_STATE : connected = true, configured = false, functions = mtp,adb
D/UsbDeviceManager(  290): USB UEVENT: {USB_STATE=CONFIGURED, SUBSYSTEM=android_usb, DEVPATH=/devices/virtual/android_usb/android0, SEQNUM=1258, ACTION=change}
D/UsbDeviceManager(  290): handleMessage -> MSG_UPDATE_STATE connected = 1,configured = 1
D/UsbDeviceManager(  290): updateUsbNotification : mConnected = true, mConfigured = true, mCurrentFunctions = mtp,adb
D/UsbDeviceManager(  290): updateAdbNotification : mAdbEnabled = true, mConnected = true, mAdbNotificationShown = false
D/UsbDeviceManager(  290): don't notify adb
D/UsbDeviceManager(  290): sending intent : ACTION_USB_STATE : connected = true, configured = true, functions = mtp,adb
V/AlarmManager(  290): waitForAlarm result :2
I/ActivityManager(  290): Start proc app.processName for broadcast hostingNameStr: pid=1949 uid=10013 gids={3003}
I/ActivityManager(  290): Start proc app.processName for content provider hostingNameStr: pid=1964 uid=10014 gids={3003, 1015, 1023}
I/ActivityManager(  290): No longer want app.processName (pid 1386): hidden #16
W/AlarmManager(  290): FACTORY_ON= 0
--------- beginning of /dev/log/main
E/SMD     (   87): Message:D
E/SMD     (   87): Sending data to SMD: Len = [1]
E/SMD     (   87):  buffer = [D]
E/SMD     (   87): Wrote 1 chars to SMD PORT fd=11 ch = 44
E/DataRouter(   85): Before the usb select 
E/DataRouter(   85): After the usb select 
E/DataRouter(   85): read usb data[len:1]
E/DataRouter(   85): read usb data message:C
E/SMD     (   87): ***Received data notification[DR->SMD]***
E/SMD     (   87): Message:C
E/SMD     (   87): Sending data to SMD: Len = [1]
E/SMD     (   87):  buffer = [C]
E/SMD     (   87): Wrote 1 chars to SMD PORT fd=11 ch = 43
E/DataRouter(   85): Before the usb select 
E/DataRouter(   85): After the usb select 
E/DataRouter(   85): read usb data[len:1]
E/DataRouter(   85): read usb data message:O
E/SMD     (   87): ***Received data notification[DR->SMD]***
E/SMD     (   87): Message:O
E/SMD     (   87): Sending data to SMD: Len = [1]
E/SMD     (   87):  buffer = [O]
E/SMD     (   87): Wrote 1 chars to SMD PORT fd=11 ch = 4f
E/DataRouter(   85): Before the usb select 
E/DataRouter(   85): After the usb select 
E/DataRouter(   85): read usb data[len:1]
E/DataRouter(   85): read usb data message:N
E/SMD     (   87): ***Received data notification[DR->SMD]***
E/SMD     (   87): Message:N
E/SMD     (   87): Sending data to SMD: Len = [1]
E/SMD     (   87):  buffer = [N]
E/SMD     (   87): Wrote 1 chars to SMD PORT fd=11 ch = 4e
E/DataRouter(   85): Before the usb select 
E/DataRouter(   85): After the usb select 
E/DataRouter(   85): read usb data[len:1]
E/DataRouter(   85): read usb data message:T
E/SMD     (   87): ***Received data notification[DR->SMD]***
E/SMD     (   87): Message:T
E/SMD     (   87): Sending data to SMD: Len = [1]
E/SMD     (   87):  buffer = [T]
E/SMD     (   87): Wrote 1 chars to SMD PORT fd=11 ch = 54
E/DataRouter(   85): Before the usb select 
E/DataRouter(   85): After the usb select 
E/DataRouter(   85): read usb data[len:1]
E/DataRouter(   85): read usb data message:=
E/SMD     (   87): ***Received data notification[DR->SMD]***
E/SMD     (   87): Message:=
E/SMD     (   87): Sending data to SMD: Len = [1]
E/SMD     (   87):  buffer = [=]
E/SMD     (   87): Wrote 1 chars to SMD PORT fd=11 ch = 3d
E/DataRouter(   85): Before the usb select 
E/DataRouter(   85): After the usb select 
E/DataRouter(   85): read usb data[len:1]
E/DataRouter(   85): read usb data message:?
E/SMD     (   87): ***Received data notification[DR->SMD]***
E/SMD     (   87): Message:?
E/SMD     (   87): Sending data to SMD: Len = [1]
E/SMD     (   87):  buffer = [?]
E/SMD     (   87): Wrote 1 chars to SMD PORT fd=11 ch = 3f
E/DataRouter(   85): Before the usb select 
I/Surface (  599): Surface_lockCanvas
E/DataRouter(   85): After the usb select 
E/DataRouter(   85): read usb data[len:1]
E/DataRouter(   85): read usb data message:
E/SMD     (   87): ***Received data notification[DR->SMD]***
E/SMD     (   87): Message:
E/SMD     (   87): Sending data to SMD: Len = [1]
E/SMD     (   87):  buffer = []
D/SPRDENG (  144): eng_server2modem: use SIM1 /dev/CHNPTY13
D/SPRDENG (  144): AT > AT+CGDCONT=?
D/PHONESERVER(  140): Send thread's TID [275] CHNMNG:findNextEOL:
D/PHONESERVER(  140): Send thread's TID [275] CHNMNG:end findNextEOL:
D/PHONESERVER(  140): Send thread's TID [275] CHNMNG:findNextEOL:
D/PHONESERVER(  140): Send thread's TID [275] CHNMNG:end findNextEOL:
D/PHONESERVER(  140): Send thread's TID [275] PS_PTY : /dev/CHNPTY13 Received 13 bytes command[AT+CGDCONT=?]
D/PHONESERVER(  140): Send thread TID [275] CHNMNG enter channel_manager_get_cmux 
D/PHONESERVER(  140): Before add wait array pty=0x37964
D/PHONESERVER(  140): Before add wait array
D/PHONESERVER(  140): 
D/PHONESERVER(  140): After add wait array
D/PHONESERVER(  140): [0]:275 
D/PHONESERVER(  140): 
D/PHONESERVER(  140): TYPE:PSM
D/PHONESERVER(  140): Send thread TID [275] CHNMNG Leave channel_manager_get_cmux:/dev/ts0710mux7 
D/PHONESERVER(  140): PS_CMUX cmux_regist_cmd_callback cmux:/dev/ts0710mux7
D/PHONESERVER(  140): PS_CMUX :/dev/ts0710mux7 cmux_write:AT+CGDCONT=?:len=13
D/PHONESERVER(  140): Receive thread's TID [266] CHMNG:  receive data thread :mux=/dev/ts0710mux7:input:+CGDCONT:(1-11),"IP",,,(0,1),(0,1)
D/PHONESERVER(  140): pty_write get lock
D/PHONESERVER(  140): PS_PTY:/dev/CHNPTY13   write :
D/PHONESERVER(  140): +CGDCONT:(1-11),"IP",,,(0,1),(0,1)
D/PHONESERVER(  140): 
D/PHONESERVER(  140): pty_write free lock
D/PHONESERVER(  140): Receive thread's TID [266] MUX :/dev/ts0710mux7 Waiting for resp  
D/PHONESERVER(  140): Receive thread's TID [266] CHMNG:  receive data thread :mux=/dev/ts0710mux7:input:OK
D/PHONESERVER(  140): PS_CMUX cmux_deregist_cmd_callback cmux:/dev/ts0710mux7
D/PHONESERVER(  140): pty_write get lock
D/PHONESERVER(  140): PS_PTY:/dev/CHNPTY13   write :
D/PHONESERVER(  140): OK
D/PHONESERVER(  140): 
D/SPRDENG (  144): eng_modem2server: use SIM1 /dev/CHNPTY13
D/SPRDENG (  144): AT < 
D/SPRDENG (  144): +CGDCONT:(1-11),"IP",,,(0,1),(0,1)
D/SPRDENG (  144): 
D/SPRDENG (  144): OK
D/SPRDENG (  144): 
E/SMD     (   87): After the Modem Read select 
E/SMD     (   87): Read 44 chars from SMD Modem file fd = 11
E/SMD     (   87):  Message: 
E/SMD     (   87): +CGDCONT:(1-11),"IP",,,(0,1),(0,1)
E/SMD     (   87): 
E/SMD     (   87): OK
E/SMD     (   87): _R1.5.6
E/SMD     (   87): 
E/SMD     (   87): 
E/SMD     (   87): S7568ZMMH2
E/SMD     (   87): 
E/SMD     (   87): 
E/SMD     (   87): GT-S7568
E/SMD     (   87): 
E/SMD     (   87): 
E/SMD     (   87): CP_HW_VER
E/SMD     (   87): 
E/SMD     (   87): 
E/SMD     (   87): 08-28-2013 12:11:48
E/SMD     (   87): 
E/SMD     (   87): OK
E/SMD     (   87): 
E/SMD     (   87): Before the Modem Read select 
E/DataRouter(   85): [socket:17]******* Received data notification *******
E/DataRouter(   85): [socket:17]read socket data[len:44]
E/DataRouter(   85): [socket:17]read socket data[message:
E/DataRouter(   85): +CGDCONT:(1-11),"IP",,,(0,1),(0,1)
E/DataRouter(   85): 
E/DataRouter(   85): OK
E/DataRouter(   85): 
E/DataRouter(   85): write [44] bytes of data to USB fd[13]
E/DataRouter(   85): [socket:17]dr_usb_write
D/PHONESERVER(  140): pty_write free lock
E/SMD     (   87): Wrote 1 chars to SMD PORT fd=11 ch = d
D/PHONESERVER(  140): [275] before timeout (1408327813)
D/PHONESERVER(  140): CHNMNG enter channel_manager_free_cmux cmux=/dev/ts0710mux7 
D/PHONESERVER(  140): CHNMNG enter channel_manager_free_cmux pty=0x37964 
D/PHONESERVER(  140): [266] Before remove wait array
D/PHONESERVER(  140): [0]:275 
D/PHONESERVER(  140): 
D/PHONESERVER(  140): [266] After remove wait array
D/PHONESERVER(  140): 
D/PHONESERVER(  140): Enter select_send_thread_run
D/PHONESERVER(  140): Leave select_send_thread_run
D/PHONESERVER(  140): CHNMNG Leave channel_manager_free_cmux cmux=/dev/ts0710mux7 
D/PHONESERVER(  140): [266] before signal (1408327813)
D/PHONESERVER(  140): [266] after signal (1408327813)
D/PHONESERVER(  140): Receive thread's TID [266] MUX :/dev/ts0710mux7 Waiting for resp  
D/PHONESERVER(  140): [275] after timeout (1408327813)
D/PHONESERVER(  140): phoneserver mux adapt: generic cmd AT+CGDCONT=?
E/DataRouter(   85): Before the usb select 
E/DataRouter(   85): After the usb select 
E/DataRouter(   85): read usb data[len:1]
E/DataRouter(   85): read usb data message:A
E/SMD     (   87): ***Received data notification[DR->SMD]***
E/SMD     (   87): Message:A
E/SMD     (   87): Sending data to SMD: Len = [1]
E/SMD     (   87):  buffer = [A]
E/SMD     (   87): Wrote 1 chars to SMD PORT fd=11 ch = 41
E/DataRouter(   85): Before the usb select 
E/DataRouter(   85): After the usb select 
E/DataRouter(   85): read usb data[len:1]
E/DataRouter(   85): read usb data message:T
E/SMD     (   87): ***Received data notification[DR->SMD]***
E/SMD     (   87): Message:T
E/SMD     (   87): Sending data to SMD: Len = [1]
E/SMD     (   87):  buffer = [T]
E/SMD     (   87): Wrote 1 chars to SMD PORT fd=11 ch = 54
E/DataRouter(   85): Before the usb select 
E/DataRouter(   85): After the usb select 
E/DataRouter(   85): read usb data[len:1]
E/DataRouter(   85): read usb data message:+
E/SMD     (   87): ***Received data notification[DR->SMD]***
E/SMD     (   87): Message:+
E/SMD     (   87): Sending data to SMD: Len = [1]
E/SMD     (   87):  buffer = [+]
E/SMD     (   87): Wrote 1 chars to SMD PORT fd=11 ch = 2b
E/DataRouter(   85): Before the usb select 
E/DataRouter(   85): After the usb select 
E/DataRouter(   85): read usb data[len:1]
E/DataRouter(   85): read usb data message:C
E/SMD     (   87): ***Received data notification[DR->SMD]***
E/SMD     (   87): Message:C
E/SMD     (   87): Sending data to SMD: Len = [1]
E/SMD     (   87):  buffer = [C]
E/SMD     (   87): Wrote 1 chars to SMD PORT fd=11 ch = 43
E/DataRouter(   85): Before the usb select 
E/DataRouter(   85): After the usb select 
E/DataRouter(   85): read usb data[len:1]
E/DataRouter(   85): read usb data message:F
E/SMD     (   87): ***Received data notification[DR->SMD]***
E/SMD     (   87): Message:F
E/SMD     (   87): Sending data to SMD: Len = [1]
E/SMD     (   87):  buffer = [F]
E/SMD     (   87): Wrote 1 chars to SMD PORT fd=11 ch = 46
E/DataRouter(   85): Before the usb select 
E/DataRouter(   85): After the usb select 
E/DataRouter(   85): read usb data[len:1]
E/DataRouter(   85): read usb data message:U
E/DataRouter(   85): Before the usb select 
E/SMD     (   87): ***Received data notification[DR->SMD]***
E/SMD     (   87): Message:U
E/SMD     (   87): Sending data to SMD: Len = [1]
E/SMD     (   87):  buffer = [U]
E/SMD     (   87): Wrote 1 chars to SMD PORT fd=11 ch = 55
E/DataRouter(   85): After the usb select 
E/DataRouter(   85): read usb data[len:1]
E/DataRouter(   85): read usb data message:N
E/DataRouter(   85): Before the usb select 
E/SMD     (   87): ***Received data notification[DR->SMD]***
E/SMD     (   87): Message:N
E/SMD     (   87): Sending data to SMD: Len = [1]
E/SMD     (   87):  buffer = [N]
E/SMD     (   87): Wrote 1 chars to SMD PORT fd=11 ch = 4e
E/DataRouter(   85): After the usb select 
E/DataRouter(   85): read usb data[len:1]
E/DataRouter(   85): read usb data message:?
E/SMD     (   87): ***Received data notification[DR->SMD]***
E/SMD     (   87): Message:?
E/SMD     (   87): Sending data to SMD: Len = [1]
E/SMD     (   87):  buffer = [?]
E/SMD     (   87): Wrote 1 chars to SMD PORT fd=11 ch = 3f
E/DataRouter(   85): Before the usb select 
E/DataRouter(   85): After the usb select 
E/DataRouter(   85): read usb data[len:1]
E/DataRouter(   85): read usb data message:
E/DataRouter(   85): Before the usb select 
E/SMD     (   87): ***Received data notification[DR->SMD]***
E/SMD     (   87): Message:
E/SMD     (   87): Sending data to SMD: Len = [1]
E/SMD     (   87):  buffer = []
D/SPRDENG (  144): eng_server2modem: use SIM1 /dev/CHNPTY13
D/SPRDENG (  144): AT > AT+CFUN?
D/PHONESERVER(  140): Send thread's TID [275] CHNMNG:findNextEOL:
D/PHONESERVER(  140): Send thread's TID [275] CHNMNG:end findNextEOL:
E/SMD     (   87): Wrote 1 chars to SMD PORT fd=11 ch = d
D/PHONESERVER(  140): Send thread's TID [275] CHNMNG:findNextEOL:
D/PHONESERVER(  140): Send thread's TID [275] CHNMNG:end findNextEOL:
D/PHONESERVER(  140): Send thread's TID [275] PS_PTY : /dev/CHNPTY13 Received 9 bytes command[AT+CFUN?]
D/PHONESERVER(  140): Send thread TID [275] CHNMNG enter channel_manager_get_cmux 
D/PHONESERVER(  140): Before add wait array pty=0x37964
D/PHONESERVER(  140): Before add wait array
D/PHONESERVER(  140): 
D/PHONESERVER(  140): After add wait array
D/PHONESERVER(  140): [0]:275 
D/PHONESERVER(  140): 
D/PHONESERVER(  140): TYPE: GSM
D/PHONESERVER(  140): Send thread TID [275] CHNMNG Leave channel_manager_get_cmux:/dev/ts0710mux5 
D/PHONESERVER(  140): PS_CMUX cmux_regist_cmd_callback cmux:/dev/ts0710mux5
D/PHONESERVER(  140): PS_CMUX :/dev/ts0710mux5 cmux_write:AT+CFUN?:len=9
D/PHONESERVER(  140): Receive thread's TID [264] CHMNG:  receive data thread :mux=/dev/ts0710mux5:input:+CFUN: 1
D/PHONESERVER(  140): pty_write get lock
D/PHONESERVER(  140): PS_PTY:/dev/CHNPTY13   write :
D/PHONESERVER(  140): +CFUN: 1
D/PHONESERVER(  140): 
D/PHONESERVER(  140): pty_write free lock
D/PHONESERVER(  140): Receive thread's TID [264] MUX :/dev/ts0710mux5 Waiting for resp  
D/PHONESERVER(  140): Receive thread's TID [264] CHMNG:  receive data thread :mux=/dev/ts0710mux5:input:OK
D/PHONESERVER(  140): PS_CMUX cmux_deregist_cmd_callback cmux:/dev/ts0710mux5
D/PHONESERVER(  140): pty_write get lock
D/PHONESERVER(  140): PS_PTY:/dev/CHNPTY13   write :
D/PHONESERVER(  140): OK
D/PHONESERVER(  140): 
D/SPRDENG (  144): eng_modem2server: use SIM1 /dev/CHNPTY13
D/SPRDENG (  144): AT < 
D/SPRDENG (  144): +CFUN: 1
D/SPRDENG (  144): 
D/SPRDENG (  144): OK
D/SPRDENG (  144): 
E/SMD     (   87): After the Modem Read select 
E/SMD     (   87): Read 18 chars from SMD Modem file fd = 11
E/SMD     (   87):  Message: 
E/SMD     (   87): +CFUN: 1
E/SMD     (   87): 
E/SMD     (   87): OK
E/SMD     (   87): "IP",,,(0,1),(0,1)
E/SMD     (   87): 
E/SMD     (   87): OK
E/SMD     (   87): _R1.5.6
E/SMD     (   87): 
E/SMD     (   87): 
E/SMD     (   87): S7568ZMMH2
E/SMD     (   87): 
E/SMD     (   87): 
E/SMD     (   87): GT-S7568
E/SMD     (   87): 
E/SMD     (   87): 
E/SMD     (   87): CP_HW_VER
E/SMD     (   87): 
E/SMD     (   87): 
E/SMD     (   87): 08-28-2013 12:11:48
E/SMD     (   87): 
E/SMD     (   87): OK
E/SMD     (   87): 
E/SMD     (   87): Before the Modem Read select 
E/DataRouter(   85): [socket:17]******* Received data notification *******
E/DataRouter(   85): [socket:17]read socket data[len:18]
E/DataRouter(   85): [socket:17]read socket data[message:
E/DataRouter(   85): +CFUN: 1
E/DataRouter(   85): 
E/DataRouter(   85): OK
E/DataRouter(   85): 
E/DataRouter(   85): write [18] bytes of data to USB fd[13]
E/DataRouter(   85): [socket:17]dr_usb_write
D/PHONESERVER(  140): pty_write free lock
D/PHONESERVER(  140): [275] before timeout (1408327813)
D/PHONESERVER(  140): CHNMNG enter channel_manager_free_cmux cmux=/dev/ts0710mux5 
D/PHONESERVER(  140): CHNMNG enter channel_manager_free_cmux pty=0x37964 
D/PHONESERVER(  140): [264] Before remove wait array
D/PHONESERVER(  140): [0]:275 
D/PHONESERVER(  140): 
D/PHONESERVER(  140): [264] After remove wait array
D/PHONESERVER(  140): 
D/PHONESERVER(  140): Enter select_send_thread_run
D/PHONESERVER(  140): Leave select_send_thread_run
D/PHONESERVER(  140): CHNMNG Leave channel_manager_free_cmux cmux=/dev/ts0710mux5 
D/PHONESERVER(  140): [264] before signal (1408327813)
D/PHONESERVER(  140): [264] after signal (1408327813)
D/PHONESERVER(  140): Receive thread's TID [264] MUX :/dev/ts0710mux5 Waiting for resp  
D/PHONESERVER(  140): [275] after timeout (1408327813)
D/PHONESERVER(  140): phoneserver mux adapt: generic cmd AT+CFUN?
I/Surface (  599): Surface_lockCanvas
E/DataRouter(   85): After the usb select 
E/DataRouter(   85): read usb data[len:1]
E/DataRouter(   85): read usb data message:A
E/SMD     (   87): ***Received data notification[DR->SMD]***
E/SMD     (   87): Message:A
E/SMD     (   87): Sending data to SMD: Len = [1]
E/SMD     (   87):  buffer = [A]
E/SMD     (   87): Wrote 1 chars to SMD PORT fd=11 ch = 41
E/DataRouter(   85): Before the usb select 
E/DataRouter(   85): After the usb select 
E/DataRouter(   85): read usb data[len:1]
E/DataRouter(   85): read usb data message:T
E/SMD     (   87): ***Received data notification[DR->SMD]***
E/SMD     (   87): Message:T
E/SMD     (   87): Sending data to SMD: Len = [1]
E/SMD     (   87):  buffer = [T]
E/SMD     (   87): Wrote 1 chars to SMD PORT fd=11 ch = 54
E/DataRouter(   85): Before the usb select 
E/DataRouter(   85): After the usb select 
E/DataRouter(   85): read usb data[len:1]
E/DataRouter(   85): read usb data message:+
E/DataRouter(   85): Before the usb select 
E/SMD     (   87): ***Received data notification[DR->SMD]***
E/SMD     (   87): Message:+
E/SMD     (   87): Sending data to SMD: Len = [1]
E/SMD     (   87):  buffer = [+]
E/SMD     (   87): Wrote 1 chars to SMD PORT fd=11 ch = 2b
E/DataRouter(   85): After the usb select 
E/DataRouter(   85): read usb data[len:1]
E/DataRouter(   85): read usb data message:C
E/DataRouter(   85): Before the usb select 
E/SMD     (   87): ***Received data notification[DR->SMD]***
E/SMD     (   87): Message:C
E/SMD     (   87): Sending data to SMD: Len = [1]
E/SMD     (   87):  buffer = [C]
E/SMD     (   87): Wrote 1 chars to SMD PORT fd=11 ch = 43
E/DataRouter(   85): After the usb select 
E/DataRouter(   85): read usb data[len:1]
E/DataRouter(   85): read usb data message:P
E/DataRouter(   85): Before the usb select 
E/SMD     (   87): ***Received data notification[DR->SMD]***
E/SMD     (   87): Message:P
E/SMD     (   87): Sending data to SMD: Len = [1]
E/SMD     (   87):  buffer = [P]
E/SMD     (   87): Wrote 1 chars to SMD PORT fd=11 ch = 50
E/DataRouter(   85): After the usb select 
E/DataRouter(   85): read usb data[len:1]
E/DataRouter(   85): read usb data message:I
E/DataRouter(   85): Before the usb select 
E/SMD     (   87): ***Received data notification[DR->SMD]***
E/SMD     (   87): Message:I
E/SMD     (   87): Sending data to SMD: Len = [1]
E/SMD     (   87):  buffer = [I]
E/SMD     (   87): Wrote 1 chars to SMD PORT fd=11 ch = 49
E/DataRouter(   85): After the usb select 
E/DataRouter(   85): read usb data[len:1]
E/DataRouter(   85): read usb data message:N
E/DataRouter(   85): Before the usb select 
E/SMD     (   87): ***Received data notification[DR->SMD]***
E/SMD     (   87): Message:N
E/SMD     (   87): Sending data to SMD: Len = [1]
E/SMD     (   87):  buffer = [N]
E/SMD     (   87): Wrote 1 chars to SMD PORT fd=11 ch = 4e
E/DataRouter(   85): After the usb select 
E/DataRouter(   85): read usb data[len:1]
E/DataRouter(   85): read usb data message:?
E/DataRouter(   85): Before the usb select 
E/SMD     (   87): ***Received data notification[DR->SMD]***
E/SMD     (   87): Message:?
E/SMD     (   87): Sending data to SMD: Len = [1]
E/SMD     (   87):  buffer = [?]
E/SMD     (   87): Wrote 1 chars to SMD PORT fd=11 ch = 3f
E/DataRouter(   85): After the usb select 
E/DataRouter(   85): read usb data[len:1]
E/DataRouter(   85): read usb data message:
E/DataRouter(   85): Before the usb select 
E/SMD     (   87): ***Received data notification[DR->SMD]***
E/SMD     (   87): Message:
E/SMD     (   87): Sending data to SMD: Len = [1]
E/SMD     (   87):  buffer = []
D/SPRDENG (  144): eng_server2modem: use SIM1 /dev/CHNPTY13
D/SPRDENG (  144): AT > AT+CPIN?
D/PHONESERVER(  140): Send thread's TID [275] CHNMNG:findNextEOL:
D/PHONESERVER(  140): Send thread's TID [275] CHNMNG:end findNextEOL:
E/SMD     (   87): Wrote 1 chars to SMD PORT fd=11 ch = d
D/PHONESERVER(  140): Send thread's TID [275] CHNMNG:findNextEOL:
D/PHONESERVER(  140): Send thread's TID [275] CHNMNG:end findNextEOL:
D/PHONESERVER(  140): Send thread's TID [275] PS_PTY : /dev/CHNPTY13 Received 9 bytes command[AT+CPIN?]
D/PHONESERVER(  140): Send thread TID [275] CHNMNG enter channel_manager_get_cmux 
D/PHONESERVER(  140): Before add wait array pty=0x37964
D/PHONESERVER(  140): Before add wait array
D/PHONESERVER(  140): 
D/PHONESERVER(  140): After add wait array
D/PHONESERVER(  140): [0]:275 
D/PHONESERVER(  140): 
D/PHONESERVER(  140): TYPE:SIMM
D/PHONESERVER(  140): Send thread TID [275] CHNMNG Leave channel_manager_get_cmux:/dev/ts0710mux1 
D/PHONESERVER(  140): PS_CMUX cmux_regist_cmd_callback cmux:/dev/ts0710mux1
D/PHONESERVER(  140): PS_CMUX :/dev/ts0710mux1 cmux_write:AT+CPIN?:len=9
D/PHONESERVER(  140): Receive thread's TID [260] CHMNG:  receive data thread :mux=/dev/ts0710mux1:input:+CPIN: READY
D/PHONESERVER(  140): pty_write get lock
D/PHONESERVER(  140): PS_PTY:/dev/CHNPTY13   write :
D/PHONESERVER(  140): +CPIN: READY
D/PHONESERVER(  140): 
D/SPRDENG (  144): eng_modem2server: use SIM1 /dev/CHNPTY13
D/PHONESERVER(  140): pty_write free lock
D/PHONESERVER(  140): Receive thread's TID [260] MUX :/dev/ts0710mux1 Waiting for resp  
D/PHONESERVER(  140): Receive thread's TID [260] CHMNG:  receive data thread :mux=/dev/ts0710mux1:input:OK
D/PHONESERVER(  140): PS_CMUX cmux_deregist_cmd_callback cmux:/dev/ts0710mux1
D/PHONESERVER(  140): pty_write get lock
D/PHONESERVER(  140): PS_PTY:/dev/CHNPTY13   write :
D/PHONESERVER(  140): OK
D/PHONESERVER(  140): 
D/PHONESERVER(  140): pty_write free lock
D/PHONESERVER(  140): [275] before timeout (1408327813)
D/PHONESERVER(  140): CHNMNG enter channel_manager_free_cmux cmux=/dev/ts0710mux1 
D/PHONESERVER(  140): CHNMNG enter channel_manager_free_cmux pty=0x37964 
D/PHONESERVER(  140): [260] Before remove wait array
D/PHONESERVER(  140): [0]:275 
D/PHONESERVER(  140): 
D/PHONESERVER(  140): [260] After remove wait array
D/PHONESERVER(  140): 
D/PHONESERVER(  140): Enter select_send_thread_run
D/PHONESERVER(  140): Leave select_send_thread_run
D/PHONESERVER(  140): CHNMNG Leave channel_manager_free_cmux cmux=/dev/ts0710mux1 
D/PHONESERVER(  140): [260] before signal (1408327813)
D/PHONESERVER(  140): [260] after signal (1408327813)
D/PHONESERVER(  140): Receive thread's TID [260] MUX :/dev/ts0710mux1 Waiting for resp  
D/PHONESERVER(  140): [275] after timeout (1408327813)
D/PHONESERVER(  140): phoneserver mux adapt: generic cmd AT+CPIN?
D/SPRDENG (  144): AT < 
D/SPRDENG (  144): +CPIN: READY
D/SPRDENG (  144): 
D/SPRDENG (  144): OK
D/SPRDENG (  144): 
E/SMD     (   87): After the Modem Read select 
E/SMD     (   87): Read 22 chars from SMD Modem file fd = 11
E/SMD     (   87):  Message: 
E/SMD     (   87): +CPIN: READY
E/SMD     (   87): 
E/SMD     (   87): OK
E/SMD     (   87): ,,,(0,1),(0,1)
E/SMD     (   87): 
E/SMD     (   87): OK
E/SMD     (   87): _R1.5.6
E/SMD     (   87): 
E/SMD     (   87): 
E/SMD     (   87): S7568ZMMH2
E/SMD     (   87): 
E/SMD     (   87): 
E/SMD     (   87): GT-S7568
E/SMD     (   87): 
E/SMD     (   87): 
E/SMD     (   87): CP_HW_VER
E/SMD     (   87): 
E/SMD     (   87): 
E/SMD     (   87): 08-28-2013 12:11:48
E/SMD     (   87): 
E/SMD     (   87): OK
E/SMD     (   87): 
E/SMD     (   87): Before the Modem Read select 
E/DataRouter(   85): [socket:17]******* Received data notification *******
E/DataRouter(   85): [socket:17]read socket data[len:22]
E/DataRouter(   85): [socket:17]read socket data[message:
E/DataRouter(   85): +CPIN: READY
E/DataRouter(   85): 
E/DataRouter(   85): OK
E/DataRouter(   85): 
E/DataRouter(   85): write [22] bytes of data to USB fd[13]
E/DataRouter(   85): [socket:17]dr_usb_write
E/DataRouter(   85): After the usb select 
E/DataRouter(   85): read usb data[len:1]
E/DataRouter(   85): read usb data message:A
E/DataRouter(   85): Before the usb select 
E/SMD     (   87): ***Received data notification[DR->SMD]***
E/SMD     (   87): Message:A
E/SMD     (   87): Sending data to SMD: Len = [1]
E/SMD     (   87):  buffer = [A]
E/SMD     (   87): Wrote 1 chars to SMD PORT fd=11 ch = 41
E/DataRouter(   85): After the usb select 
E/DataRouter(   85): read usb data[len:1]
E/DataRouter(   85): read usb data message:T
E/DataRouter(   85): Before the usb select 
E/SMD     (   87): ***Received data notification[DR->SMD]***
E/SMD     (   87): Message:T
E/SMD     (   87): Sending data to SMD: Len = [1]
E/SMD     (   87):  buffer = [T]
E/SMD     (   87): Wrote 1 chars to SMD PORT fd=11 ch = 54
I/Surface (  599): Surface_lockCanvas
E/DataRouter(   85): After the usb select 
E/DataRouter(   85): read usb data[len:1]
E/DataRouter(   85): read usb data message:+
E/DataRouter(   85): Before the usb select 
E/SMD     (   87): ***Received data notification[DR->SMD]***
E/SMD     (   87): Message:+
E/SMD     (   87): Sending data to SMD: Len = [1]
E/SMD     (   87):  buffer = [+]
E/SMD     (   87): Wrote 1 chars to SMD PORT fd=11 ch = 2b
E/DataRouter(   85): After the usb select 
E/DataRouter(   85): read usb data[len:1]
E/DataRouter(   85): read usb data message:C
E/DataRouter(   85): Before the usb select 
E/SMD     (   87): ***Received data notification[DR->SMD]***
E/SMD     (   87): Message:C
E/SMD     (   87): Sending data to SMD: Len = [1]
E/SMD     (   87):  buffer = [C]
E/SMD     (   87): Wrote 1 chars to SMD PORT fd=11 ch = 43
E/DataRouter(   85): After the usb select 
E/DataRouter(   85): read usb data[len:1]
E/DataRouter(   85): read usb data message:R
E/DataRouter(   85): Before the usb select 
E/SMD     (   87): ***Received data notification[DR->SMD]***
E/SMD     (   87): Message:R
E/SMD     (   87): Sending data to SMD: Len = [1]
E/SMD     (   87):  buffer = [R]
E/SMD     (   87): Wrote 1 chars to SMD PORT fd=11 ch = 52
E/DataRouter(   85): After the usb select 
E/DataRouter(   85): read usb data[len:1]
E/DataRouter(   85): read usb data message:S
E/DataRouter(   85): Before the usb select 
E/SMD     (   87): ***Received data notification[DR->SMD]***
E/SMD     (   87): Message:S
E/SMD     (   87): Sending data to SMD: Len = [1]
E/SMD     (   87):  buffer = [S]
E/SMD     (   87): Wrote 1 chars to SMD PORT fd=11 ch = 53
E/DataRouter(   85): After the usb select 
E/DataRouter(   85): read usb data[len:1]
E/DataRouter(   85): read usb data message:M
E/DataRouter(   85): Before the usb select 
E/SMD     (   87): ***Received data notification[DR->SMD]***
E/SMD     (   87): Message:M
E/SMD     (   87): Sending data to SMD: Len = [1]
E/SMD     (   87):  buffer = [M]
E/SMD     (   87): Wrote 1 chars to SMD PORT fd=11 ch = 4d
E/DataRouter(   85): After the usb select 
E/DataRouter(   85): read usb data[len:1]
E/DataRouter(   85): read usb data message:=
E/DataRouter(   85): Before the usb select 
E/SMD     (   87): ***Received data notification[DR->SMD]***
E/SMD     (   87): Message:=
E/SMD     (   87): Sending data to SMD: Len = [1]
E/SMD     (   87):  buffer = [=]
E/SMD     (   87): Wrote 1 chars to SMD PORT fd=11 ch = 3d
E/DataRouter(   85): After the usb select 
E/DataRouter(   85): read usb data[len:1]
E/DataRouter(   85): read usb data message:1
E/DataRouter(   85): Before the usb select 
E/SMD     (   87): ***Received data notification[DR->SMD]***
E/SMD     (   87): Message:1
E/SMD     (   87): Sending data to SMD: Len = [1]
E/SMD     (   87):  buffer = [1]
E/SMD     (   87): Wrote 1 chars to SMD PORT fd=11 ch = 31
E/DataRouter(   85): After the usb select 
E/DataRouter(   85): read usb data[len:1]
E/DataRouter(   85): read usb data message:7
E/DataRouter(   85): Before the usb select 
E/SMD     (   87): ***Received data notification[DR->SMD]***
E/SMD     (   87): Message:7
E/SMD     (   87): Sending data to SMD: Len = [1]
E/SMD     (   87):  buffer = [7]
E/SMD     (   87): Wrote 1 chars to SMD PORT fd=11 ch = 37
E/DataRouter(   85): After the usb select 
E/DataRouter(   85): read usb data[len:1]
E/DataRouter(   85): read usb data message:6
E/DataRouter(   85): Before the usb select 
E/SMD     (   87): ***Received data notification[DR->SMD]***
E/SMD     (   87): Message:6
E/SMD     (   87): Sending data to SMD: Len = [1]
E/SMD     (   87):  buffer = [6]
E/SMD     (   87): Wrote 1 chars to SMD PORT fd=11 ch = 36
E/DataRouter(   85): After the usb select 
E/DataRouter(   85): read usb data[len:1]
E/DataRouter(   85): read usb data message:,
E/DataRouter(   85): Before the usb select 
E/SMD     (   87): ***Received data notification[DR->SMD]***
E/SMD     (   87): Message:,
E/SMD     (   87): Sending data to SMD: Len = [1]
E/SMD     (   87):  buffer = [,]
E/SMD     (   87): Wrote 1 chars to SMD PORT fd=11 ch = 2c
E/DataRouter(   85): After the usb select 
E/DataRouter(   85): read usb data[len:1]
E/DataRouter(   85): read usb data message:1
E/DataRouter(   85): Before the usb select 
E/SMD     (   87): ***Received data notification[DR->SMD]***
E/SMD     (   87): Message:1
E/SMD     (   87): Sending data to SMD: Len = [1]
E/SMD     (   87):  buffer = [1]
E/SMD     (   87): Wrote 1 chars to SMD PORT fd=11 ch = 31
E/DataRouter(   85): After the usb select 
E/DataRouter(   85): read usb data[len:1]
E/DataRouter(   85): read usb data message:2
E/DataRouter(   85): Before the usb select 
E/SMD     (   87): ***Received data notification[DR->SMD]***
E/SMD     (   87): Message:2
E/SMD     (   87): Sending data to SMD: Len = [1]
E/SMD     (   87):  buffer = [2]
E/SMD     (   87): Wrote 1 chars to SMD PORT fd=11 ch = 32
E/DataRouter(   85): After the usb select 
E/DataRouter(   85): read usb data[len:1]
E/DataRouter(   85): read usb data message:2
E/DataRouter(   85): Before the usb select 
E/SMD     (   87): ***Received data notification[DR->SMD]***
E/SMD     (   87): Message:2
E/SMD     (   87): Sending data to SMD: Len = [1]
E/SMD     (   87):  buffer = [2]
E/SMD     (   87): Wrote 1 chars to SMD PORT fd=11 ch = 32
E/DataRouter(   85): After the usb select 
E/DataRouter(   85): read usb data[len:2]
E/DataRouter(   85): read usb data message:58
E/DataRouter(   85): Before the usb select 
E/SMD     (   87): ***Received data notification[DR->SMD]***
E/SMD     (   87): Path set is DATA_PATH_DR_SMD_MANAGER
E/SMD     (   87): Message:58
E/SMD     (   87): Sending data to SMD: Len = [2]
E/SMD     (   87):  buffer = [58]
E/SMD     (   87): Wrote 2 chars to SMD PORT fd=11 ch = 35
I/Surface (  599): Surface_lockCanvas
E/DataRouter(   85): After the usb select 
E/DataRouter(   85): read usb data[len:1]
E/DataRouter(   85): read usb data message:,
E/DataRouter(   85): Before the usb select 
E/SMD     (   87): ***Received data notification[DR->SMD]***
E/SMD     (   87): Message:,
E/SMD     (   87): Sending data to SMD: Len = [1]
E/SMD     (   87):  buffer = [,]
E/SMD     (   87): Wrote 1 chars to SMD PORT fd=11 ch = 2c
E/DataRouter(   85): After the usb select 
E/DataRouter(   85): read usb data[len:1]
E/DataRouter(   85): read usb data message:0
E/DataRouter(   85): Before the usb select 
E/SMD     (   87): ***Received data notification[DR->SMD]***
E/SMD     (   87): Message:0
E/SMD     (   87): Sending data to SMD: Len = [1]
E/SMD     (   87):  buffer = [0]
E/SMD     (   87): Wrote 1 chars to SMD PORT fd=11 ch = 30
E/DataRouter(   85): After the usb select 
E/DataRouter(   85): read usb data[len:1]
E/DataRouter(   85): read usb data message:,
E/DataRouter(   85): Before the usb select 
E/SMD     (   87): ***Received data notification[DR->SMD]***
E/SMD     (   87): Message:,
E/SMD     (   87): Sending data to SMD: Len = [1]
E/SMD     (   87):  buffer = [,]
E/SMD     (   87): Wrote 1 chars to SMD PORT fd=11 ch = 2c
E/DataRouter(   85): After the usb select 
E/DataRouter(   85): read usb data[len:1]
E/DataRouter(   85): read usb data message:0
E/DataRouter(   85): Before the usb select 
E/SMD     (   87): ***Received data notification[DR->SMD]***
E/SMD     (   87): Message:0
E/SMD     (   87): Sending data to SMD: Len = [1]
E/SMD     (   87):  buffer = [0]
E/SMD     (   87): Wrote 1 chars to SMD PORT fd=11 ch = 30
E/DataRouter(   85): After the usb select 
E/DataRouter(   85): read usb data[len:1]
E/DataRouter(   85): read usb data message:,
E/DataRouter(   85): Before the usb select 
E/SMD     (   87): ***Received data notification[DR->SMD]***
E/SMD     (   87): Message:,
E/SMD     (   87): Sending data to SMD: Len = [1]
E/SMD     (   87):  buffer = [,]
E/SMD     (   87): Wrote 1 chars to SMD PORT fd=11 ch = 2c
E/DataRouter(   85): After the usb select 
E/DataRouter(   85): read usb data[len:1]
E/DataRouter(   85): read usb data message:1
E/DataRouter(   85): Before the usb select 
E/SMD     (   87): ***Received data notification[DR->SMD]***
E/SMD     (   87): Message:1
E/SMD     (   87): Sending data to SMD: Len = [1]
E/SMD     (   87):  buffer = [1]
E/SMD     (   87): Wrote 1 chars to SMD PORT fd=11 ch = 31
E/CscReceiver( 1641): onReceive android.intent.action.SIM_STATE_CHANGED
E/DataRouter(   85): After the usb select 
E/DataRouter(   85): read usb data[len:1]
E/DataRouter(   85): read usb data message:0
E/SMD     (   87): ***Received data notification[DR->SMD]***
E/SMD     (   87): Message:0
E/SMD     (   87): Sending data to SMD: Len = [1]
E/SMD     (   87):  buffer = [0]
E/SMD     (   87): Wrote 1 chars to SMD PORT fd=11 ch = 30
E/DataRouter(   85): Before the usb select 
E/DataRouter(   85): After the usb select 
E/DataRouter(   85): read usb data[len:1]
E/DataRouter(   85): read usb data message:
E/DataRouter(   85): Before the usb select 
E/SMD     (   87): ***Received data notification[DR->SMD]***
E/SMD     (   87): Message:
E/SMD     (   87): Sending data to SMD: Len = [1]
E/SMD     (   87):  buffer = []
D/SPRDENG (  144): eng_server2modem: use SIM1 /dev/CHNPTY13
D/SPRDENG (  144): AT > AT+CRSM=176,12258,0,0,10
D/PHONESERVER(  140): Send thread's TID [275] CHNMNG:findNextEOL:
D/PHONESERVER(  140): Send thread's TID [275] CHNMNG:end findNextEOL:
E/SMD     (   87): Wrote 1 chars to SMD PORT fd=11 ch = d
D/PHONESERVER(  140): Send thread's TID [275] CHNMNG:findNextEOL:
D/PHONESERVER(  140): Send thread's TID [275] CHNMNG:end findNextEOL:
D/PHONESERVER(  140): Send thread's TID [275] PS_PTY : /dev/CHNPTY13 Received 25 bytes command[AT+CRSM=176,12258,0,0,10]
D/PHONESERVER(  140): Send thread TID [275] CHNMNG enter channel_manager_get_cmux 
D/PHONESERVER(  140): Before add wait array pty=0x37964
D/PHONESERVER(  140): Before add wait array
D/PHONESERVER(  140): 
D/PHONESERVER(  140): After add wait array
D/PHONESERVER(  140): [0]:275 
D/PHONESERVER(  140): 
D/PHONESERVER(  140): TYPE:SIMM
D/PHONESERVER(  140): Send thread TID [275] CHNMNG Leave channel_manager_get_cmux:/dev/ts0710mux1 
D/PHONESERVER(  140): PS_CMUX cmux_regist_cmd_callback cmux:/dev/ts0710mux1
D/PHONESERVER(  140): PS_CMUX :/dev/ts0710mux1 cmux_write:AT+CRSM=176,12258,0,0,10:len=25
D/SPRDENG (  144): eng_modem2server: use SIM1 /dev/CHNPTY13
D/PHONESERVER(  140): [275] before timeout (1408327813)
D/CscReceiver( 1641): Recieve Sim State Changed : LOADED
E/CscFota ( 1641): CscFota update()
I/Surface (  599): Surface_lockCanvas
E/CscParser( 1641): update(): xml file exist
I/System.out( 1811): DefaultRequestDirect http execute loop END! 
I/System.out( 1811): DefaultRequestDirect http execute loop END, status 200
I/System.out( 1811): DefaultRequestDirect http execute return response! 
I/Surface (  599): Surface_lockCanvas
D/PHONESERVER(  140): Receive thread's TID [260] CHMNG:  receive data thread :mux=/dev/ts0710mux1:input:+CRSM: 144,0,98680086023105103308
D/PHONESERVER(  140): pty_write get lock
D/PHONESERVER(  140): PS_PTY:/dev/CHNPTY13   write :
D/PHONESERVER(  140): +CRSM: 144,0,98680086023105103308
D/PHONESERVER(  140): 
D/PHONESERVER(  140): pty_write free lock
D/PHONESERVER(  140): Receive thread's TID [260] MUX :/dev/ts0710mux1 Waiting for resp  
D/PHONESERVER(  140): Receive thread's TID [260] CHMNG:  receive data thread :mux=/dev/ts0710mux1:input:OK
D/PHONESERVER(  140): PS_CMUX cmux_deregist_cmd_callback cmux:/dev/ts0710mux1
D/PHONESERVER(  140): pty_write get lock
D/PHONESERVER(  140): PS_PTY:/dev/CHNPTY13   write :
D/PHONESERVER(  140): OK
D/PHONESERVER(  140): 
D/SPRDENG (  144): AT < 
D/SPRDENG (  144): +CRSM: 144,0,98680086023105103308
D/SPRDENG (  144): 
D/SPRDENG (  144): OK
D/SPRDENG (  144): 
E/SMD     (   87): After the Modem Read select 
E/SMD     (   87): Read 43 chars from SMD Modem file fd = 11
E/SMD     (   87):  Message: 
E/SMD     (   87): +CRSM: 144,0,98680086023105103308
E/SMD     (   87): 
E/SMD     (   87): OK
E/SMD     (   87): 
E/SMD     (   87): _R1.5.6
E/SMD     (   87): 
E/SMD     (   87): 
E/SMD     (   87): S7568ZMMH2
E/SMD     (   87): 
E/SMD     (   87): 
E/SMD     (   87): GT-S7568
E/SMD     (   87): 
E/SMD     (   87): 
E/SMD     (   87): CP_HW_VER
E/SMD     (   87): 
E/SMD     (   87): 
E/SMD     (   87): 08-28-2013 12:11:48
E/SMD     (   87): 
E/SMD     (   87): OK
E/SMD     (   87): 
E/SMD     (   87): Before the Modem Read select 
E/DataRouter(   85): [socket:17]******* Received data notification *******
E/DataRouter(   85): [socket:17]read socket data[len:43]
E/DataRouter(   85): [socket:17]read socket data[message:
E/DataRouter(   85): +CRSM: 144,0,98680086023105103308
E/DataRouter(   85): 
E/DataRouter(   85): OK
E/DataRouter(   85): 
E/DataRouter(   85): write [43] bytes of data to USB fd[13]
E/DataRouter(   85): [socket:17]dr_usb_write
D/PHONESERVER(  140): pty_write free lock
D/PHONESERVER(  140): CHNMNG enter channel_manager_free_cmux cmux=/dev/ts0710mux1 
D/PHONESERVER(  140): CHNMNG enter channel_manager_free_cmux pty=0x37964 
D/PHONESERVER(  140): [260] Before remove wait array
D/PHONESERVER(  140): [0]:275 
D/PHONESERVER(  140): 
D/PHONESERVER(  140): [260] After remove wait array
D/PHONESERVER(  140): 
D/PHONESERVER(  140): Enter select_send_thread_run
D/PHONESERVER(  140): Leave select_send_thread_run
D/PHONESERVER(  140): CHNMNG Leave channel_manager_free_cmux cmux=/dev/ts0710mux1 
D/PHONESERVER(  140): [260] before signal (1408327813)
D/PHONESERVER(  140): [260] after signal (1408327813)
D/PHONESERVER(  140): Receive thread's TID [260] MUX :/dev/ts0710mux1 Waiting for resp  
D/PHONESERVER(  140): [275] after timeout (1408327813)
D/PHONESERVER(  140): phoneserver mux adapt: generic cmd AT+CRSM=176,12258,0,0,10
E/DataRouter(   85): After the usb select 
E/DataRouter(   85): read usb data[len:1]
E/DataRouter(   85): read usb data message:A
E/DataRouter(   85): Before the usb select 
E/SMD     (   87): ***Received data notification[DR->SMD]***
E/SMD     (   87): Message:A
E/SMD     (   87): Sending data to SMD: Len = [1]
E/SMD     (   87):  buffer = [A]
E/SMD     (   87): Wrote 1 chars to SMD PORT fd=11 ch = 41
I/Surface (  599): Surface_lockCanvas
E/DataRouter(   85): After the usb select 
E/DataRouter(   85): read usb data[len:1]
E/DataRouter(   85): read usb data message:T
E/DataRouter(   85): Before the usb select 
E/SMD     (   87): ***Received data notification[DR->SMD]***
E/SMD     (   87): Message:T
E/SMD     (   87): Sending data to SMD: Len = [1]
E/SMD     (   87):  buffer = [T]
E/SMD     (   87): Wrote 1 chars to SMD PORT fd=11 ch = 54
E/DataRouter(   85): After the usb select 
E/DataRouter(   85): read usb data[len:1]
E/DataRouter(   85): read usb data message:+
E/DataRouter(   85): Before the usb select 
E/SMD     (   87): ***Received data notification[DR->SMD]***
E/SMD     (   87): Message:+
E/SMD     (   87): Sending data to SMD: Len = [1]
E/SMD     (   87):  buffer = [+]
E/SMD     (   87): Wrote 1 chars to SMD PORT fd=11 ch = 2b
E/DataRouter(   85): After the usb select 
E/DataRouter(   85): read usb data[len:1]
E/DataRouter(   85): read usb data message:C
E/DataRouter(   85): Before the usb select 
E/SMD     (   87): ***Received data notification[DR->SMD]***
E/SMD     (   87): Message:C
E/SMD     (   87): Sending data to SMD: Len = [1]
E/SMD     (   87):  buffer = [C]
E/SMD     (   87): Wrote 1 chars to SMD PORT fd=11 ch = 43
E/DataRouter(   85): After the usb select 
E/DataRouter(   85): read usb data[len:1]
E/DataRouter(   85): read usb data message:I
E/DataRouter(   85): Before the usb select 
E/SMD     (   87): ***Received data notification[DR->SMD]***
E/SMD     (   87): Message:I
E/SMD     (   87): Sending data to SMD: Len = [1]
E/SMD     (   87):  buffer = [I]
E/SMD     (   87): Wrote 1 chars to SMD PORT fd=11 ch = 49
E/DataRouter(   85): After the usb select 
E/DataRouter(   85): read usb data[len:1]
E/DataRouter(   85): read usb data message:M
E/DataRouter(   85): Before the usb select 
E/SMD     (   87): ***Received data notification[DR->SMD]***
E/SMD     (   87): Message:M
E/SMD     (   87): Sending data to SMD: Len = [1]
E/SMD     (   87):  buffer = [M]
E/SMD     (   87): Wrote 1 chars to SMD PORT fd=11 ch = 4d
E/DataRouter(   85): After the usb select 
E/DataRouter(   85): read usb data[len:1]
E/DataRouter(   85): read usb data message:I
E/DataRouter(   85): Before the usb select 
E/SMD     (   87): ***Received data notification[DR->SMD]***
E/SMD     (   87): Message:I
E/SMD     (   87): Sending data to SMD: Len = [1]
E/SMD     (   87):  buffer = [I]
